Component: ARM Compiler 5.05 update 2 (build 169) Tool: armlink [4d0f33]

==============================================================================

Section Cross References

    main.o(i.assert_nrf_callback) refers to app_error.o(i.app_error_handler) for app_error_handler
    main.o(i.battery_level_meas_timeout_handler) refers to sensorsim.o(i.sensorsim_measure) for sensorsim_measure
    main.o(i.battery_level_meas_timeout_handler) refers to ble_bas.o(i.ble_bas_battery_level_update) for ble_bas_battery_level_update
    main.o(i.battery_level_meas_timeout_handler) refers to app_error.o(i.app_error_handler) for app_error_handler
    main.o(i.battery_level_meas_timeout_handler) refers to main.o(.bss) for .bss
    main.o(i.battery_level_meas_timeout_handler) refers to main.o(.data) for .data
    main.o(i.ble_evt_dispatch) refers to device_manager_peripheral.o(i.dm_ble_evt_handler) for dm_ble_evt_handler
    main.o(i.ble_evt_dispatch) refers to ble_gls.o(i.ble_gls_on_ble_evt) for ble_gls_on_ble_evt
    main.o(i.ble_evt_dispatch) refers to ble_bas.o(i.ble_bas_on_ble_evt) for ble_bas_on_ble_evt
    main.o(i.ble_evt_dispatch) refers to ble_conn_params.o(i.ble_conn_params_on_ble_evt) for ble_conn_params_on_ble_evt
    main.o(i.ble_evt_dispatch) refers to bsp_btn_ble.o(i.bsp_btn_ble_on_ble_evt) for bsp_btn_ble_on_ble_evt
    main.o(i.ble_evt_dispatch) refers to ble_advertising.o(i.ble_advertising_on_ble_evt) for ble_advertising_on_ble_evt
    main.o(i.ble_evt_dispatch) refers to main.o(.bss) for .bss
    main.o(i.ble_stack_init) refers to softdevice_handler.o(i.softdevice_handler_init) for softdevice_handler_init
    main.o(i.ble_stack_init) refers to app_error.o(i.app_error_handler) for app_error_handler
    main.o(i.ble_stack_init) refers to softdevice_handler.o(i.softdevice_ble_evt_handler_set) for softdevice_ble_evt_handler_set
    main.o(i.ble_stack_init) refers to softdevice_handler.o(i.softdevice_sys_evt_handler_set) for softdevice_sys_evt_handler_set
    main.o(i.ble_stack_init) refers to main.o(.bss) for .bss
    main.o(i.ble_stack_init) refers to main.o(i.ble_evt_dispatch) for ble_evt_dispatch
    main.o(i.ble_stack_init) refers to main.o(i.sys_evt_dispatch) for sys_evt_dispatch
    main.o(i.bsp_event_handler) refers to main.o(i.read_History_measurement) for read_History_measurement
    main.o(i.bsp_event_handler) refers to main.o(i.sleep_mode_enter) for sleep_mode_enter
    main.o(i.bsp_event_handler) refers to app_error.o(i.app_error_handler) for app_error_handler
    main.o(i.bsp_event_handler) refers to ble_advertising.o(i.ble_advertising_restart_without_whitelist) for ble_advertising_restart_without_whitelist
    main.o(i.bsp_event_handler) refers to main.o(.data) for .data
    main.o(i.conn_params_error_handler) refers to app_error.o(i.app_error_handler) for app_error_handler
    main.o(i.device_manager_evt_handler) refers to memcpya.o(.text) for __aeabi_memcpy
    main.o(i.device_manager_evt_handler) refers to app_error.o(i.app_error_handler) for app_error_handler
    main.o(i.device_manager_evt_handler) refers to app_timer.o(i.app_timer_start) for app_timer_start
    main.o(i.device_manager_evt_handler) refers to main.o(.data) for .data
    main.o(i.device_manager_init) refers to pstorage.o(i.pstorage_init) for pstorage_init
    main.o(i.device_manager_init) refers to app_error.o(i.app_error_handler) for app_error_handler
    main.o(i.device_manager_init) refers to device_manager_peripheral.o(i.dm_init) for dm_init
    main.o(i.device_manager_init) refers to memseta.o(.text) for __aeabi_memclr
    main.o(i.device_manager_init) refers to device_manager_peripheral.o(i.dm_register) for dm_register
    main.o(i.device_manager_init) refers to main.o(i.device_manager_evt_handler) for device_manager_evt_handler
    main.o(i.device_manager_init) refers to main.o(.data) for .data
    main.o(i.gap_params_init) refers to app_error.o(i.app_error_handler) for app_error_handler
    main.o(i.main) refers to main.o(i.timers_init) for timers_init
    main.o(i.main) refers to app_uart_fifo.o(i.app_uart_init) for app_uart_init
    main.o(i.main) refers to app_error.o(i.app_error_handler) for app_error_handler
    main.o(i.main) refers to bsp.o(i.bsp_init) for bsp_init
    main.o(i.main) refers to bsp_btn_ble.o(i.bsp_btn_ble_init) for bsp_btn_ble_init
    main.o(i.main) refers to main.o(i.ble_stack_init) for ble_stack_init
    main.o(i.main) refers to main.o(i.device_manager_init) for device_manager_init
    main.o(i.main) refers to main.o(i.gap_params_init) for gap_params_init
    main.o(i.main) refers to memseta.o(.text) for __aeabi_memclr4
    main.o(i.main) refers to ble_advertising.o(i.ble_advertising_init) for ble_advertising_init
    main.o(i.main) refers to main.o(i.services_init) for services_init
    main.o(i.main) refers to sensorsim.o(i.sensorsim_init) for sensorsim_init
    main.o(i.main) refers to ble_conn_params.o(i.ble_conn_params_init) for ble_conn_params_init
[...]
    i.ble_srv_report_ref_encode              0x00019824   Section        0  ble_srv_common.o(i.ble_srv_report_ref_encode)
    i.ble_stack_init                         0x00019830   Section        0  main.o(i.ble_stack_init)
    ble_stack_init                           0x00019831   Thumb Code    90  main.o(i.ble_stack_init)
    i.bond_data_load                         0x00019898   Section        0  device_manager_peripheral.o(i.bond_data_load)
    i.bsp_btn_ble_init                       0x000198e0   Section        0  bsp_btn_ble.o(i.bsp_btn_ble_init)
    i.bsp_btn_ble_on_ble_evt                 0x00019934   Section        0  bsp_btn_ble.o(i.bsp_btn_ble_on_ble_evt)
    i.bsp_btn_ble_sleep_mode_prepare         0x000199ac   Section        0  bsp_btn_ble.o(i.bsp_btn_ble_sleep_mode_prepare)
    i.bsp_button_event_handler               0x000199c0   Section        0  bsp.o(i.bsp_button_event_handler)
    bsp_button_event_handler                 0x000199c1   Thumb Code   144  bsp.o(i.bsp_button_event_handler)
    i.bsp_button_is_pressed                  0x00019a5c   Section        0  bsp.o(i.bsp_button_is_pressed)
    i.bsp_event_handler                      0x00019a88   Section        0  main.o(i.bsp_event_handler)
    bsp_event_handler                        0x00019a89   Thumb Code    64  main.o(i.bsp_event_handler)
    i.bsp_event_to_button_action_assign      0x00019acc   Section        0  bsp.o(i.bsp_event_to_button_action_assign)
    i.bsp_indication_set                     0x00019b14   Section        0  bsp.o(i.bsp_indication_set)
    i.bsp_init                               0x00019b30   Section        0  bsp.o(i.bsp_init)
    i.bsp_led_indication                     0x00019bd0   Section        0  bsp.o(i.bsp_led_indication)
    bsp_led_indication                       0x00019bd1   Thumb Code   482  bsp.o(i.bsp_led_indication)
    i.bsp_wakeup_buttons_set                 0x00019dc0   Section        0  bsp.o(i.bsp_wakeup_buttons_set)
    i.button_timer_handler                   0x00019dfc   Section        0  bsp.o(i.button_timer_handler)
    button_timer_handler                     0x00019dfd   Thumb Code    12  bsp.o(i.button_timer_handler)
    i.channel_free                           0x00019e08   Section        0  nrf_drv_gpiote.o(i.channel_free)
    channel_free                             0x00019e09   Thumb Code    24  nrf_drv_gpiote.o(i.channel_free)
    i.channel_port_alloc                     0x00019e24   Section        0  nrf_drv_gpiote.o(i.channel_port_alloc)
    channel_port_alloc                       0x00019e25   Thumb Code    70  nrf_drv_gpiote.o(i.channel_port_alloc)
    i.channel_port_get                       0x00019e70   Section        0  nrf_drv_gpiote.o(i.channel_port_get)
    channel_port_get                         0x00019e71   Thumb Code    10  nrf_drv_gpiote.o(i.channel_port_get)
    i.char_add                               0x00019e80   Section        0  ble_dis.o(i.char_add)
    char_add                                 0x00019e81   Thumb Code   156  ble_dis.o(i.char_add)
    i.cmd_process                            0x00019f20   Section        0  pstorage.o(i.cmd_process)
    cmd_process                              0x00019f21   Thumb Code   238  pstorage.o(i.cmd_process)
    i.cmd_queue_dequeue                      0x0001a018   Section        0  pstorage.o(i.cmd_queue_dequeue)
    cmd_queue_dequeue                        0x0001a019   Thumb Code    34  pstorage.o(i.cmd_queue_dequeue)
    i.cmd_queue_element_init                 0x0001a040   Section        0  pstorage.o(i.cmd_queue_element_init)
    cmd_queue_element_init                   0x0001a041   Thumb Code    26  pstorage.o(i.cmd_queue_element_init)
    i.cmd_queue_enqueue                      0x0001a060   Section        0  pstorage.o(i.cmd_queue_enqueue)
    cmd_queue_enqueue                        0x0001a061   Thumb Code    80  pstorage.o(i.cmd_queue_enqueue)
    i.compare_reg_update                     0x0001a0b4   Section        0  app_timer.o(i.compare_reg_update)
    compare_reg_update                       0x0001a0b5   Thumb Code   140  app_timer.o(i.compare_reg_update)
    i.conn_int_encode                        0x0001a158   Section        0  ble_advdata.o(i.conn_int_encode)
    conn_int_encode                          0x0001a159   Thumb Code   126  ble_advdata.o(i.conn_int_encode)
    i.conn_params_error_handler              0x0001a1dc   Section        0  main.o(i.conn_params_error_handler)
    conn_params_error_handler                0x0001a1dd   Thumb Code    12  main.o(i.conn_params_error_handler)
    i.conn_params_negotiation                0x0001a1e8   Section        0  ble_conn_params.o(i.conn_params_negotiation)
    conn_params_negotiation                  0x0001a1e9   Thumb Code    90  ble_conn_params.o(i.conn_params_negotiation)
    i.connection_instance_find               0x0001a24c   Section        0  device_manager_peripheral.o(i.connection_instance_find)
    connection_instance_find                 0x0001a24d   Thumb Code    38  device_manager_peripheral.o(i.connection_instance_find)
    i.connection_instance_init               0x0001a27c   Section        0  device_manager_peripheral.o(i.connection_instance_init)
    connection_instance_init                 0x0001a27d   Thumb Code    30  device_manager_peripheral.o(i.connection_instance_init)
    i.detection_delay_timeout_handler        0x0001a2a0   Section        0  app_button.o(i.detection_delay_timeout_handler)
    detection_delay_timeout_handler          0x0001a2a1   Thumb Code    90  app_button.o(i.detection_delay_timeout_handler)
    i.device_context_store                   0x0001a300   Section        0  device_manager_peripheral.o(i.device_context_store)
    device_context_store                     0x0001a301   Thumb Code   152  device_manager_peripheral.o(i.device_context_store)
    i.device_instance_allocate               0x0001a3b0   Section        0  device_manager_peripheral.o(i.device_instance_allocate)
    device_instance_allocate                 0x0001a3b1   Thumb Code    74  device_manager_peripheral.o(i.device_instance_allocate)
    i.device_instance_find                   0x0001a404   Section        0  device_manager_peripheral.o(i.device_instance_find)
    device_instance_find                     0x0001a405   Thumb Code    68  device_manager_peripheral.o(i.device_instance_find)
    i.device_instance_free                   0x0001a44c   Section        0  device_manager_peripheral.o(i.device_instance_free)
    device_instance_free                     0x0001a44d   Thumb Code    40  device_manager_peripheral.o(i.device_instance_free)
    i.device_manager_evt_handler             0x0001a478   Section        0  main.o(i.device_manager_evt_handler)
    device_manager_evt_handler               0x0001a479   Thumb Code    74  main.o(i.device_manager_evt_handler)
    i.device_manager_init                    0x0001a4c8   Section        0  main.o(i.device_manager_init)
    device_manager_init                      0x0001a4c9   Thumb Code   112  main.o(i.device_manager_init)
    i.dm_ble_evt_handler                     0x0001a540   Section        0  device_manager_peripheral.o(i.dm_ble_evt_handler)
    i.dm_handle_initialize                   0x0001a918   Section        0  device_manager_peripheral.o(i.dm_handle_initialize)
    i.dm_init                                0x0001a934   Section        0  device_manager_peripheral.o(i.dm_init)
    i.dm_pstorage_cb_handler                 0x0001a9f8   Section        0  device_manager_peripheral.o(i.dm_pstorage_cb_handler)
    dm_pstorage_cb_handler                   0x0001a9f9   Thumb Code   344  device_manager_peripheral.o(i.dm_pstorage_cb_handler)
    i.dm_register                            0x0001ab5c   Section        0  device_manager_peripheral.o(i.dm_register)
    i.dm_security_setup_req                  0x0001abd0   Section        0  device_manager_peripheral.o(i.dm_security_setup_req)
    i.dm_security_status_req                 0x0001ac2c   Section        0  device_manager_peripheral.o(i.dm_security_status_req)
    i.elapsed_ticks_acquire                  0x0001ac9c   Section        0  app_timer.o(i.elapsed_ticks_acquire)
    elapsed_ticks_acquire                    0x0001ac9d   Thumb Code    58  app_timer.o(i.elapsed_ticks_acquire)
    i.expired_timers_handler                 0x0001acdc   Section        0  app_timer.o(i.expired_timers_handler)
    expired_timers_handler                   0x0001acdd   Thumb Code    82  app_timer.o(i.expired_timers_handler)
    i.gap_params_init                        0x0001ad34   Section        0  main.o(i.gap_params_init)
    gap_params_init                          0x0001ad35   Thumb Code    88  main.o(i.gap_params_init)
    i.gattc_context_apply                    0x0001ad9c   Section        0  device_manager_peripheral.o(i.gattc_context_apply)
    gattc_context_apply                      0x0001ad9d   Thumb Code     4  device_manager_peripheral.o(i.gattc_context_apply)
    i.gattc_context_load                     0x0001ada0   Section        0  device_manager_peripheral.o(i.gattc_context_load)
    gattc_context_load                       0x0001ada1   Thumb Code     4  device_manager_peripheral.o(i.gattc_context_load)
    i.gattc_context_store                    0x0001ada4   Section        0  device_manager_peripheral.o(i.gattc_context_store)
    gattc_context_store                      0x0001ada5   Thumb Code     4  device_manager_peripheral.o(i.gattc_context_store)
    i.gatts_context_apply                    0x0001ada8   Section        0  device_manager_peripheral.o(i.gatts_context_apply)
    gatts_context_apply                      0x0001ada9   Thumb Code   160  device_manager_peripheral.o(i.gatts_context_apply)
    i.gatts_context_load                     0x0001ae58   Section        0  device_manager_peripheral.o(i.gatts_context_load)
    gatts_context_load                       0x0001ae59   Thumb Code    44  device_manager_peripheral.o(i.gatts_context_load)
    i.gatts_context_store                    0x0001ae88   Section        0  device_manager_peripheral.o(i.gatts_context_store)
    gatts_context_store                      0x0001ae89   Thumb Code   158  device_manager_peripheral.o(i.gatts_context_store)
    i.gattsc_context_apply                   0x0001af34   Section        0  device_manager_peripheral.o(i.gattsc_context_apply)
    gattsc_context_apply                     0x0001af35   Thumb Code     8  device_manager_peripheral.o(i.gattsc_context_apply)
    i.gattsc_context_load                    0x0001af3c   Section        0  device_manager_peripheral.o(i.gattsc_context_load)
    gattsc_context_load                      0x0001af3d   Thumb Code     8  device_manager_peripheral.o(i.gattsc_context_load)
    i.gattsc_context_store                   0x0001af44   Section        0  device_manager_peripheral.o(i.gattsc_context_store)
    gattsc_context_store                     0x0001af45   Thumb Code     8  device_manager_peripheral.o(i.gattsc_context_store)
    i.gls_meas_encode                        0x0001af4c   Section        0  ble_gls.o(i.gls_meas_encode)
    gls_meas_encode                          0x0001af4d   Thumb Code   164  ble_gls.o(i.gls_meas_encode)
    i.glucose_feature_char_add               0x0001aff0   Section        0  ble_gls.o(i.glucose_feature_char_add)
    glucose_feature_char_add                 0x0001aff1   Thumb Code   138  ble_gls.o(i.glucose_feature_char_add)
    i.glucose_meas_send                      0x0001b080   Section        0  ble_gls.o(i.glucose_meas_send)
    glucose_meas_send                        0x0001b081   Thumb Code    88  ble_gls.o(i.glucose_meas_send)
    i.glucose_measurement_char_add           0x0001b0dc   Section        0  ble_gls.o(i.glucose_measurement_char_add)
    glucose_measurement_char_add             0x0001b0dd   Thumb Code   202  ble_gls.o(i.glucose_measurement_char_add)
    i.gpiote_event_handler                   0x0001b1ac   Section        0  app_button.o(i.gpiote_event_handler)
    gpiote_event_handler                     0x0001b1ad   Thumb Code    70  app_button.o(i.gpiote_event_handler)
    i.gpiote_uart_event_handler              0x0001b1f8   Section        0  app_uart_fifo.o(i.gpiote_uart_event_handler)
    gpiote_uart_event_handler                0x0001b1f9   Thumb Code    22  app_uart_fifo.o(i.gpiote_uart_event_handler)
    i.intern_softdevice_events_execute       0x0001b210   Section        0  softdevice_handler.o(i.intern_softdevice_events_execute)
    i.is_conn_params_ok                      0x0001b290   Section        0  ble_conn_params.o(i.is_conn_params_ok)
    is_conn_params_ok                        0x0001b291   Thumb Code    24  ble_conn_params.o(i.is_conn_params_ok)
    i.is_manual_peripheral_setup_needed      0x0001b2ac   Section        0  system_nrf51.o(i.is_manual_peripheral_setup_needed)
    is_manual_peripheral_setup_needed        0x0001b2ad   Thumb Code    66  system_nrf51.o(i.is_manual_peripheral_setup_needed)
    i.is_request_to_be_executed              0x0001b2f4   Section        0  ble_gls.o(i.is_request_to_be_executed)
    is_request_to_be_executed                0x0001b2f5   Thumb Code   142  ble_gls.o(i.is_request_to_be_executed)
    i.is_word_aligned                        0x0001b388   Section        0  pstorage.o(i.is_word_aligned)
    is_word_aligned                          0x0001b389   Thumb Code    12  pstorage.o(i.is_word_aligned)
    i.leds_timer_handler                     0x0001b394   Section        0  bsp.o(i.leds_timer_handler)
    leds_timer_handler                       0x0001b395   Thumb Code    18  bsp.o(i.leds_timer_handler)
    i.list_deletions_handler                 0x0001b3ac   Section        0  app_timer.o(i.list_deletions_handler)
    list_deletions_handler                   0x0001b3ad   Thumb Code   144  app_timer.o(i.list_deletions_handler)
    i.list_insertions_handler                0x0001b440   Section        0  app_timer.o(i.list_insertions_handler)
    list_insertions_handler                  0x0001b441   Thumb Code   230  app_timer.o(i.list_insertions_handler)
    i.main                                   0x0001b530   Section        0  main.o(i.main)
    i.manuf_specific_data_encode             0x0001b6cc   Section        0  ble_advdata.o(i.manuf_specific_data_encode)
    manuf_specific_data_encode               0x0001b6cd   Thumb Code   100  ble_advdata.o(i.manuf_specific_data_encode)
    i.name_encode                            0x0001b730   Section        0  ble_advdata.o(i.name_encode)
    name_encode                              0x0001b731   Thumb Code   106  ble_advdata.o(i.name_encode)
    i.no_service_context_apply               0x0001b79a   Section        0  device_manager_peripheral.o(i.no_service_context_apply)
    no_service_context_apply                 0x0001b79b   Thumb Code     4  device_manager_peripheral.o(i.no_service_context_apply)
    i.no_service_context_load                0x0001b79e   Section        0  device_manager_peripheral.o(i.no_service_context_load)
    no_service_context_load                  0x0001b79f   Thumb Code     4  device_manager_peripheral.o(i.no_service_context_load)
    i.no_service_context_store               0x0001b7a2   Section        0  device_manager_peripheral.o(i.no_service_context_store)
    no_service_context_store                 0x0001b7a3   Thumb Code     4  device_manager_peripheral.o(i.no_service_context_store)
    i.nrf_drv_common_irq_enable              0x0001b7a8   Section        0  nrf_drv_common.o(i.nrf_drv_common_irq_enable)
    i.nrf_drv_gpiote_in_event_enable         0x0001b808   Section        0  nrf_drv_gpiote.o(i.nrf_drv_gpiote_in_event_enable)
    i.nrf_drv_gpiote_in_init                 0x0001b894   Section        0  nrf_drv_gpiote.o(i.nrf_drv_gpiote_in_init)
    i.nrf_drv_gpiote_in_is_set               0x0001b928   Section        0  nrf_drv_gpiote.o(i.nrf_drv_gpiote_in_is_set)
    i.nrf_drv_gpiote_init                    0x0001b93c   Section        0  nrf_drv_gpiote.o(i.nrf_drv_gpiote_init)
    i.nrf_drv_gpiote_is_init                 0x0001b98c   Section        0  nrf_drv_gpiote.o(i.nrf_drv_gpiote_is_init)
    i.nrf_drv_gpiote_out_init                0x0001b99c   Section        0  nrf_drv_gpiote.o(i.nrf_drv_gpiote_out_init)
    i.nrf_gpio_cfg_sense_set                 0x0001ba34   Section        0  nrf_drv_gpiote.o(i.nrf_gpio_cfg_sense_set)
    nrf_gpio_cfg_sense_set                   0x0001ba35   Thumb Code    26  nrf_drv_gpiote.o(i.nrf_gpio_cfg_sense_set)
    i.nrf_gpiote_event_is_set                0x0001ba54   Section        0  nrf_drv_gpiote.o(i.nrf_gpiote_event_is_set)
    nrf_gpiote_event_is_set                  0x0001ba55   Thumb Code    14  nrf_drv_gpiote.o(i.nrf_gpiote_event_is_set)
    i.on_adv_evt                             0x0001ba68   Section        0  main.o(i.on_adv_evt)
    on_adv_evt                               0x0001ba69   Thumb Code    34  main.o(i.on_adv_evt)
    i.on_conn_params_evt                     0x0001ba8c   Section        0  main.o(i.on_conn_params_evt)
    on_conn_params_evt                       0x0001ba8d   Thumb Code    30  main.o(i.on_conn_params_evt)
    i.on_racp_value_write                    0x0001bab0   Section        0  ble_gls.o(i.on_racp_value_write)
    on_racp_value_write                      0x0001bab1   Thumb Code   216  ble_gls.o(i.on_racp_value_write)
    i.on_uart_event                          0x0001bb8c   Section        0  app_uart_fifo.o(i.on_uart_event)
    on_uart_event                            0x0001bb8d   Thumb Code   118  app_uart_fifo.o(i.on_uart_event)
    i.peer_address_exists                    0x0001bc14   Section        0  ble_advertising.o(i.peer_address_exists)
    peer_address_exists                      0x0001bc15   Thumb Code    22  ble_advertising.o(i.peer_address_exists)
    i.peer_instance_init                     0x0001bc2c   Section        0  device_manager_peripheral.o(i.peer_instance_init)
    peer_instance_init                       0x0001bc2d   Thumb Code    50  device_manager_peripheral.o(i.peer_instance_init)
    i.pin_in_use_by_port                     0x0001bc64   Section        0  nrf_drv_gpiote.o(i.pin_in_use_by_port)
    pin_in_use_by_port                       0x0001bc65   Thumb Code    20  nrf_drv_gpiote.o(i.pin_in_use_by_port)
    i.pin_in_use_by_te                       0x0001bc7c   Section        0  nrf_drv_gpiote.o(i.pin_in_use_by_te)
    pin_in_use_by_te                         0x0001bc7d   Thumb Code    20  nrf_drv_gpiote.o(i.pin_in_use_by_te)
    i.pnp_id_encode                          0x0001bc94   Section        0  ble_dis.o(i.pnp_id_encode)
    pnp_id_encode                            0x0001bc95   Thumb Code    62  ble_dis.o(i.pnp_id_encode)
    i.pstorage_access_status_get             0x0001bcd4   Section        0  pstorage.o(i.pstorage_access_status_get)
    i.pstorage_block_identifier_get          0x0001bcfc   Section        0  pstorage.o(i.pstorage_block_identifier_get)
    i.pstorage_clear                         0x0001bd50   Section        0  pstorage.o(i.pstorage_clear)
    i.pstorage_flash_page_end                0x0001bdcc   Section        0  pstorage.o(i.pstorage_flash_page_end)
    pstorage_flash_page_end                  0x0001bdcd   Thumb Code    32  pstorage.o(i.pstorage_flash_page_end)
    i.pstorage_flash_page_size               0x0001bdf0   Section        0  pstorage.o(i.pstorage_flash_page_size)
    pstorage_flash_page_size                 0x0001bdf1   Thumb Code    10  pstorage.o(i.pstorage_flash_page_size)
    i.pstorage_init                          0x0001bdfc   Section        0  pstorage.o(i.pstorage_init)
    i.pstorage_load                          0x0001be6c   Section        0  pstorage.o(i.pstorage_load)
    i.pstorage_register                      0x0001bf10   Section        0  pstorage.o(i.pstorage_register)
    i.pstorage_store                         0x0001bff8   Section        0  pstorage.o(i.pstorage_store)
    i.pstorage_sys_event_handler             0x0001c088   Section        0  pstorage.o(i.pstorage_sys_event_handler)
    i.pstorage_update                        0x0001c1b0   Section        0  pstorage.o(i.pstorage_update)
    i.racp_report_records_first_last         0x0001c240   Section        0  ble_gls.o(i.racp_report_records_first_last)
    racp_report_records_first_last           0x0001c241   Thumb Code    78  ble_gls.o(i.racp_report_records_first_last)
    i.racp_report_records_greater_or_equal   0x0001c294   Section        0  ble_gls.o(i.racp_report_records_greater_or_equal)
    racp_report_records_greater_or_equal     0x0001c295   Thumb Code    78  ble_gls.o(i.racp_report_records_greater_or_equal)
    i.racp_report_records_procedure          0x0001c2e8   Section        0  ble_gls.o(i.racp_report_records_procedure)
    racp_report_records_procedure            0x0001c2e9   Thumb Code   166  ble_gls.o(i.racp_report_records_procedure)
    i.racp_response_code_send                0x0001c398   Section        0  ble_gls.o(i.racp_response_code_send)
    racp_response_code_send                  0x0001c399   Thumb Code    32  ble_gls.o(i.racp_response_code_send)
    i.racp_send                              0x0001c3bc   Section        0  ble_gls.o(i.racp_send)
    racp_send                                0x0001c3bd   Thumb Code   118  ble_gls.o(i.racp_send)
    i.read_History_measurement               0x0001c43c   Section        0  main.o(i.read_History_measurement)
    read_History_measurement                 0x0001c43d   Thumb Code    96  main.o(i.read_History_measurement)
    i.record_access_control_point_char_add   0x0001c4a8   Section        0  ble_gls.o(i.record_access_control_point_char_add)
    record_access_control_point_char_add     0x0001c4a9   Thumb Code   166  ble_gls.o(i.record_access_control_point_char_add)
    i.report_num_records_request_execute     0x0001c554   Section        0  ble_gls.o(i.report_num_records_request_execute)
    report_num_records_request_execute       0x0001c555   Thumb Code   140  ble_gls.o(i.report_num_records_request_execute)
    i.rtc1_stop                              0x0001c5e4   Section        0  app_timer.o(i.rtc1_stop)
    rtc1_stop                                0x0001c5e5   Thumb Code    50  app_timer.o(i.rtc1_stop)
    i.sec_req_timeout_handler                0x0001c628   Section        0  main.o(i.sec_req_timeout_handler)
    sec_req_timeout_handler                  0x0001c629   Thumb Code    64  main.o(i.sec_req_timeout_handler)
    i.sensorsim_init                         0x0001c670   Section        0  sensorsim.o(i.sensorsim_init)
    i.sensorsim_measure                      0x0001c688   Section        0  sensorsim.o(i.sensorsim_measure)
    i.service_data_encode                    0x0001c6be   Section        0  ble_advdata.o(i.service_data_encode)
    service_data_encode                      0x0001c6bf   Thumb Code   124  ble_advdata.o(i.service_data_encode)
    i.service_error_handler                  0x0001c73a   Section        0  main.o(i.service_error_handler)
    service_error_handler                    0x0001c73b   Thumb Code    12  main.o(i.service_error_handler)
    i.services_init                          0x0001c748   Section        0  main.o(i.services_init)
    services_init                            0x0001c749   Thumb Code   208  main.o(i.services_init)
    i.sleep_mode_enter                       0x0001c844   Section        0  main.o(i.sleep_mode_enter)
    sleep_mode_enter                         0x0001c845   Thumb Code    52  main.o(i.sleep_mode_enter)
    i.softdevice_assertion_handler           0x0001c878   Section        0  softdevice_handler.o(i.softdevice_assertion_handler)
    i.softdevice_ble_evt_handler_set         0x0001c884   Section        0  softdevice_handler.o(i.softdevice_ble_evt_handler_set)
    i.softdevice_handler_init                0x0001c898   Section        0  softdevice_handler.o(i.softdevice_handler_init)
    i.softdevice_sys_evt_handler_set         0x0001c8c8   Section        0  softdevice_handler.o(i.softdevice_sys_evt_handler_set)
    i.storage_operation_dummy_handler        0x0001c8dc   Section        0  device_manager_peripheral.o(i.storage_operation_dummy_handler)
    storage_operation_dummy_handler          0x0001c8dd   Thumb Code     4  device_manager_peripheral.o(i.storage_operation_dummy_handler)
    i.swap_state_process                     0x0001c8e0   Section        0  pstorage.o(i.swap_state_process)
    swap_state_process                       0x0001c8e1   Thumb Code   296  pstorage.o(i.swap_state_process)
    i.sys_evt_dispatch                       0x0001ca0c   Section        0  main.o(i.sys_evt_dispatch)
    sys_evt_dispatch                         0x0001ca0d   Thumb Code    16  main.o(i.sys_evt_dispatch)
    i.sys_id_encode                          0x0001ca1c   Section        0  ble_dis.o(i.sys_id_encode)
    sys_id_encode                            0x0001ca1d   Thumb Code    86  ble_dis.o(i.sys_id_encode)
    i.timer_list_handler_sched               0x0001ca74   Section        0  app_timer.o(i.timer_list_handler_sched)
    timer_list_handler_sched                 0x0001ca75   Thumb Code    10  app_timer.o(i.timer_list_handler_sched)
    i.timer_list_insert                      0x0001ca84   Section        0  app_timer.o(i.timer_list_insert)
    timer_list_insert                        0x0001ca85   Thumb Code    94  app_timer.o(i.timer_list_insert)
    i.timer_list_remove                      0x0001cae8   Section        0  app_timer.o(i.timer_list_remove)
    timer_list_remove                        0x0001cae9   Thumb Code   104  app_timer.o(i.timer_list_remove)
    i.timer_timeouts_check                   0x0001cb58   Section        0  app_timer.o(i.timer_timeouts_check)
    timer_timeouts_check                     0x0001cb59   Thumb Code   120  app_timer.o(i.timer_timeouts_check)
    i.timers_init                            0x0001cbd8   Section        0  main.o(i.timers_init)
    timers_init                              0x0001cbd9   Thumb Code    76  main.o(i.timers_init)
    i.uart_error_handle                      0x0001cc34   Section        0  main.o(i.uart_error_handle)
    i.uint16_encode                          0x0001cc4c   Section        0  ble_gls.o(i.uint16_encode)
    uint16_encode                            0x0001cc4d   Thumb Code    10  ble_gls.o(i.uint16_encode)
    i.uint16_encode                          0x0001cc56   Section        0  ble_advdata.o(i.uint16_encode)
    uint16_encode                            0x0001cc57   Thumb Code    10  ble_advdata.o(i.uint16_encode)
    i.update_status_bit_reset                0x0001cc60   Section        0  device_manager_peripheral.o(i.update_status_bit_reset)
    update_status_bit_reset                  0x0001cc61   Thumb Code    14  device_manager_peripheral.o(i.update_status_bit_reset)
    i.update_timeout_handler                 0x0001cc74   Section        0  ble_conn_params.o(i.update_timeout_handler)
    update_timeout_handler                   0x0001cc75   Thumb Code    86  ble_conn_params.o(i.update_timeout_handler)
    i.user_id_get                            0x0001ccd8   Section        0  app_timer.o(i.user_id_get)
    user_id_get                              0x0001ccd9   Thumb Code    74  app_timer.o(i.user_id_get)
    i.user_op_alloc                          0x0001cd2c   Section        0  app_timer.o(i.user_op_alloc)
    user_op_alloc                            0x0001cd2d   Thumb Code    36  app_timer.o(i.user_op_alloc)
    i.uuid_list_encode                       0x0001cd50   Section        0  ble_advdata.o(i.uuid_list_encode)
    uuid_list_encode                         0x0001cd51   Thumb Code    38  ble_advdata.o(i.uuid_list_encode)
    i.uuid_list_sized_encode                 0x0001cd76   Section        0  ble_advdata.o(i.uuid_list_sized_encode)
    uuid_list_sized_encode                   0x0001cd77   Thumb Code   162  ble_advdata.o(i.uuid_list_sized_encode)
    i.whitelist_has_entries                  0x0001ce18   Section        0  ble_advertising.o(i.whitelist_has_entries)
    whitelist_has_entries                    0x0001ce19   Thumb Code    16  ble_advertising.o(i.whitelist_has_entries)
    .constdata                               0x0001ce28   Section       12  main.o(.constdata)
    .constdata                               0x0001ce34   Section       48  bsp.o(.constdata)
    m_buttons_list                           0x0001ce34   Data          16  bsp.o(.constdata)
    app_buttons                              0x0001ce44   Data          32  bsp.o(.constdata)
    .constdata                               0x0001ce64   Section       48  device_manager_peripheral.o(.constdata)
    .constdata                               0x0001ce94   Section        8  app_uart_fifo.o(.constdata)
    .constdata                               0x0001ce9c   Section        4  app_button.o(.constdata)
    .data                                    0x20002000   Section       44  main.o(.data)
    s_secs                                   0x20002000   Data           1  main.o(.data)
    rx_buf                                   0x20002001   Data           1  main.o(.data)
    m_app_handle                             0x20002002   Data           1  main.o(.data)
    m_conn_handle                            0x20002004   Data           2  main.o(.data)
    s_mantissa                               0x20002006   Data           2  main.o(.data)
    s_exponent                               0x20002008   Data           2  main.o(.data)
    m_battery_timer_id                       0x2000200c   Data           4  main.o(.data)
    m_sec_req_timer_id                       0x20002010   Data           4  main.o(.data)
    m_dm_handle                              0x20002014   Data           4  main.o(.data)
    m_battery_sim_state                      0x20002018   Data           8  main.o(.data)
    m_adv_uuids                              0x20002020   Data          12  main.o(.data)
    .data                                    0x2000202c   Section       32  bsp.o(.data)
    m_stable_state                           0x2000202c   Data           1  bsp.o(.data)
    current_long_push_pin_no                 0x2000202d   Data           1  bsp.o(.data)
    m_app_ticks_per_100ms                    0x20002030   Data           4  bsp.o(.data)
    m_indication_type                        0x20002034   Data           4  bsp.o(.data)
    m_registered_callback                    0x20002038   Data           4  bsp.o(.data)
    release_event_at_push                    0x2000203c   Data           4  bsp.o(.data)
    m_leds_timer_id                          0x20002040   Data           4  bsp.o(.data)
    m_alert_timer_id                         0x20002044   Data           4  bsp.o(.data)
    m_button_timer_id                        0x20002048   Data           4  bsp.o(.data)
    .data                                    0x2000204c   Section        8  bsp_btn_ble.o(.data)
    m_error_handler                          0x2000204c   Data           4  bsp_btn_ble.o(.data)
    m_num_connections                        0x20002050   Data           4  bsp_btn_ble.o(.data)
    .data                                    0x20002054   Section        4  system_nrf51.o(.data)
    __tagsym$$used                           0x20002054   Number         0  system_nrf51.o(.data)
    .data                                    0x20002058   Section       74  ble_dis.o(.data)
    service_handle                           0x20002058   Data           2  ble_dis.o(.data)
    manufact_name_handles                    0x2000205a   Data           8  ble_dis.o(.data)
    model_num_handles                        0x20002062   Data           8  ble_dis.o(.data)
    serial_num_handles                       0x2000206a   Data           8  ble_dis.o(.data)
    hw_rev_handles                           0x20002072   Data           8  ble_dis.o(.data)
    fw_rev_handles                           0x2000207a   Data           8  ble_dis.o(.data)
    sw_rev_handles                           0x20002082   Data           8  ble_dis.o(.data)
    sys_id_handles                           0x2000208a   Data           8  ble_dis.o(.data)
    reg_cert_data_list_handles               0x20002092   Data           8  ble_dis.o(.data)
    pnp_id_handles                           0x2000209a   Data           8  ble_dis.o(.data)
    .data                                    0x200020a4   Section       20  ble_gls.o(.data)
    m_gls_state                              0x200020a4   Data           1  ble_gls.o(.data)
    m_racp_proc_operator                     0x200020a5   Data           1  ble_gls.o(.data)
    m_racp_proc_record_ndx                   0x200020a6   Data           1  ble_gls.o(.data)
    m_racp_proc_records_reported             0x200020a7   Data           1  ble_gls.o(.data)
    m_racp_proc_records_reported_since_txcomplete 0x200020a8   Data           1  ble_gls.o(.data)
    m_next_seq_num                           0x200020aa   Data           2  ble_gls.o(.data)
    m_racp_proc_seq_num                      0x200020ac   Data           2  ble_gls.o(.data)
    m_pending_racp_response_operand          0x200020ae   Data           2  ble_gls.o(.data)
    m_pending_racp_response                  0x200020b0   Data           8  ble_gls.o(.data)
    .data                                    0x200020b8   Section        2  ble_gls_db.o(.data)
    m_num_records                            0x200020b8   Data           2  ble_gls_db.o(.data)
    .data                                    0x200020bc   Section       24  device_manager_peripheral.o(.data)
    m_module_initialized                     0x200020bc   Data           1  device_manager_peripheral.o(.data)
    m_peer_addr_update                       0x200020c0   Data           4  device_manager_peripheral.o(.data)
    m_irk_index_table                        0x200020c4   Data           7  device_manager_peripheral.o(.data)
    m_storage_handle                         0x200020cc   Data           8  device_manager_peripheral.o(.data)
    .data                                    0x200020d4   Section       31  ble_advertising.o(.data)
    m_advertising_start_pending              0x200020d4   Data           1  ble_advertising.o(.data)
    m_whitelist_temporarily_disabled         0x200020d5   Data           1  ble_advertising.o(.data)
    m_whitelist_reply_expected               0x200020d6   Data           1  ble_advertising.o(.data)
    m_peer_addr_reply_expected               0x200020d7   Data           1  ble_advertising.o(.data)
    m_adv_evt                                0x200020d8   Data           1  ble_advertising.o(.data)
    m_adv_mode_current                       0x200020d9   Data           1  ble_advertising.o(.data)
    m_direct_adv_cnt                         0x200020da   Data           1  ble_advertising.o(.data)
    m_tx_power_level                         0x200020db   Data           1  ble_advertising.o(.data)
    current_slave_link_conn_handle           0x200020dc   Data           2  ble_advertising.o(.data)
    m_evt_handler                            0x200020e0   Data           4  ble_advertising.o(.data)
    m_error_handler                          0x200020e4   Data           4  ble_advertising.o(.data)
    m_slave_conn_int                         0x200020e8   Data           4  ble_advertising.o(.data)
    m_peer_address                           0x200020ec   Data           7  ble_advertising.o(.data)
    .data                                    0x200020f4   Section       24  ble_conn_params.o(.data)
    m_change_param                           0x200020f4   Data           1  ble_conn_params.o(.data)
    m_update_count                           0x200020f5   Data           1  ble_conn_params.o(.data)
    m_conn_handle                            0x200020f6   Data           2  ble_conn_params.o(.data)
    m_conn_params_timer_id                   0x200020f8   Data           4  ble_conn_params.o(.data)
    m_preferred_conn_params                  0x200020fc   Data           8  ble_conn_params.o(.data)
    m_current_conn_params                    0x20002104   Data           8  ble_conn_params.o(.data)
    .data                                    0x2000210c   Section        8  app_uart_fifo.o(.data)
    m_instance_counter                       0x2000210c   Data           1  app_uart_fifo.o(.data)
    m_current_state                          0x2000210d   Data           1  app_uart_fifo.o(.data)
    m_event_handler                          0x20002110   Data           4  app_uart_fifo.o(.data)
    .data                                    0x20002114   Section       12  pstorage.o(.data)
    m_module_initialized                     0x20002114   Data           1  pstorage.o(.data)
    m_swap_state                             0x20002115   Data           1  pstorage.o(.data)
    m_next_app_instance                      0x20002116   Data           2  pstorage.o(.data)
    m_round_val                              0x20002118   Data           2  pstorage.o(.data)
    m_next_page_addr                         0x2000211c   Data           4  pstorage.o(.data)
    .data                                    0x20002120   Section       24  app_button.o(.data)
    m_button_count                           0x20002120   Data           1  app_button.o(.data)
    mp_buttons                               0x20002124   Data           4  app_button.o(.data)
    m_detection_delay                        0x20002128   Data           4  app_button.o(.data)
    m_detection_delay_timer_id               0x2000212c   Data           4  app_button.o(.data)
    m_pin_state                              0x20002130   Data           4  app_button.o(.data)
    m_pin_transition                         0x20002134   Data           4  app_button.o(.data)
    .data                                    0x20002138   Section       36  app_timer.o(.data)
    m_node_array_size                        0x20002138   Data           1  app_timer.o(.data)
    m_user_array_size                        0x20002139   Data           1  app_timer.o(.data)
    m_ticks_elapsed_q_read_ind               0x2000213a   Data           1  app_timer.o(.data)
    m_ticks_elapsed_q_write_ind              0x2000213b   Data           1  app_timer.o(.data)
    m_rtc1_running                           0x2000213c   Data           1  app_timer.o(.data)
    m_rtc1_reset                             0x2000213d   Data           1  app_timer.o(.data)
    mp_nodes                                 0x20002140   Data           4  app_timer.o(.data)
    mp_users                                 0x20002144   Data           4  app_timer.o(.data)
    m_timer_id_head                          0x20002148   Data           4  app_timer.o(.data)
    m_ticks_latest                           0x2000214c   Data           4  app_timer.o(.data)
    m_evt_schedule_func                      0x20002150   Data           4  app_timer.o(.data)
    m_ticks_elapsed                          0x20002154   Data           8  app_timer.o(.data)
    .data                                    0x2000215c   Section       20  softdevice_handler.o(.data)
    m_softdevice_enabled                     0x2000215c   Data           1  softdevice_handler.o(.data)
    m_ble_evt_buffer_size                    0x2000215e   Data           2  softdevice_handler.o(.data)
    m_evt_schedule_func                      0x20002160   Data           4  softdevice_handler.o(.data)
    mp_ble_evt_buffer                        0x20002164   Data           4  softdevice_handler.o(.data)
    m_ble_evt_handler                        0x20002168   Data           4  softdevice_handler.o(.data)
    m_sys_evt_handler                        0x2000216c   Data           4  softdevice_handler.o(.data)
    .bss                                     0x20002170   Section     1192  main.o(.bss)
    APP_TIMER_BUF                            0x20002170   Data         776  main.o(.bss)
    BLE_EVT_BUFFER                           0x20002478   Data          72  main.o(.bss)
    tx_buf                                   0x200024c0   Data         256  main.o(.bss)
    m_bas                                    0x200025c0   Data          24  main.o(.bss)
    m_gls                                    0x200025d8   Data          48  main.o(.bss)
    m_battery_sim_cfg                        0x20002608   Data          16  main.o(.bss)
    .bss                                     0x20002618   Section       12  bsp.o(.bss)
    m_events_list                            0x20002618   Data          12  bsp.o(.bss)
    .bss                                     0x20002624   Section      900  ble_gls_db.o(.bss)
    m_database                               0x20002624   Data         880  ble_gls_db.o(.bss)
    m_database_crossref                      0x20002994   Data          20  ble_gls_db.o(.bss)
    .bss                                     0x200029a8   Section      299  device_manager_peripheral.o(.bss)
    m_peer_table                             0x200029a8   Data         196  device_manager_peripheral.o(.bss)
    m_bond_table                             0x20002a6c   Data          28  device_manager_peripheral.o(.bss)
    m_gatts_table                            0x20002a88   Data          28  device_manager_peripheral.o(.bss)
    m_connection_table                       0x20002aa4   Data          12  device_manager_peripheral.o(.bss)
    m_application_table                      0x20002ab0   Data          12  device_manager_peripheral.o(.bss)
    m_local_id_info                          0x20002abc   Data          23  device_manager_peripheral.o(.bss)
    .bss                                     0x20002ad4   Section      247  ble_advertising.o(.bss)
    m_advdata                                0x20002ad4   Data          48  ble_advertising.o(.bss)
    m_adv_modes_config                       0x20002b04   Data          32  ble_advertising.o(.bss)
    m_whitelist                              0x20002b24   Data          16  ble_advertising.o(.bss)
    mp_whitelist_addr                        0x20002b34   Data          32  ble_advertising.o(.bss)
    mp_whitelist_irk                         0x20002b54   Data          32  ble_advertising.o(.bss)
    m_manuf_specific_data                    0x20002b74   Data          12  ble_advertising.o(.bss)
    m_manuf_data_array                       0x20002b80   Data          31  ble_advertising.o(.bss)
    m_service_data                           0x20002ba0   Data          12  ble_advertising.o(.bss)
    m_service_data_array                     0x20002bac   Data          31  ble_advertising.o(.bss)
    .bss                                     0x20002bcc   Section       28  ble_conn_params.o(.bss)
    m_conn_params_config                     0x20002bcc   Data          28  ble_conn_params.o(.bss)
    .bss                                     0x20002be8   Section       84  nrf_drv_gpiote.o(.bss)
    m_cb                                     0x20002be8   Data          84  nrf_drv_gpiote.o(.bss)
    .bss                                     0x20002c3c   Section       32  app_uart_fifo.o(.bss)
    m_rx_fifo                                0x20002c3c   Data          16  app_uart_fifo.o(.bss)
    m_tx_fifo                                0x20002c4c   Data          16  app_uart_fifo.o(.bss)
    .bss                                     0x20002c5c   Section      220  pstorage.o(.bss)
    m_cmd_queue                              0x20002c5c   Data         204  pstorage.o(.bss)
    m_app_table                              0x20002d28   Data          16  pstorage.o(.bss)
    STACK                                    0x20002d38   Section     2048  arm_startup_nrf51.o(STACK)

    Global Symbols

    Symbol Name                              Value     Ov Type        Size  Object(Section)

    BuildAttributes$$THM_ISAv3M$S$PE$A:L22$X:L11$S22$IEEE1$IW$USESV6$~STKCKD$USESV7$~SHL$OSPACE$ROPI$EBA8$MICROLIB$REQ8$PRES8$EABIv2 0x00000000   Number         0  anon$$obj.o ABSOLUTE
    __ARM_use_no_argv                        0x00000000   Number         0  main.o ABSOLUTE
    _printf_a                                0x00000000   Number         0  stubs.o ABSOLUTE
    _printf_c                                0x00000000   Number         0  stubs.o ABSOLUTE
    _printf_charcount                        0x00000000   Number         0  stubs.o ABSOLUTE
    _printf_d                                0x00000000   Number         0  stubs.o ABSOLUTE
    _printf_e                                0x00000000   Number         0  stubs.o ABSOLUTE
    _printf_f                                0x00000000   Number         0  stubs.o ABSOLUTE
    _printf_flags                            0x00000000   Number         0  stubs.o ABSOLUTE
    _printf_fp_dec                           0x00000000   Number         0  stubs.o ABSOLUTE
    _printf_fp_hex                           0x00000000   Number         0  stubs.o ABSOLUTE
    _printf_g                                0x00000000   Number         0  stubs.o ABSOLUTE
    _printf_i                                0x00000000   Number         0  stubs.o ABSOLUTE
    _printf_int_dec                          0x00000000   Number         0  stubs.o ABSOLUTE
    _printf_l                                0x00000000   Number         0  stubs.o ABSOLUTE
    _printf_lc                               0x00000000   Number         0  stubs.o ABSOLUTE
    _printf_ll                               0x00000000   Number         0  stubs.o ABSOLUTE
    _printf_lld                              0x00000000   Number         0  stubs.o ABSOLUTE
    _printf_lli                              0x00000000   Number         0  stubs.o ABSOLUTE
    _printf_llo                              0x00000000   Number         0  stubs.o ABSOLUTE
    _printf_llu                              0x00000000   Number         0  stubs.o ABSOLUTE
    _printf_llx                              0x00000000   Number         0  stubs.o ABSOLUTE
    _printf_longlong_dec                     0x00000000   Number         0  stubs.o ABSOLUTE
    _printf_longlong_hex                     0x00000000   Number         0  stubs.o ABSOLUTE
    _printf_longlong_oct                     0x00000000   Number         0  stubs.o ABSOLUTE
    _printf_ls                               0x00000000   Number         0  stubs.o ABSOLUTE
    _printf_mbtowc                           0x00000000   Number         0  stubs.o ABSOLUTE
    _printf_n                                0x00000000   Number         0  stubs.o ABSOLUTE
    _printf_o                                0x00000000   Number         0  stubs.o ABSOLUTE
    _printf_p                                0x00000000   Number         0  stubs.o ABSOLUTE
    _printf_percent                          0x00000000   Number         0  stubs.o ABSOLUTE
    _printf_pre_padding                      0x00000000   Number         0  stubs.o ABSOLUTE
    _printf_return_value                     0x00000000   Number         0  stubs.o ABSOLUTE
    _printf_s                                0x00000000   Number         0  stubs.o ABSOLUTE
    _printf_sizespec                         0x00000000   Number         0  stubs.o ABSOLUTE
    _printf_str                              0x00000000   Number         0  stubs.o ABSOLUTE
    _printf_truncate_signed                  0x00000000   Number         0  stubs.o ABSOLUTE
    _printf_truncate_unsigned                0x00000000   Number         0  stubs.o ABSOLUTE
    _printf_u                                0x00000000   Number         0  stubs.o ABSOLUTE
    _printf_wc                               0x00000000   Number         0  stubs.o ABSOLUTE
    _printf_wctomb                           0x00000000   Number         0  stubs.o ABSOLUTE
    _printf_widthprec                        0x00000000   Number         0  stubs.o ABSOLUTE
    _printf_x                                0x00000000   Number         0  stubs.o ABSOLUTE
    __cpp_initialize__aeabi_                  - Undefined Weak Reference
    __cxa_finalize                            - Undefined Weak Reference
    _clock_init                               - Undefined Weak Reference
    _microlib_exit                            - Undefined Weak Reference
    __Vectors_Size                           0x000000c0   Number         0  arm_startup_nrf51.o ABSOLUTE
    __Vectors                                0x00018000   Data           4  arm_startup_nrf51.o(RESET)
    __Vectors_End                            0x000180c0   Data           0  arm_startup_nrf51.o(RESET)
    __main                                   0x000180c1   Thumb Code     0  entry.o(.ARM.Collect$$$$00000000)
    _main_stk                                0x000180c1   Thumb Code     0  entry2.o(.ARM.Collect$$$$00000001)
    _main_scatterload                        0x000180c5   Thumb Code     0  entry5.o(.ARM.Collect$$$$00000004)
    __main_after_scatterload                 0x000180c9   Thumb Code     0  entry5.o(.ARM.Collect$$$$00000004)
    _main_clock                              0x000180c9   Thumb Code     0  entry7b.o(.ARM.Collect$$$$00000008)
    _main_cpp_init                           0x000180c9   Thumb Code     0  entry8b.o(.ARM.Collect$$$$0000000A)
    _main_init                               0x000180c9   Thumb Code     0  entry9a.o(.ARM.Collect$$$$0000000B)
    __rt_final_cpp                           0x000180d1   Thumb Code     0  entry10a.o(.ARM.Collect$$$$0000000D)
    __rt_final_exit                          0x000180d1   Thumb Code     0  entry11a.o(.ARM.Collect$$$$0000000F)
    __asm___11_app_timer_c_cd27f9c3__nrf_delay_us 0x000180d5   Thumb Code    30  app_timer.o(.emb_text)
    Reset_Handler                            0x000180f5   Thumb Code    26  arm_startup_nrf51.o(.text)
    NMI_Handler                              0x0001810f   Thumb Code     2  arm_startup_nrf51.o(.text)
    HardFault_Handler                        0x00018111   Thumb Code     2  arm_startup_nrf51.o(.text)
    SVC_Handler                              0x00018113   Thumb Code     2  arm_startup_nrf51.o(.text)
    PendSV_Handler                           0x00018115   Thumb Code     2  arm_startup_nrf51.o(.text)
    SysTick_Handler                          0x00018117   Thumb Code     2  arm_startup_nrf51.o(.text)
    ADC_IRQHandler                           0x00018119   Thumb Code     0  arm_startup_nrf51.o(.text)
    CCM_AAR_IRQHandler                       0x00018119   Thumb Code     0  arm_startup_nrf51.o(.text)
    ECB_IRQHandler                           0x00018119   Thumb Code     0  arm_startup_nrf51.o(.text)
    LPCOMP_IRQHandler                        0x00018119   Thumb Code     0  arm_startup_nrf51.o(.text)
    POWER_CLOCK_IRQHandler                   0x00018119   Thumb Code     0  arm_startup_nrf51.o(.text)
    QDEC_IRQHandler                          0x00018119   Thumb Code     0  arm_startup_nrf51.o(.text)
    RADIO_IRQHandler                         0x00018119   Thumb Code     0  arm_startup_nrf51.o(.text)
    RNG_IRQHandler                           0x00018119   Thumb Code     0  arm_startup_nrf51.o(.text)
    RTC0_IRQHandler                          0x00018119   Thumb Code     0  arm_startup_nrf51.o(.text)
    SPI0_TWI0_IRQHandler                     0x00018119   Thumb Code     0  arm_startup_nrf51.o(.text)
    SPI1_TWI1_IRQHandler                     0x00018119   Thumb Code     0  arm_startup_nrf51.o(.text)
    SWI1_IRQHandler                          0x00018119   Thumb Code     0  arm_startup_nrf51.o(.text)
    SWI3_IRQHandler                          0x00018119   Thumb Code     0  arm_startup_nrf51.o(.text)
    SWI4_IRQHandler                          0x00018119   Thumb Code     0  arm_startup_nrf51.o(.text)
    SWI5_IRQHandler                          0x00018119   Thumb Code     0  arm_startup_nrf51.o(.text)
    TEMP_IRQHandler                          0x00018119   Thumb Code     0  arm_startup_nrf51.o(.text)
    TIMER0_IRQHandler                        0x00018119   Thumb Code     0  arm_startup_nrf51.o(.text)
    TIMER1_IRQHandler                        0x00018119   Thumb Code     0  arm_startup_nrf51.o(.text)
    TIMER2_IRQHandler                        0x00018119   Thumb Code     0  arm_startup_nrf51.o(.text)
    WDT_IRQHandler                           0x00018119   Thumb Code     0  arm_startup_nrf51.o(.text)
    __aeabi_uidiv                            0x0001812d   Thumb Code     0  uidiv.o(.text)
    __aeabi_uidivmod                         0x0001812d   Thumb Code    44  uidiv.o(.text)
    __aeabi_memcpy                           0x00018159   Thumb Code    36  memcpya.o(.text)
    __aeabi_memcpy4                          0x00018159   Thumb Code     0  memcpya.o(.text)
    __aeabi_memcpy8                          0x00018159   Thumb Code     0  memcpya.o(.text)
    __aeabi_memset                           0x0001817d   Thumb Code    14  memseta.o(.text)
    __aeabi_memset4                          0x0001817d   Thumb Code     0  memseta.o(.text)
    __aeabi_memset8                          0x0001817d   Thumb Code     0  memseta.o(.text)
    __aeabi_memclr                           0x0001818b   Thumb Code     4  memseta.o(.text)
    __aeabi_memclr4                          0x0001818b   Thumb Code     0  memseta.o(.text)
    __aeabi_memclr8                          0x0001818b   Thumb Code     0  memseta.o(.text)
    _memset$wrapper                          0x0001818f   Thumb Code    18  memseta.o(.text)
    strlen                                   0x000181a1   Thumb Code    14  strlen.o(.text)
    memcmp                                   0x000181af   Thumb Code    26  memcmp.o(.text)
    __scatterload                            0x000181c9   Thumb Code    28  init.o(.text)
    __scatterload_rt2                        0x000181c9   Thumb Code     0  init.o(.text)
    __decompress                             0x000181ed   Thumb Code     0  __dczerorl.o(.text)
    __decompress0                            0x000181ed   Thumb Code    58  __dczerorl.o(.text)
    GPIOTE_IRQHandler                        0x00018229   Thumb Code   248  nrf_drv_gpiote.o(i.GPIOTE_IRQHandler)
    RTC1_IRQHandler                          0x00018381   Thumb Code    28  app_timer.o(i.RTC1_IRQHandler)
    SWI0_IRQHandler                          0x000183a1   Thumb Code    78  app_timer.o(i.SWI0_IRQHandler)
    SWI2_IRQHandler                          0x000183f5   Thumb Code    32  softdevice_handler.o(i.SWI2_IRQHandler)
    SystemInit                               0x00018419   Thumb Code    64  system_nrf51.o(i.SystemInit)
    UART0_IRQHandler                         0x0001846d   Thumb Code   110  app_uart_fifo.o(i.UART0_IRQHandler)
    __ARM_common_switch8                     0x000184ed   Thumb Code    26  bsp.o(i.__ARM_common_switch8)
    __scatterload_copy                       0x00018507   Thumb Code    14  handlers.o(i.__scatterload_copy)
    __scatterload_null                       0x00018515   Thumb Code     2  handlers.o(i.__scatterload_null)
    __scatterload_zeroinit                   0x00018517   Thumb Code    14  handlers.o(i.__scatterload_zeroinit)
    action_tx_stop                           0x00018571   Thumb Code    26  app_uart_fifo.o(i.action_tx_stop)
    app_button_enable                        0x00018755   Thumb Code    32  app_button.o(i.app_button_enable)
    app_button_init                          0x00018779   Thumb Code   102  app_button.o(i.app_button_init)
    app_error_handler                        0x000187f1   Thumb Code    18  app_error.o(i.app_error_handler)
    app_fifo_get                             0x00018819   Thumb Code    34  app_fifo.o(i.app_fifo_get)
    app_fifo_init                            0x0001883b   Thumb Code    36  app_fifo.o(i.app_fifo_init)
    app_fifo_put                             0x0001885f   Thumb Code    34  app_fifo.o(i.app_fifo_put)
    app_timer_create                         0x000188a5   Thumb Code    72  app_timer.o(i.app_timer_create)
    app_timer_init                           0x000188f1   Thumb Code   164  app_timer.o(i.app_timer_init)
    app_timer_start                          0x000189a5   Thumb Code   122  app_timer.o(i.app_timer_start)
    app_timer_stop                           0x00018a29   Thumb Code    82  app_timer.o(i.app_timer_stop)
    app_uart_init                            0x00018a81   Thumb Code   354  app_uart_fifo.o(i.app_uart_init)
    ble_advdata_set                          0x00018d91   Thumb Code    90  ble_advdata.o(i.ble_advdata_set)
    ble_advertising_init                     0x00018ded   Thumb Code   316  ble_advertising.o(i.ble_advertising_init)
    ble_advertising_on_ble_evt               0x00018f31   Thumb Code   136  ble_advertising.o(i.ble_advertising_on_ble_evt)
    ble_advertising_on_sys_evt               0x00018fc1   Thumb Code    42  ble_advertising.o(i.ble_advertising_on_sys_evt)
    ble_advertising_restart_without_whitelist 0x00019001   Thumb Code    56  ble_advertising.o(i.ble_advertising_restart_without_whitelist)
    ble_advertising_start                    0x00019041   Thumb Code   396  ble_advertising.o(i.ble_advertising_start)
    ble_bas_battery_level_update             0x000191d5   Thumb Code   102  ble_bas.o(i.ble_bas_battery_level_update)
    ble_bas_init                             0x00019241   Thumb Code    56  ble_bas.o(i.ble_bas_init)
    ble_bas_on_ble_evt                       0x0001927d   Thumb Code    86  ble_bas.o(i.ble_bas_on_ble_evt)
    ble_conn_params_init                     0x000192d5   Thumb Code    72  ble_conn_params.o(i.ble_conn_params_init)
    ble_conn_params_on_ble_evt               0x00019329   Thumb Code   134  ble_conn_params.o(i.ble_conn_params_on_ble_evt)
    ble_dis_init                             0x000193b9   Thumb Code   308  ble_dis.o(i.ble_dis_init)
    ble_gls_are_cccd_configured              0x0001952d   Thumb Code    76  ble_gls.o(i.ble_gls_are_cccd_configured)
    ble_gls_db_init                          0x00019579   Thumb Code    34  ble_gls_db.o(i.ble_gls_db_init)
    ble_gls_db_num_records_get               0x000195a9   Thumb Code     6  ble_gls_db.o(i.ble_gls_db_num_records_get)
    ble_gls_db_record_add                    0x000195b5   Thumb Code    70  ble_gls_db.o(i.ble_gls_db_record_add)
    ble_gls_db_record_get                    0x00019609   Thumb Code    42  ble_gls_db.o(i.ble_gls_db_record_get)
    ble_gls_glucose_new_meas                 0x00019641   Thumb Code    20  ble_gls.o(i.ble_gls_glucose_new_meas)
    ble_gls_init                             0x00019659   Thumb Code   138  ble_gls.o(i.ble_gls_init)
    ble_gls_on_ble_evt                       0x000196ed   Thumb Code   204  ble_gls.o(i.ble_gls_on_ble_evt)
    ble_racp_decode                          0x000197bd   Thumb Code    42  ble_racp.o(i.ble_racp_decode)
    ble_racp_encode                          0x000197e7   Thumb Code    44  ble_racp.o(i.ble_racp_encode)
    ble_srv_ascii_to_utf8                    0x00019813   Thumb Code    18  ble_srv_common.o(i.ble_srv_ascii_to_utf8)
    ble_srv_report_ref_encode                0x00019825   Thumb Code    12  ble_srv_common.o(i.ble_srv_report_ref_encode)
    bond_data_load                           0x00019899   Thumb Code    58  device_manager_peripheral.o(i.bond_data_load)
    bsp_btn_ble_init                         0x000198e1   Thumb Code    80  bsp_btn_ble.o(i.bsp_btn_ble_init)
    bsp_btn_ble_on_ble_evt                   0x00019935   Thumb Code   114  bsp_btn_ble.o(i.bsp_btn_ble_on_ble_evt)
    bsp_btn_ble_sleep_mode_prepare           0x000199ad   Thumb Code    20  bsp_btn_ble.o(i.bsp_btn_ble_sleep_mode_prepare)
    bsp_button_is_pressed                    0x00019a5d   Thumb Code    34  bsp.o(i.bsp_button_is_pressed)
    bsp_event_to_button_action_assign        0x00019acd   Thumb Code    66  bsp.o(i.bsp_event_to_button_action_assign)
    bsp_indication_set                       0x00019b15   Thumb Code    22  bsp.o(i.bsp_indication_set)
    bsp_init                                 0x00019b31   Thumb Code   134  bsp.o(i.bsp_init)
    bsp_wakeup_buttons_set                   0x00019dc1   Thumb Code    50  bsp.o(i.bsp_wakeup_buttons_set)
    dm_ble_evt_handler                       0x0001a541   Thumb Code   962  device_manager_peripheral.o(i.dm_ble_evt_handler)
    dm_handle_initialize                     0x0001a919   Thumb Code    22  device_manager_peripheral.o(i.dm_handle_initialize)
    dm_init                                  0x0001a935   Thumb Code   174  device_manager_peripheral.o(i.dm_init)
    dm_register                              0x0001ab5d   Thumb Code   104  device_manager_peripheral.o(i.dm_register)
    dm_security_setup_req                    0x0001abd1   Thumb Code    80  device_manager_peripheral.o(i.dm_security_setup_req)
    dm_security_status_req                   0x0001ac2d   Thumb Code    98  device_manager_peripheral.o(i.dm_security_status_req)
    intern_softdevice_events_execute         0x0001b211   Thumb Code   124  softdevice_handler.o(i.intern_softdevice_events_execute)
    main                                     0x0001b531   Thumb Code   372  main.o(i.main)
    nrf_drv_common_irq_enable                0x0001b7a9   Thumb Code    78  nrf_drv_common.o(i.nrf_drv_common_irq_enable)
    nrf_drv_gpiote_in_event_enable           0x0001b809   Thumb Code   120  nrf_drv_gpiote.o(i.nrf_drv_gpiote_in_event_enable)
    nrf_drv_gpiote_in_init                   0x0001b895   Thumb Code   130  nrf_drv_gpiote.o(i.nrf_drv_gpiote_in_init)
    nrf_drv_gpiote_in_is_set                 0x0001b929   Thumb Code    16  nrf_drv_gpiote.o(i.nrf_drv_gpiote_in_is_set)
    nrf_drv_gpiote_init                      0x0001b93d   Thumb Code    72  nrf_drv_gpiote.o(i.nrf_drv_gpiote_init)
    nrf_drv_gpiote_is_init                   0x0001b98d   Thumb Code    12  nrf_drv_gpiote.o(i.nrf_drv_gpiote_is_init)
    nrf_drv_gpiote_out_init                  0x0001b99d   Thumb Code   130  nrf_drv_gpiote.o(i.nrf_drv_gpiote_out_init)
    pstorage_access_status_get               0x0001bcd5   Thumb Code    30  pstorage.o(i.pstorage_access_status_get)
    pstorage_block_identifier_get            0x0001bcfd   Thumb Code    74  pstorage.o(i.pstorage_block_identifier_get)
    pstorage_clear                           0x0001bd51   Thumb Code   114  pstorage.o(i.pstorage_clear)
    pstorage_init                            0x0001bdfd   Thumb Code   104  pstorage.o(i.pstorage_init)
    pstorage_load                            0x0001be6d   Thumb Code   156  pstorage.o(i.pstorage_load)
    pstorage_register                        0x0001bf11   Thumb Code   224  pstorage.o(i.pstorage_register)
    pstorage_store                           0x0001bff9   Thumb Code   134  pstorage.o(i.pstorage_store)
    pstorage_sys_event_handler               0x0001c089   Thumb Code   288  pstorage.o(i.pstorage_sys_event_handler)
    pstorage_update                          0x0001c1b1   Thumb Code   134  pstorage.o(i.pstorage_update)
    sensorsim_init                           0x0001c671   Thumb Code    24  sensorsim.o(i.sensorsim_init)
    sensorsim_measure                        0x0001c689   Thumb Code    54  sensorsim.o(i.sensorsim_measure)
    softdevice_assertion_handler             0x0001c879   Thumb Code    12  softdevice_handler.o(i.softdevice_assertion_handler)
    softdevice_ble_evt_handler_set           0x0001c885   Thumb Code    16  softdevice_handler.o(i.softdevice_ble_evt_handler_set)
    softdevice_handler_init                  0x0001c899   Thumb Code    40  softdevice_handler.o(i.softdevice_handler_init)
    softdevice_sys_evt_handler_set           0x0001c8c9   Thumb Code    16  softdevice_handler.o(i.softdevice_sys_evt_handler_set)
    uart_error_handle                        0x0001cc35   Thumb Code    24  main.o(i.uart_error_handle)
    m_service_context_store                  0x0001ce64   Data          16  device_manager_peripheral.o(.constdata)
    m_service_context_load                   0x0001ce74   Data          16  device_manager_peripheral.o(.constdata)
    m_service_context_apply                  0x0001ce84   Data          16  device_manager_peripheral.o(.constdata)
    Region$$Table$$Base                      0x0001cea0   Number         0  anon$$obj.o(Region$$Table)
    Region$$Table$$Limit                     0x0001cec0   Number         0  anon$$obj.o(Region$$Table)
    SystemCoreClock                          0x20002054   Data           4  system_nrf51.o(.data)
    __initial_sp                             0x20003538   Data           0  arm_startup_nrf51.o(STACK)



==============================================================================

Memory Map of the image

  Image Entry point : 0x000180c1

  Load Region LR_IROM1 (Base: 0x00018000, Size: 0x00005030, Max: 0x00028000, ABSOLUTE, COMPRESSED[0x00004ee4])

    Execution Region ER_IROM1 (Base: 0x00018000, Size: 0x00004ec0, Max: 0x00028000, ABSOLUTE)

    Base Addr    Size         Type   Attr      Idx    E Section Name        Object

    0x00018000   0x000000c0   Data   RO          463    RESET               arm_startup_nrf51.o
    0x000180c0   0x00000000   Code   RO         2116  * .ARM.Collect$$$$00000000  mc_p.l(entry.o)
    0x000180c0   0x00000004   Code   RO         2392    .ARM.Collect$$$$00000001  mc_p.l(entry2.o)
    0x000180c4   0x00000004   Code   RO         2395    .ARM.Collect$$$$00000004  mc_p.l(entry5.o)
    0x000180c8   0x00000000   Code   RO         2397    .ARM.Collect$$$$00000008  mc_p.l(entry7b.o)
    0x000180c8   0x00000000   Code   RO         2399    .ARM.Collect$$$$0000000A  mc_p.l(entry8b.o)
    0x000180c8   0x00000008   Code   RO         2400    .ARM.Collect$$$$0000000B  mc_p.l(entry9a.o)
    0x000180d0   0x00000000   Code   RO         2402    .ARM.Collect$$$$0000000D  mc_p.l(entry10a.o)
    0x000180d0   0x00000000   Code   RO         2404    .ARM.Collect$$$$0000000F  mc_p.l(entry11a.o)
    0x000180d0   0x00000004   Code   RO         2393    .ARM.Collect$$$$00002712  mc_p.l(entry2.o)
    0x000180d4   0x0000001e   Code   RO         1835    .emb_text           app_timer.o
    0x000180f2   0x00000002   PAD
    0x000180f4   0x00000038   Code   RO          464    .text               arm_startup_nrf51.o
    0x0001812c   0x0000002c   Code   RO         2119    .text               mc_p.l(uidiv.o)
    0x00018158   0x00000024   Code   RO         2121    .text               mc_p.l(memcpya.o)
    0x0001817c   0x00000024   Code   RO         2123    .text               mc_p.l(memseta.o)
    0x000181a0   0x0000000e   Code   RO         2125    .text               mc_p.l(strlen.o)
    0x000181ae   0x0000001a   Code   RO         2127    .text               mc_p.l(memcmp.o)
    0x000181c8   0x00000024   Code   RO         2419    .text               mc_p.l(init.o)
    0x000181ec   0x0000003a   Code   RO         2439    .text               mc_p.l(__dczerorl.o)
    0x00018226   0x00000002   PAD
    0x00018228   0x00000114   Code   RO         1264    i.GPIOTE_IRQHandler  nrf_drv_gpiote.o
    0x0001833c   0x00000044   Code   RO         1836    i.NVIC_SetPriority  app_timer.o
    0x00018380   0x00000020   Code   RO         1837    i.RTC1_IRQHandler   app_timer.o
    0x000183a0   0x00000054   Code   RO         1838    i.SWI0_IRQHandler   app_timer.o
    0x000183f4   0x00000024   Code   RO         2060    i.SWI2_IRQHandler   softdevice_handler.o
    0x00018418   0x00000054   Code   RO          471    i.SystemInit        system_nrf51.o
    0x0001846c   0x00000080   Code   RO         1481    i.UART0_IRQHandler  app_uart_fifo.o
    0x000184ec   0x0000001a   Code   RO          409    i.__ARM_common_switch8  bsp.o
    0x00018506   0x0000000e   Code   RO         2433    i.__scatterload_copy  mc_p.l(handlers.o)
    0x00018514   0x00000002   Code   RO         2434    i.__scatterload_null  mc_p.l(handlers.o)
    0x00018516   0x0000000e   Code   RO         2435    i.__scatterload_zeroinit  mc_p.l(handlers.o)
    0x00018524   0x0000004c   Code   RO         1482    i.action_tx_send    app_uart_fifo.o
    0x00018570   0x00000024   Code   RO         1483    i.action_tx_stop    app_uart_fifo.o
    0x00018594   0x00000020   Code   RO         1484    i.action_uart_deactivate  app_uart_fifo.o
    0x000185b4   0x0000014a   Code   RO         1022    i.adv_data_encode   ble_advdata.o
    0x000186fe   0x0000003c   Code   RO          424    i.advertising_buttons_configure  bsp_btn_ble.o
    0x0001873a   0x00000002   PAD
    0x0001873c   0x00000018   Code   RO          318    i.alert_timer_handler  bsp.o
    0x00018754   0x00000024   Code   RO         1711    i.app_button_enable  app_button.o
    0x00018778   0x00000078   Code   RO         1712    i.app_button_init   app_button.o
    0x000187f0   0x0000001c   Code   RO         1779    i.app_error_handler  app_error.o
    0x0001880c   0x0000000c   Code   RO          754    i.app_evt_notify    device_manager_peripheral.o
    0x00018818   0x00000022   Code   RO         1801    i.app_fifo_get      app_fifo.o
    0x0001883a   0x00000024   Code   RO         1802    i.app_fifo_init     app_fifo.o
    0x0001885e   0x00000022   Code   RO         1803    i.app_fifo_put      app_fifo.o
    0x00018880   0x00000024   Code   RO         1585    i.app_notify        pstorage.o
    0x000188a4   0x0000004c   Code   RO         1841    i.app_timer_create  app_timer.o
    0x000188f0   0x000000b4   Code   RO         1842    i.app_timer_init    app_timer.o
    0x000189a4   0x00000084   Code   RO         1843    i.app_timer_start   app_timer.o
    0x00018a28   0x00000058   Code   RO         1844    i.app_timer_stop    app_timer.o
    0x00018a80   0x00000194   Code   RO         1489    i.app_uart_init     app_uart_fifo.o
    0x00018c14   0x00000138   Code   RO          505    i.battery_level_char_add  ble_bas.o
    0x00018d4c   0x00000044   Code   RO            4    i.battery_level_meas_timeout_handler  main.o
    0x00018d90   0x0000005a   Code   RO         1023    i.ble_advdata_set   ble_advdata.o
    0x00018dea   0x00000002   PAD
    0x00018dec   0x00000144   Code   RO         1079    i.ble_advertising_init  ble_advertising.o
    0x00018f30   0x00000090   Code   RO         1080    i.ble_advertising_on_ble_evt  ble_advertising.o
    0x00018fc0   0x00000030   Code   RO         1081    i.ble_advertising_on_sys_evt  ble_advertising.o
    0x00018ff0   0x00000010   Code   RO         1083    i.ble_advertising_peer_address_clear  ble_advertising.o
    0x00019000   0x00000040   Code   RO         1084    i.ble_advertising_restart_without_whitelist  ble_advertising.o
    0x00019040   0x00000194   Code   RO         1085    i.ble_advertising_start  ble_advertising.o
    0x000191d4   0x0000006c   Code   RO          506    i.ble_bas_battery_level_update  ble_bas.o
    0x00019240   0x0000003c   Code   RO          507    i.ble_bas_init      ble_bas.o
    0x0001927c   0x00000056   Code   RO          508    i.ble_bas_on_ble_evt  ble_bas.o
    0x000192d2   0x00000002   PAD
    0x000192d4   0x00000054   Code   RO         1158    i.ble_conn_params_init  ble_conn_params.o
    0x00019328   0x00000090   Code   RO         1159    i.ble_conn_params_on_ble_evt  ble_conn_params.o
    0x000193b8   0x00000140   Code   RO          543    i.ble_dis_init      ble_dis.o
    0x000194f8   0x00000034   Code   RO            5    i.ble_evt_dispatch  main.o
    0x0001952c   0x0000004c   Code   RO          581    i.ble_gls_are_cccd_configured  ble_gls.o
    0x00019578   0x00000030   Code   RO          695    i.ble_gls_db_init   ble_gls_db.o
    0x000195a8   0x0000000c   Code   RO          696    i.ble_gls_db_num_records_get  ble_gls_db.o
    0x000195b4   0x00000054   Code   RO          697    i.ble_gls_db_record_add  ble_gls_db.o
    0x00019608   0x00000038   Code   RO          699    i.ble_gls_db_record_get  ble_gls_db.o
    0x00019640   0x00000018   Code   RO          582    i.ble_gls_glucose_new_meas  ble_gls.o
    0x00019658   0x00000094   Code   RO          583    i.ble_gls_init      ble_gls.o
    0x000196ec   0x000000d0   Code   RO          584    i.ble_gls_on_ble_evt  ble_gls.o
    0x000197bc   0x0000002a   Code   RO         1212    i.ble_racp_decode   ble_racp.o
    0x000197e6   0x0000002c   Code   RO         1213    i.ble_racp_encode   ble_racp.o
    0x00019812   0x00000012   Code   RO          734    i.ble_srv_ascii_to_utf8  ble_srv_common.o
    0x00019824   0x0000000c   Code   RO          735    i.ble_srv_report_ref_encode  ble_srv_common.o
    0x00019830   0x00000068   Code   RO            6    i.ble_stack_init    main.o
    0x00019898   0x00000048   Code   RO          755    i.bond_data_load    device_manager_peripheral.o
    0x000198e0   0x00000054   Code   RO          425    i.bsp_btn_ble_init  bsp_btn_ble.o
    0x00019934   0x00000078   Code   RO          426    i.bsp_btn_ble_on_ble_evt  bsp_btn_ble.o
    0x000199ac   0x00000014   Code   RO          427    i.bsp_btn_ble_sleep_mode_prepare  bsp_btn_ble.o
    0x000199c0   0x0000009c   Code   RO          319    i.bsp_button_event_handler  bsp.o
    0x00019a5c   0x0000002c   Code   RO          320    i.bsp_button_is_pressed  bsp.o
    0x00019a88   0x00000044   Code   RO            7    i.bsp_event_handler  main.o
    0x00019acc   0x00000048   Code   RO          324    i.bsp_event_to_button_action_assign  bsp.o
    0x00019b14   0x0000001c   Code   RO          325    i.bsp_indication_set  bsp.o
    0x00019b30   0x000000a0   Code   RO          327    i.bsp_init          bsp.o
    0x00019bd0   0x000001f0   Code   RO          328    i.bsp_led_indication  bsp.o
    0x00019dc0   0x0000003c   Code   RO          329    i.bsp_wakeup_buttons_set  bsp.o
    0x00019dfc   0x0000000c   Code   RO          330    i.button_timer_handler  bsp.o
    0x00019e08   0x0000001c   Code   RO         1265    i.channel_free      nrf_drv_gpiote.o
    0x00019e24   0x0000004c   Code   RO         1266    i.channel_port_alloc  nrf_drv_gpiote.o
    0x00019e70   0x00000010   Code   RO         1267    i.channel_port_get  nrf_drv_gpiote.o
    0x00019e80   0x000000a0   Code   RO          544    i.char_add          ble_dis.o
    0x00019f20   0x000000f8   Code   RO         1586    i.cmd_process       pstorage.o
    0x0001a018   0x00000028   Code   RO         1587    i.cmd_queue_dequeue  pstorage.o
    0x0001a040   0x00000020   Code   RO         1588    i.cmd_queue_element_init  pstorage.o
    0x0001a060   0x00000054   Code   RO         1589    i.cmd_queue_enqueue  pstorage.o
    0x0001a0b4   0x000000a4   Code   RO         1846    i.compare_reg_update  app_timer.o
    0x0001a158   0x00000084   Code   RO         1024    i.conn_int_encode   ble_advdata.o
    0x0001a1dc   0x0000000c   Code   RO            8    i.conn_params_error_handler  main.o
    0x0001a1e8   0x00000064   Code   RO         1161    i.conn_params_negotiation  ble_conn_params.o
    0x0001a24c   0x00000030   Code   RO          756    i.connection_instance_find  device_manager_peripheral.o
    0x0001a27c   0x00000024   Code   RO          757    i.connection_instance_init  device_manager_peripheral.o
    0x0001a2a0   0x00000060   Code   RO         1714    i.detection_delay_timeout_handler  app_button.o
    0x0001a300   0x000000b0   Code   RO          758    i.device_context_store  device_manager_peripheral.o
    0x0001a3b0   0x00000054   Code   RO          759    i.device_instance_allocate  device_manager_peripheral.o
    0x0001a404   0x00000048   Code   RO          760    i.device_instance_find  device_manager_peripheral.o
    0x0001a44c   0x0000002c   Code   RO          761    i.device_instance_free  device_manager_peripheral.o
    0x0001a478   0x00000050   Code   RO            9    i.device_manager_evt_handler  main.o
    0x0001a4c8   0x00000078   Code   RO           10    i.device_manager_init  main.o
    0x0001a540   0x000003d8   Code   RO          766    i.dm_ble_evt_handler  device_manager_peripheral.o
    0x0001a918   0x0000001c   Code   RO          772    i.dm_handle_initialize  device_manager_peripheral.o
    0x0001a934   0x000000c4   Code   RO          773    i.dm_init           device_manager_peripheral.o
    0x0001a9f8   0x00000164   Code   RO          776    i.dm_pstorage_cb_handler  device_manager_peripheral.o
    0x0001ab5c   0x00000074   Code   RO          777    i.dm_register       device_manager_peripheral.o
    0x0001abd0   0x0000005c   Code   RO          778    i.dm_security_setup_req  device_manager_peripheral.o
    0x0001ac2c   0x00000070   Code   RO          779    i.dm_security_status_req  device_manager_peripheral.o
    0x0001ac9c   0x00000040   Code   RO         1847    i.elapsed_ticks_acquire  app_timer.o
    0x0001acdc   0x00000058   Code   RO         1848    i.expired_timers_handler  app_timer.o
    0x0001ad34   0x00000068   Code   RO           11    i.gap_params_init   main.o
    0x0001ad9c   0x00000004   Code   RO          784    i.gattc_context_apply  device_manager_peripheral.o
    0x0001ada0   0x00000004   Code   RO          785    i.gattc_context_load  device_manager_peripheral.o
    0x0001ada4   0x00000004   Code   RO          786    i.gattc_context_store  device_manager_peripheral.o
    0x0001ada8   0x000000b0   Code   RO          787    i.gatts_context_apply  device_manager_peripheral.o
    0x0001ae58   0x00000030   Code   RO          788    i.gatts_context_load  device_manager_peripheral.o
    0x0001ae88   0x000000ac   Code   RO          789    i.gatts_context_store  device_manager_peripheral.o
    0x0001af34   0x00000008   Code   RO          790    i.gattsc_context_apply  device_manager_peripheral.o
    0x0001af3c   0x00000008   Code   RO          791    i.gattsc_context_load  device_manager_peripheral.o
    0x0001af44   0x00000008   Code   RO          792    i.gattsc_context_store  device_manager_peripheral.o
    0x0001af4c   0x000000a4   Code   RO          585    i.gls_meas_encode   ble_gls.o
    0x0001aff0   0x00000090   Code   RO          586    i.glucose_feature_char_add  ble_gls.o
    0x0001b080   0x0000005c   Code   RO          587    i.glucose_meas_send  ble_gls.o
    0x0001b0dc   0x000000d0   Code   RO          588    i.glucose_measurement_char_add  ble_gls.o
    0x0001b1ac   0x0000004c   Code   RO         1715    i.gpiote_event_handler  app_button.o
    0x0001b1f8   0x00000016   Code   RO         1491    i.gpiote_uart_event_handler  app_uart_fifo.o
    0x0001b20e   0x00000002   PAD
    0x0001b210   0x00000080   Code   RO         2061    i.intern_softdevice_events_execute  softdevice_handler.o
    0x0001b290   0x0000001c   Code   RO         1162    i.is_conn_params_ok  ble_conn_params.o
    0x0001b2ac   0x00000048   Code   RO          472    i.is_manual_peripheral_setup_needed  system_nrf51.o
    0x0001b2f4   0x00000094   Code   RO          589    i.is_request_to_be_executed  ble_gls.o
    0x0001b388   0x0000000c   Code   RO         1590    i.is_word_aligned   pstorage.o
    0x0001b394   0x00000018   Code   RO          331    i.leds_timer_handler  bsp.o
    0x0001b3ac   0x00000094   Code   RO         1849    i.list_deletions_handler  app_timer.o
    0x0001b440   0x000000f0   Code   RO         1850    i.list_insertions_handler  app_timer.o
    0x0001b530   0x0000019c   Code   RO           12    i.main              main.o
    0x0001b6cc   0x00000064   Code   RO         1025    i.manuf_specific_data_encode  ble_advdata.o
    0x0001b730   0x0000006a   Code   RO         1026    i.name_encode       ble_advdata.o
    0x0001b79a   0x00000004   Code   RO          793    i.no_service_context_apply  device_manager_peripheral.o
    0x0001b79e   0x00000004   Code   RO          794    i.no_service_context_load  device_manager_peripheral.o
    0x0001b7a2   0x00000004   Code   RO          795    i.no_service_context_store  device_manager_peripheral.o
    0x0001b7a6   0x00000002   PAD
    0x0001b7a8   0x00000060   Code   RO         1235    i.nrf_drv_common_irq_enable  nrf_drv_common.o
    0x0001b808   0x0000008c   Code   RO         1270    i.nrf_drv_gpiote_in_event_enable  nrf_drv_gpiote.o
    0x0001b894   0x00000094   Code   RO         1271    i.nrf_drv_gpiote_in_init  nrf_drv_gpiote.o
    0x0001b928   0x00000014   Code   RO         1272    i.nrf_drv_gpiote_in_is_set  nrf_drv_gpiote.o
    0x0001b93c   0x00000050   Code   RO         1274    i.nrf_drv_gpiote_init  nrf_drv_gpiote.o
    0x0001b98c   0x00000010   Code   RO         1275    i.nrf_drv_gpiote_is_init  nrf_drv_gpiote.o
    0x0001b99c   0x00000098   Code   RO         1277    i.nrf_drv_gpiote_out_init  nrf_drv_gpiote.o
    0x0001ba34   0x00000020   Code   RO         1287    i.nrf_gpio_cfg_sense_set  nrf_drv_gpiote.o
    0x0001ba54   0x00000014   Code   RO         1288    i.nrf_gpiote_event_is_set  nrf_drv_gpiote.o
    0x0001ba68   0x00000022   Code   RO           13    i.on_adv_evt        main.o
    0x0001ba8a   0x00000002   PAD
    0x0001ba8c   0x00000024   Code   RO           14    i.on_conn_params_evt  main.o
    0x0001bab0   0x000000dc   Code   RO          590    i.on_racp_value_write  ble_gls.o
    0x0001bb8c   0x00000088   Code   RO         1492    i.on_uart_event     app_uart_fifo.o
    0x0001bc14   0x00000016   Code   RO         1087    i.peer_address_exists  ble_advertising.o
    0x0001bc2a   0x00000002   PAD
    0x0001bc2c   0x00000038   Code   RO          796    i.peer_instance_init  device_manager_peripheral.o
    0x0001bc64   0x00000018   Code   RO         1289    i.pin_in_use_by_port  nrf_drv_gpiote.o
    0x0001bc7c   0x00000018   Code   RO         1290    i.pin_in_use_by_te  nrf_drv_gpiote.o
    0x0001bc94   0x0000003e   Code   RO          545    i.pnp_id_encode     ble_dis.o
    0x0001bcd2   0x00000002   PAD
    0x0001bcd4   0x00000028   Code   RO         1591    i.pstorage_access_status_get  pstorage.o
    0x0001bcfc   0x00000054   Code   RO         1592    i.pstorage_block_identifier_get  pstorage.o
    0x0001bd50   0x0000007c   Code   RO         1593    i.pstorage_clear    pstorage.o
    0x0001bdcc   0x00000024   Code   RO         1594    i.pstorage_flash_page_end  pstorage.o
    0x0001bdf0   0x0000000a   Code   RO         1595    i.pstorage_flash_page_size  pstorage.o
    0x0001bdfa   0x00000002   PAD
    0x0001bdfc   0x00000070   Code   RO         1596    i.pstorage_init     pstorage.o
    0x0001be6c   0x000000a4   Code   RO         1597    i.pstorage_load     pstorage.o
    0x0001bf10   0x000000e8   Code   RO         1598    i.pstorage_register  pstorage.o
    0x0001bff8   0x00000090   Code   RO         1599    i.pstorage_store    pstorage.o
    0x0001c088   0x00000128   Code   RO         1600    i.pstorage_sys_event_handler  pstorage.o
    0x0001c1b0   0x00000090   Code   RO         1601    i.pstorage_update   pstorage.o
    0x0001c240   0x00000054   Code   RO          591    i.racp_report_records_first_last  ble_gls.o
    0x0001c294   0x00000054   Code   RO          592    i.racp_report_records_greater_or_equal  ble_gls.o
    0x0001c2e8   0x000000b0   Code   RO          593    i.racp_report_records_procedure  ble_gls.o
    0x0001c398   0x00000024   Code   RO          594    i.racp_response_code_send  ble_gls.o
    0x0001c3bc   0x00000080   Code   RO          595    i.racp_send         ble_gls.o
    0x0001c43c   0x0000006c   Code   RO           15    i.read_History_measurement  main.o
    0x0001c4a8   0x000000ac   Code   RO          596    i.record_access_control_point_char_add  ble_gls.o
    0x0001c554   0x00000090   Code   RO          597    i.report_num_records_request_execute  ble_gls.o
    0x0001c5e4   0x00000044   Code   RO         1851    i.rtc1_stop         app_timer.o
    0x0001c628   0x00000048   Code   RO           16    i.sec_req_timeout_handler  main.o
    0x0001c670   0x00000018   Code   RO         2037    i.sensorsim_init    sensorsim.o
    0x0001c688   0x00000036   Code   RO         2038    i.sensorsim_measure  sensorsim.o
    0x0001c6be   0x0000007c   Code   RO         1027    i.service_data_encode  ble_advdata.o
    0x0001c73a   0x0000000c   Code   RO           17    i.service_error_handler  main.o
    0x0001c746   0x00000002   PAD
    0x0001c748   0x000000fc   Code   RO           18    i.services_init     main.o
    0x0001c844   0x00000034   Code   RO           19    i.sleep_mode_enter  main.o
    0x0001c878   0x0000000c   Code   RO         2062    i.softdevice_assertion_handler  softdevice_handler.o
    0x0001c884   0x00000014   Code   RO         2063    i.softdevice_ble_evt_handler_set  softdevice_handler.o
    0x0001c898   0x00000030   Code   RO         2064    i.softdevice_handler_init  softdevice_handler.o
    0x0001c8c8   0x00000014   Code   RO         2066    i.softdevice_sys_evt_handler_set  softdevice_handler.o
    0x0001c8dc   0x00000004   Code   RO          797    i.storage_operation_dummy_handler  device_manager_peripheral.o
    0x0001c8e0   0x0000012c   Code   RO         1602    i.swap_state_process  pstorage.o
    0x0001ca0c   0x00000010   Code   RO           20    i.sys_evt_dispatch  main.o
    0x0001ca1c   0x00000056   Code   RO          546    i.sys_id_encode     ble_dis.o
    0x0001ca72   0x00000002   PAD
    0x0001ca74   0x00000010   Code   RO         1852    i.timer_list_handler_sched  app_timer.o
    0x0001ca84   0x00000064   Code   RO         1853    i.timer_list_insert  app_timer.o
    0x0001cae8   0x00000070   Code   RO         1854    i.timer_list_remove  app_timer.o
    0x0001cb58   0x00000080   Code   RO         1855    i.timer_timeouts_check  app_timer.o
    0x0001cbd8   0x0000005c   Code   RO           21    i.timers_init       main.o
    0x0001cc34   0x00000018   Code   RO           22    i.uart_error_handle  main.o
    0x0001cc4c   0x0000000a   Code   RO          598    i.uint16_encode     ble_gls.o
    0x0001cc56   0x0000000a   Code   RO         1028    i.uint16_encode     ble_advdata.o
    0x0001cc60   0x00000014   Code   RO          798    i.update_status_bit_reset  device_manager_peripheral.o
    0x0001cc74   0x00000064   Code   RO         1163    i.update_timeout_handler  ble_conn_params.o
    0x0001ccd8   0x00000054   Code   RO         1856    i.user_id_get       app_timer.o
    0x0001cd2c   0x00000024   Code   RO         1857    i.user_op_alloc     app_timer.o
    0x0001cd50   0x00000026   Code   RO         1029    i.uuid_list_encode  ble_advdata.o
    0x0001cd76   0x000000a2   Code   RO         1030    i.uuid_list_sized_encode  ble_advdata.o
    0x0001ce18   0x00000010   Code   RO         1088    i.whitelist_has_entries  ble_advertising.o
    0x0001ce28   0x0000000c   Data   RO           24    .constdata          main.o
    0x0001ce34   0x00000030   Data   RO          333    .constdata          bsp.o
    0x0001ce64   0x00000030   Data   RO          800    .constdata          device_manager_peripheral.o
    0x0001ce94   0x00000008   Data   RO         1494    .constdata          app_uart_fifo.o
    0x0001ce9c   0x00000004   Data   RO         1716    .constdata          app_button.o
    0x0001cea0   0x00000020   Data   RO         2431    Region$$Table       anon$$obj.o


    Execution Region RW_IRAM1 (Base: 0x20002000, Size: 0x00001538, Max: 0x00006000, ABSOLUTE, COMPRESSED[0x00000024])

    Base Addr    Size         Type   Attr      Idx    E Section Name        Object

    0x20002000   0x0000002c   Data   RW           25    .data               main.o
    0x2000202c   0x00000020   Data   RW          334    .data               bsp.o
    0x2000204c   0x00000008   Data   RW          428    .data               bsp_btn_ble.o
    0x20002054   0x00000004   Data   RW          473    .data               system_nrf51.o
    0x20002058   0x0000004a   Data   RW          547    .data               ble_dis.o
    0x200020a2   0x00000002   PAD
    0x200020a4   0x00000014   Data   RW          599    .data               ble_gls.o
    0x200020b8   0x00000002   Data   RW          701    .data               ble_gls_db.o
    0x200020ba   0x00000002   PAD
    0x200020bc   0x00000018   Data   RW          802    .data               device_manager_peripheral.o
    0x200020d4   0x0000001f   Data   RW         1090    .data               ble_advertising.o
    0x200020f3   0x00000001   PAD
    0x200020f4   0x00000018   Data   RW         1165    .data               ble_conn_params.o
    0x2000210c   0x00000008   Data   RW         1495    .data               app_uart_fifo.o
    0x20002114   0x0000000c   Data   RW         1604    .data               pstorage.o
    0x20002120   0x00000018   Data   RW         1717    .data               app_button.o
    0x20002138   0x00000024   Data   RW         1858    .data               app_timer.o
    0x2000215c   0x00000014   Data   RW         2067    .data               softdevice_handler.o
    0x20002170   0x000004a8   Zero   RW           23    .bss                main.o
    0x20002618   0x0000000c   Zero   RW          332    .bss                bsp.o
    0x20002624   0x00000384   Zero   RW          700    .bss                ble_gls_db.o
    0x200029a8   0x0000012b   Zero   RW          799    .bss                device_manager_peripheral.o
    0x20002ad3   0x00000001   PAD
    0x20002ad4   0x000000f7   Zero   RW         1089    .bss                ble_advertising.o
    0x20002bcb   0x00000001   PAD
    0x20002bcc   0x0000001c   Zero   RW         1164    .bss                ble_conn_params.o
    0x20002be8   0x00000054   Zero   RW         1291    .bss                nrf_drv_gpiote.o
    0x20002c3c   0x00000020   Zero   RW         1493    .bss                app_uart_fifo.o
    0x20002c5c   0x000000dc   Zero   RW         1603    .bss                pstorage.o
    0x20002d38   0x00000800   Zero   RW          461    STACK               arm_startup_nrf51.o


==============================================================================

Image component sizes


      Code (inc. data)   RO Data    RW Data    ZI Data      Debug   Object Name

       328         34          4         24          0       8690   app_button.o
        28         10          0          0          0       7368   app_error.o
       104          0          0          0          0       3254   app_fifo.o
      1938        160          0         36          0      28331   app_timer.o
       834        136          8          8         32      16924   app_uart_fifo.o
        56         18        192          0       2048        668   arm_startup_nrf51.o
      1092          6          0          0          0      10894   ble_advdata.o
      1038         42          0         31        247      11053   ble_advertising.o
       566         20          0          0          0      10875   ble_bas.o
       456         50          0         24         28       6320   ble_conn_params.o
       628         16          0         74          0       6547   ble_dis.o
      2266        100          0         20          0      29033   ble_gls.o
       200         48          0          2        900       3347   ble_gls_db.o
        86          0          0          0          0       3124   ble_racp.o
        30          0          0          0          0       1940   ble_srv_common.o
      1102        120         48         32         12       9665   bsp.o
       284         10          0          8          0       4561   bsp_btn_ble.o
      2952        224         48         24        299      31238   device_manager_peripheral.o
      1718        198         12         44       1192     111539   main.o
        96         18          0          0          0       7696   nrf_drv_common.o
      1052        140          0          0         84      20758   nrf_drv_gpiote.o
      2138        132          0         12        220      20798   pstorage.o
        78          0          0          0          0       2141   sensorsim.o
       264         24          0         20          0       5868   softdevice_handler.o
       156         26          0          4          0       1991   system_nrf51.o

    ----------------------------------------------------------------------
     19514       1532        344        368       5064     364623   Object Totals
         0          0         32          0          0          0   (incl. Generated)
        24          0          0          5          2          0   (incl. Padding)

    ----------------------------------------------------------------------

      Code (inc. data)   RO Data    RW Data    ZI Data      Debug   Library Member Name

        58          0          0          0          0          0   __dczerorl.o
         0          0          0          0          0          0   entry.o
         0          0          0          0          0          0   entry10a.o
         0          0          0          0          0          0   entry11a.o
         8          4          0          0          0          0   entry2.o
         4          0          0          0          0          0   entry5.o
         0          0          0          0          0          0   entry7b.o
         0          0          0          0          0          0   entry8b.o
         8          4          0          0          0          0   entry9a.o
        30          0          0          0          0          0   handlers.o
        36          8          0          0          0         68   init.o
        26          0          0          0          0         72   memcmp.o
        36          0          0          0          0         60   memcpya.o
        36          0          0          0          0        100   memseta.o
        14          0          0          0          0         60   strlen.o
        44          0          0          0          0         72   uidiv.o

    ----------------------------------------------------------------------
       302         16          0          0          0        432   Library Totals
         2          0          0          0          0          0   (incl. Padding)

    ----------------------------------------------------------------------

      Code (inc. data)   RO Data    RW Data    ZI Data      Debug   Library Name

       300         16          0          0          0        432   mc_p.l

    ----------------------------------------------------------------------
       302         16          0          0          0        432   Library Totals

    ----------------------------------------------------------------------

==============================================================================


      Code (inc. data)   RO Data    RW Data    ZI Data      Debug   

     19816       1548        344        368       5064     356559   Grand Totals
     19816       1548        344         36       5064     356559   ELF Image Totals (compressed)
     19816       1548        344         36          0          0   ROM Totals

==============================================================================

    Total RO  Size (Code + RO Data)                20160 (  19.69kB)
    Total RW  Size (RW Data + ZI Data)              5432 (   5.30kB)
    Total ROM Size (Code + RO Data + RW Data)      20196 (  19.72kB)

==============================================================================

