<html>
<body>
<pre>
<h1>µVision Build Log</h1>
<h2>Tool Versions:</h2>
IDE-Version: µVision V5.15
Copyright (C) 2015 ARM Ltd and ARM Germany GmbH. All rights reserved.
License Information: Ravi Sysfort, Sysfort, LIC=----
 
Tool Versions:
Toolchain:       MDK-Lite  Version: 5.15.0
Toolchain Path:  C:\Keil_v5\ARM\ARMCC\Bin
C Compiler:      Armcc.exe V5.05 update 2 (build 169)
Assembler:       Armasm.exe V5.05 update 2 (build 169)
Linker/Locator:  ArmLink.exe V5.05 update 2 (build 169)
Library Manager: ArmAr.exe V5.05 update 2 (build 169)
Hex Converter:   FromElf.exe V5.05 update 2 (build 169)
CPU DLL:         
Dialog DLL:      
Target DLL:      Segger\JL2CM3.dll V2.99.15.0
Dialog DLL:      TARMCM1.DLL V1.9.0.0
 
<h2>Project:</h2>
C:\Users\pc\Documents1\ble_peripheral\BleNordicTimer\pca10028\s110\arm5\BleNordicTimer.uvprojx
Project File Date:  06/12/2015

<h2>Output:</h2>
*** Using Compiler 'V5.05 update 2 (build 169)', folder: 'C:\Keil_v5\ARM\ARMCC\Bin'
Build target 'nrf51422_xxac_s110'
compiling main.c...
..\..\..\main.c(86): warning:  #177-D: variable "m_rr_interval_timer_id" was declared but never referenced
  static osTimerId                             m_rr_interval_timer_id;                    
..\..\..\main.c(87): warning:  #177-D: variable "m_sensor_contact_timer_id" was declared but never referenced
  static osTimerId                             m_sensor_contact_timer_id;                 
..\..\..\main.c: 2 warnings, 0 errors
compiling bsp.c...
compiling bsp_btn_ble.c...
assembling arm_startup_nrf51.s...
compiling system_nrf51.c...
compiling RTX_Conf_CM.c...
compiling ble_bas.c...
compiling ble_dis.c...
compiling ble_hrs.c...
compiling ble_srv_common.c...
compiling device_manager_peripheral.c...
compiling ble_advdata.c...
compiling ble_advertising.c...
compiling ble_conn_params.c...
compiling nrf_drv_common.c...
compiling nrf_drv_gpiote.c...
compiling nrf_delay.c...
compiling app_uart_fifo.c...
compiling pstorage.c...
compiling app_button.c...
compiling app_error.c...
compiling app_fifo.c...
compiling app_timer_rtx.c...
compiling app_trace.c...
compiling nrf_assert.c...
compiling retarget.c...
compiling sensorsim.c...
compiling softdevice_handler.c...
linking...
Program Size: Code=21528 RO-data=452 RW-data=400 ZI-data=7472  
FromELF: creating hex file...
".\_build\nrf51422_xxac_s110.axf" - 0 Error(s), 2 Warning(s).

<h2>Software Packages used:</h2>

Package Vendor: ARM
                http://www.keil.com/pack/ARM.CMSIS.4.3.0.pack
                ARM::CMSIS:CORE:4.1.0
                CMSIS (Cortex Microcontroller Software Interface Standard)
   * Component: CORE Version: 4.1.0

Package Vendor: NordicSemiconductor
                http://developer.nordicsemi.com/nRF51_SDK/pieces/nRF_BLE/NordicSemiconductor.nRF_BLE.3.0.0.pack
                NordicSemiconductor::nRF_BLE:BLE_Services:ble_hrs:3.0.0
                Bluetooth Low Energy (Bluetooth Smart) services and software modules for Nordic Semiconductor nRF family.
   * Component: ble_hrs Version: 3.0.0
   * Component: ble_conn_params Version: 3.0.0
   * Component: ble_service_common Version: 3.0.0
   * Component: ble_bas Version: 3.0.0
   * Component: device_manager Variant: Peripheral Version: 3.0.0
   * Component: ble_dis Version: 3.0.0
   * Component: ble_common Version: 3.0.0
   * Component: ble_advertising Version: 3.0.0
   * Component: ble_advdata Version: 3.0.0

Package Vendor: NordicSemiconductor
                http://developer.nordicsemi.com/nRF51_SDK/pieces/nRF_DeviceFamilyPack/NordicSemiconductor.nRF_DeviceFamilyPack.7.2.1.pack
                NordicSemiconductor::Device:Startup:7.2.1
                Nordic Semiconductor nRF ARM devices Device Family Pack.
   * Component: Startup Version: 7.2.1

Package Vendor: NordicSemiconductor
                http://developer.nordicsemi.com/nRF51_SDK/pieces/nRF_Drivers/NordicSemiconductor.nRF_Drivers.3.0.0.pack
                NordicSemiconductor::nRF_Drivers:nrf_delay:3.0.0
                Drivers for Nordic Semiconductor nRF family.
   * Component: nrf_delay Version: 3.0.0
   * Component: nrf_gpio Version: 3.0.0
   * Component: nrf_gpiote Version: 3.0.0
   * Component: nrf_error Variant: default Version: 3.0.0
   * Component: pstorage Variant: default Version: 3.0.0
   * Component: nrf_drv_gpiote Version: 3.0.0
   * Component: nrf_drv_common Version: 3.0.0
   * Component: app_uart Variant: Fifo Version: 3.0.0

Package Vendor: NordicSemiconductor
                http://developer.nordicsemi.com/nRF51_SDK/pieces/nRF_Examples/NordicSemiconductor.nRF_Examples.8.1.1.pack
                NordicSemiconductor::Board Support:bsp:default:8.1.1
                Examples and BSP for Nordic Semiconductor nRF family.
   * Component: bsp Variant: default Version: 8.1.1
   * Component: bsp_btn_ble Version: 8.1.1

Package Vendor: NordicSemiconductor
                http://developer.nordicsemi.com/nRF51_SDK/pieces/nRF_Libraries/NordicSemiconductor.nRF_Libraries.3.0.0.pack
                NordicSemiconductor::nRF_Libraries:app_button:3.0.0
                Software modules for Nordic Semiconductor nRF family.
   * Component: app_button Version: 3.0.0
   * Component: app_error Version: 3.0.0
   * Component: retarget Version: 3.0.0
   * Component: app_fifo Version: 3.0.0
   * Component: sensorsim Version: 3.0.0
   * Component: app_trace Variant: default Version: 3.0.0
   * Component: nrf_assert Version: 3.0.0
   * Component: app_timer Variant: Rtx Version: 3.0.0
   * Component: app_util Variant: default Version: 3.0.0

Package Vendor: NordicSemiconductor
                http://developer.nordicsemi.com/nRF51_SDK/pieces/nRF_RTX/NordicSemiconductor.nRF_RTX.4.74.0-6.pack
                NordicSemiconductor::Third Parties:RTOS:RTX:4.74.0-6
                Port of the ARM CMSIS-RTOS based RTX for Nordic Semiconductor nRF family.
   * Component: RTX Version: 4.74.0-6

Package Vendor: NordicSemiconductor
                http://developer.nordicsemi.com/nRF51_SDK/pieces/nRF_SoftDevice_Common/NordicSemiconductor.nRF_SoftDevice_Common.1.1.3.pack
                NordicSemiconductor::nRF_SoftDevice:Internal:sd_common:default:1.1.3
                Common components for Nordic Semiconductor nRF family SoftDevices.
   * Component: sd_common Variant: default Version: 1.1.3
   * Component: softdevice_present Version: 1.1.3
   * Component: softdevice_hex Variant: S110 Version: 1.1.3

Package Vendor: NordicSemiconductor
                http://developer.nordicsemi.com/nRF51_SDK/pieces/nRF_SoftDevice_S110/NordicSemiconductor.nRF_SoftDevice_S110.8.0.1.pack
                NordicSemiconductor::nRF_SoftDevice:s110_hex:8.0.1
                Components for Bluetooth Low Energy (Bluetooth Smart) S110 SoftDevice for Nordic Semiconductor nRF family.
   * Component: s110_hex Version: 8.0.1
   * Component: s110 Variant: default Version: 8.0.1

<h2>Collection of Component include folders:</h2>
  C:\Users\pc\Documents1\ble_peripheral\BleNordicTimer\pca10028\s110\arm5\RTE
  C:\Users\pc\Documents1\ble_peripheral\BleNordicTimer\pca10028\s110\arm5\RTE\nRF_BLE\nRF51422_xxAC
  C:\Users\pc\Documents1\ble_peripheral\BleNordicTimer\pca10028\s110\arm5\RTE\nRF_Drivers\nRF51422_xxAC
  C:\Users\pc\Documents1\ble_peripheral\BleNordicTimer\pca10028\s110\arm5\RTE\nRF_Libraries\nRF51422_xxAC
  C:\Keil_v5\ARM\PACK\ARM\CMSIS\4.3.0\CMSIS\Include
  C:\Keil_v5\ARM\PACK\NordicSemiconductor\nRF_BLE\3.0.0\ble_advertising
  C:\Keil_v5\ARM\PACK\NordicSemiconductor\nRF_BLE\3.0.0\ble_services\ble_bas
  C:\Keil_v5\ARM\PACK\NordicSemiconductor\nRF_BLE\3.0.0\ble_services\ble_dis
  C:\Keil_v5\ARM\PACK\NordicSemiconductor\nRF_BLE\3.0.0\ble_services\ble_hrs
  C:\Keil_v5\ARM\PACK\NordicSemiconductor\nRF_BLE\3.0.0\common
  C:\Keil_v5\ARM\PACK\NordicSemiconductor\nRF_BLE\3.0.0\device_manager
  C:\Keil_v5\ARM\PACK\NordicSemiconductor\nRF_DeviceFamilyPack\7.2.1\Device\Include
  C:\Keil_v5\ARM\PACK\NordicSemiconductor\nRF_Drivers\3.0.0\common
  C:\Keil_v5\ARM\PACK\NordicSemiconductor\nRF_Drivers\3.0.0\config
  C:\Keil_v5\ARM\PACK\NordicSemiconductor\nRF_Drivers\3.0.0\gpiote
  C:\Keil_v5\ARM\PACK\NordicSemiconductor\nRF_Drivers\3.0.0\hal
  C:\Keil_v5\ARM\PACK\NordicSemiconductor\nRF_Drivers\3.0.0\pstorage
  C:\Keil_v5\ARM\PACK\NordicSemiconductor\nRF_Drivers\3.0.0\uart
  C:\Keil_v5\ARM\PACK\NordicSemiconductor\nRF_Examples\8.1.1\bsp
  C:\Keil_v5\ARM\PACK\NordicSemiconductor\nRF_Libraries\3.0.0\button
  C:\Keil_v5\ARM\PACK\NordicSemiconductor\nRF_Libraries\3.0.0\fifo
  C:\Keil_v5\ARM\PACK\NordicSemiconductor\nRF_Libraries\3.0.0\sensorsim
  C:\Keil_v5\ARM\PACK\NordicSemiconductor\nRF_Libraries\3.0.0\timer
  C:\Keil_v5\ARM\PACK\NordicSemiconductor\nRF_Libraries\3.0.0\trace
  C:\Keil_v5\ARM\PACK\NordicSemiconductor\nRF_Libraries\3.0.0\util
  C:\Keil_v5\ARM\PACK\NordicSemiconductor\nRF_RTX\4.74.0-6\include
  C:\Keil_v5\ARM\PACK\NordicSemiconductor\nRF_SoftDevice_Common\1.1.3\softdevice_handler
  C:\Keil_v5\ARM\PACK\NordicSemiconductor\nRF_SoftDevice_S110\8.0.1\headers

<h2>Collection of Component Files used:</h2>

   * Component: ARM::CMSIS:CORE:4.1.0

   * Component: NordicSemiconductor::nRF_BLE:BLE_Services:ble_hrs:3.0.0
      Source file:   ble_services\ble_hrs\ble_hrs.c
      Include file:  ble_services\ble_hrs\ble_hrs.h

   * Component: NordicSemiconductor::nRF_BLE:BLE_Modules:ble_conn_params:3.0.0
      Source file:   common\ble_conn_params.c
      Include file:  common\ble_conn_params.h

   * Component: NordicSemiconductor::nRF_BLE:BLE_Modules:ble_service_common:3.0.0
      Source file:   common\ble_srv_common.c
      Include file:  common\ble_srv_common.h

   * Component: NordicSemiconductor::nRF_BLE:BLE_Services:ble_bas:3.0.0
      Source file:   ble_services\ble_bas\ble_bas.c
      Include file:  ble_services\ble_bas\ble_bas.h

   * Component: NordicSemiconductor::nRF_BLE:BLE_Modules:device_manager:Peripheral:3.0.0
      Source file:   device_manager\device_manager_peripheral.c
      Include file:  device_manager\config\device_manager_cnfg.h
      Include file:  device_manager\device_manager.h

   * Component: NordicSemiconductor::nRF_BLE:BLE_Services:ble_dis:3.0.0
      Source file:   ble_services\ble_dis\ble_dis.c
      Include file:  ble_services\ble_dis\ble_dis.h

   * Component: NordicSemiconductor::nRF_BLE:BLE_Modules:ble_common:3.0.0

   * Component: NordicSemiconductor::nRF_BLE:BLE_Modules:ble_advertising:3.0.0
      Source file:   ble_advertising\ble_advertising.c
      Include file:  ble_advertising\ble_advertising.h

   * Component: NordicSemiconductor::nRF_BLE:BLE_Modules:ble_advdata:3.0.0
      Source file:   common\ble_advdata.c
      Include file:  common\ble_advdata.h

   * Component: NordicSemiconductor::Device:Startup:7.2.1
      Source file:   Device\Source\arm\arm_startup_nrf51.s
      Source file:   Device\Source\system_nrf51.c
      Include file:  Device\Include\system_nrf51.h

   * Component: NordicSemiconductor::nRF_Drivers:nrf_delay:3.0.0
      Source file:   hal\nrf_delay.c
      Include file:  hal\nrf_delay.h

   * Component: NordicSemiconductor::nRF_Drivers:nrf_gpio:3.0.0
      Include file:  hal\nrf_gpio.h

   * Component: NordicSemiconductor::nRF_Drivers:nrf_gpiote:3.0.0
      Include file:  hal\nrf_gpiote.h

   * Component: NordicSemiconductor::nRF_Drivers:nrf_error:default:3.0.0

   * Component: NordicSemiconductor::nRF_Drivers:pstorage:default:3.0.0
      Source file:   pstorage\pstorage.c
      Include file:  pstorage\pstorage.h
      Include file:  pstorage\config\pstorage_platform.h

   * Component: NordicSemiconductor::nRF_Drivers:nrf_drv_gpiote:3.0.0
      Source file:   gpiote\nrf_drv_gpiote.c
      Include file:  gpiote\nrf_drv_gpiote.h
      Include file:  config\nrf_drv_config.h

   * Component: NordicSemiconductor::nRF_Drivers:nrf_drv_common:3.0.0
      Source file:   common\nrf_drv_common.c
      Include file:  common\nrf_drv_common.h

   * Component: NordicSemiconductor::nRF_Drivers:app_uart:Fifo:3.0.0
      Source file:   uart\app_uart_fifo.c
      Include file:  uart\app_uart.h

   * Component: NordicSemiconductor::Board Support:bsp:default:8.1.1
      Source file:   bsp\bsp.c

   * Component: NordicSemiconductor::Board Support:bsp_btn_ble:8.1.1
      Source file:   bsp\bsp_btn_ble.c

   * Component: NordicSemiconductor::nRF_Libraries:app_button:3.0.0
      Source file:   button\app_button.c
      Include file:  button\app_button.h

   * Component: NordicSemiconductor::nRF_Libraries:app_error:3.0.0
      Source file:   util\app_error.c
      Include file:  util\app_error.h

   * Component: NordicSemiconductor::nRF_Libraries:retarget:3.0.0
      Source file:   uart\retarget.c

   * Component: NordicSemiconductor::nRF_Libraries:app_fifo:3.0.0
      Source file:   fifo\app_fifo.c
      Include file:  fifo\app_fifo.h

   * Component: NordicSemiconductor::nRF_Libraries:sensorsim:3.0.0
      Source file:   sensorsim\sensorsim.c
      Include file:  sensorsim\sensorsim.h

   * Component: NordicSemiconductor::nRF_Libraries:app_trace:default:3.0.0
      Source file:   trace\app_trace.c
      Include file:  trace\app_trace.h

   * Component: NordicSemiconductor::nRF_Libraries:nrf_assert:3.0.0
      Source file:   util\nrf_assert.c
      Include file:  util\nrf_assert.h

   * Component: NordicSemiconductor::nRF_Libraries:app_timer:Rtx:3.0.0
      Source file:   timer\app_timer_rtx.c
      Include file:  timer\app_timer.h

   * Component: NordicSemiconductor::nRF_Libraries:app_util:default:3.0.0

   * Component: NordicSemiconductor::Third Parties:RTOS:RTX:4.74.0-6
      Library file:  source\ARM\RTX_CM0.lib
      Source file:   port\RTX_Conf_CM.c
      Include file:  include\cmsis_os.h
      Include file:  include\RTX_CM_lib.h

   * Component: NordicSemiconductor::nRF_SoftDevice:Internal:sd_common:default:1.1.3
      Source file:   softdevice_handler\softdevice_handler.c

   * Component: NordicSemiconductor::nRF_SoftDevice:Internal:softdevice_present:1.1.3

   * Component: NordicSemiconductor::nRF_SoftDevice:softdevice_hex:S110:1.1.3

   * Component: NordicSemiconductor::nRF_SoftDevice:s110_hex:8.0.1

   * Component: NordicSemiconductor::nRF_SoftDevice:s110:default:8.0.1
      Include file:  headers\ble.h
      Include file:  headers\ble_gatt.h
      Include file:  headers\ble_hci.h
      Include file:  headers\ble_types.h
      Include file:  headers\nrf_error_soc.h
      Include file:  headers\nrf_soc.h
      Include file:  headers\ble_err.h
      Include file:  headers\ble_gattc.h
      Include file:  headers\ble_l2cap.h
      Include file:  headers\nrf_error.h
      Include file:  headers\nrf_mbr.h
      Include file:  headers\nrf_svc.h
      Include file:  headers\ble_gap.h
      Include file:  headers\ble_gatts.h
      Include file:  headers\ble_ranges.h
      Include file:  headers\nrf_error_sdm.h
      Include file:  headers\nrf_sdm.h
      Include file:  headers\softdevice_assert.h
      Include file:  headers\nrf_sd_def.h
</pre>
</body>
</html>
