Component: ARM Compiler 5.05 update 2 (build 169) Tool: armlink [4d0f33]

==============================================================================

Section Cross References

    main.o(i.assert_nrf_callback) refers to app_error.o(i.app_error_handler) for app_error_handler
    main.o(i.ble_evt_dispatch) refers to main.o(i.on_ble_evt) for on_ble_evt
    main.o(i.ble_evt_dispatch) refers to ble_conn_params.o(i.ble_conn_params_on_ble_evt) for ble_conn_params_on_ble_evt
    main.o(i.ble_evt_dispatch) refers to ble_advertising.o(i.ble_advertising_on_ble_evt) for ble_advertising_on_ble_evt
    main.o(i.ble_stack_init) refers to softdevice_handler.o(i.softdevice_handler_init) for softdevice_handler_init
    main.o(i.ble_stack_init) refers to app_error.o(i.app_error_handler) for app_error_handler
    main.o(i.ble_stack_init) refers to softdevice_handler.o(i.softdevice_ble_evt_handler_set) for softdevice_ble_evt_handler_set
    main.o(i.ble_stack_init) refers to softdevice_handler.o(i.softdevice_sys_evt_handler_set) for softdevice_sys_evt_handler_set
    main.o(i.ble_stack_init) refers to main.o(.bss) for .bss
    main.o(i.ble_stack_init) refers to main.o(i.ble_evt_dispatch) for ble_evt_dispatch
    main.o(i.ble_stack_init) refers to main.o(i.sys_evt_dispatch) for sys_evt_dispatch
    main.o(i.conn_params_error_handler) refers to app_error.o(i.app_error_handler) for app_error_handler
    main.o(i.main) refers to app_timer.o(i.app_timer_init) for app_timer_init
    main.o(i.main) refers to app_error.o(i.app_error_handler) for app_error_handler
    main.o(i.main) refers to main.o(i.ble_stack_init) for ble_stack_init
    main.o(i.main) refers to bsp.o(i.bsp_init) for bsp_init
    main.o(i.main) refers to app_scheduler.o(i.app_sched_init) for app_sched_init
    main.o(i.main) refers to memseta.o(.text) for __aeabi_memclr4
    main.o(i.main) refers to ble_advertising.o(i.ble_advertising_init) for ble_advertising_init
    main.o(i.main) refers to ble_conn_params.o(i.ble_conn_params_init) for ble_conn_params_init
    main.o(i.main) refers to ble_advertising.o(i.ble_advertising_start) for ble_advertising_start
    main.o(i.main) refers to app_scheduler.o(i.app_sched_execute) for app_sched_execute
    main.o(i.main) refers to app_timer_appsh.o(i.app_timer_evt_schedule) for app_timer_evt_schedule
    main.o(i.main) refers to main.o(.bss) for .bss
    main.o(i.main) refers to main.o(.data) for .data
    main.o(i.main) refers to main.o(i.on_adv_evt) for on_adv_evt
    main.o(i.main) refers to main.o(i.on_conn_params_evt) for on_conn_params_evt
    main.o(i.main) refers to main.o(i.conn_params_error_handler) for conn_params_error_handler
    main.o(i.on_adv_evt) refers to bsp.o(i.bsp_indication_set) for bsp_indication_set
    main.o(i.on_adv_evt) refers to app_error.o(i.app_error_handler) for app_error_handler
    main.o(i.on_ble_evt) refers to app_error.o(i.app_error_handler) for app_error_handler
    main.o(i.on_ble_evt) refers to bsp.o(i.bsp_indication_set) for bsp_indication_set
    main.o(i.on_ble_evt) refers to memcpya.o(.text) for __aeabi_memcpy
    main.o(i.on_ble_evt) refers to memcmp.o(.text) for memcmp
    main.o(i.on_ble_evt) refers to main.o(.data) for .data
    main.o(i.on_ble_evt) refers to main.o(.bss) for .bss
    main.o(i.on_conn_params_evt) refers to app_error.o(i.app_error_handler) for app_error_handler
    main.o(i.on_conn_params_evt) refers to main.o(.data) for .data
    main.o(i.sys_evt_dispatch) refers to ble_advertising.o(i.ble_advertising_on_sys_evt) for ble_advertising_on_sys_evt
    main.o(.data) refers to main.o(.bss) for m_enc_key
    bsp.o(i.bsp_button_event_handler) refers to app_timer.o(i.app_timer_start) for app_timer_start
    bsp.o(i.bsp_button_event_handler) refers to app_timer.o(i.app_timer_stop) for app_timer_stop
    bsp.o(i.bsp_button_event_handler) refers to bsp.o(.constdata) for .constdata
    bsp.o(i.bsp_button_event_handler) refers to bsp.o(.data) for .data
    bsp.o(i.bsp_button_event_handler) refers to bsp.o(.bss) for .bss
    bsp.o(i.bsp_button_is_pressed) refers to bsp.o(.constdata) for .constdata
    bsp.o(i.bsp_buttons_disable) refers to app_button.o(i.app_button_disable) for app_button_disable
    bsp.o(i.bsp_buttons_enable) refers to app_button.o(i.app_button_enable) for app_button_enable
    bsp.o(i.bsp_buttons_state_get) refers to bsp.o(.constdata) for .constdata
    bsp.o(i.bsp_event_to_button_action_assign) refers to bsp.o(.bss) for .bss
    bsp.o(i.bsp_indication_set) refers to bsp.o(i.bsp_led_indication) for bsp_led_indication
    bsp.o(i.bsp_indication_set) refers to bsp.o(.data) for .data
    bsp.o(i.bsp_indication_text_set) refers to bsp.o(i.bsp_indication_set) for bsp_indication_set
    bsp.o(i.bsp_init) refers to bsp.o(i.bsp_event_to_button_action_assign) for bsp_event_to_button_action_assign
    bsp.o(i.bsp_init) refers to app_button.o(i.app_button_init) for app_button_init
[...]
    ble_conn_params.o(i.ble_conn_params_on_ble_evt) refers to ble_conn_params.o(i.conn_params_negotiation) for conn_params_negotiation
    ble_conn_params.o(i.ble_conn_params_on_ble_evt) refers to app_timer.o(i.app_timer_stop) for app_timer_stop
    ble_conn_params.o(i.ble_conn_params_on_ble_evt) refers to ble_conn_params.o(.data) for .data
    ble_conn_params.o(i.ble_conn_params_on_ble_evt) refers to ble_conn_params.o(.bss) for .bss
    ble_conn_params.o(i.ble_conn_params_stop) refers to app_timer.o(i.app_timer_stop) for app_timer_stop
    ble_conn_params.o(i.ble_conn_params_stop) refers to ble_conn_params.o(.data) for .data
    ble_conn_params.o(i.conn_params_negotiation) refers to ble_conn_params.o(i.is_conn_params_ok) for is_conn_params_ok
    ble_conn_params.o(i.conn_params_negotiation) refers to app_timer.o(i.app_timer_start) for app_timer_start
    ble_conn_params.o(i.conn_params_negotiation) refers to ble_conn_params.o(.data) for .data
    ble_conn_params.o(i.conn_params_negotiation) refers to ble_conn_params.o(.bss) for .bss
    ble_conn_params.o(i.is_conn_params_ok) refers to ble_conn_params.o(.data) for .data
    ble_conn_params.o(i.update_timeout_handler) refers to ble_conn_params.o(.data) for .data
    ble_conn_params.o(i.update_timeout_handler) refers to ble_conn_params.o(.bss) for .bss
    nrf_drv_gpiote.o(i.GPIOTE_IRQHandler) refers to nrf_drv_gpiote.o(i.nrf_gpiote_event_is_set) for nrf_gpiote_event_is_set
    nrf_drv_gpiote.o(i.GPIOTE_IRQHandler) refers to nrf_drv_gpiote.o(i.pin_in_use_by_port) for pin_in_use_by_port
    nrf_drv_gpiote.o(i.GPIOTE_IRQHandler) refers to nrf_drv_gpiote.o(i.channel_port_get) for channel_port_get
    nrf_drv_gpiote.o(i.GPIOTE_IRQHandler) refers to nrf_drv_gpiote.o(i.nrf_gpio_cfg_sense_set) for nrf_gpio_cfg_sense_set
    nrf_drv_gpiote.o(i.GPIOTE_IRQHandler) refers to nrf_drv_gpiote.o(.bss) for .bss
    nrf_drv_gpiote.o(i.channel_free) refers to nrf_drv_gpiote.o(.bss) for .bss
    nrf_drv_gpiote.o(i.channel_port_alloc) refers to nrf_drv_gpiote.o(.bss) for .bss
    nrf_drv_gpiote.o(i.channel_port_get) refers to nrf_drv_gpiote.o(.bss) for .bss
    nrf_drv_gpiote.o(i.nrf_drv_gpiote_in_event_addr_get) refers to nrf_drv_gpiote.o(i.channel_port_get) for channel_port_get
    nrf_drv_gpiote.o(i.nrf_drv_gpiote_in_event_disable) refers to nrf_drv_gpiote.o(i.pin_in_use_by_port) for pin_in_use_by_port
    nrf_drv_gpiote.o(i.nrf_drv_gpiote_in_event_disable) refers to nrf_drv_gpiote.o(i.pin_in_use_by_te) for pin_in_use_by_te
    nrf_drv_gpiote.o(i.nrf_drv_gpiote_in_event_disable) refers to nrf_drv_gpiote.o(i.channel_port_get) for channel_port_get
    nrf_drv_gpiote.o(i.nrf_drv_gpiote_in_event_enable) refers to nrf_drv_gpiote.o(i.pin_in_use_by_port) for pin_in_use_by_port
    nrf_drv_gpiote.o(i.nrf_drv_gpiote_in_event_enable) refers to nrf_drv_gpiote.o(i.channel_port_get) for channel_port_get
    nrf_drv_gpiote.o(i.nrf_drv_gpiote_in_event_enable) refers to nrf_drv_gpiote.o(i.nrf_gpio_cfg_sense_set) for nrf_gpio_cfg_sense_set
    nrf_drv_gpiote.o(i.nrf_drv_gpiote_in_event_enable) refers to nrf_drv_gpiote.o(i.pin_in_use_by_te) for pin_in_use_by_te
    nrf_drv_gpiote.o(i.nrf_drv_gpiote_in_event_enable) refers to nrf_drv_gpiote.o(.bss) for .bss
    nrf_drv_gpiote.o(i.nrf_drv_gpiote_in_init) refers to nrf_drv_gpiote.o(i.channel_port_alloc) for channel_port_alloc
    nrf_drv_gpiote.o(i.nrf_drv_gpiote_in_init) refers to nrf_drv_gpiote.o(.bss) for .bss
    nrf_drv_gpiote.o(i.nrf_drv_gpiote_in_uninit) refers to nrf_drv_gpiote.o(i.nrf_drv_gpiote_in_event_disable) for nrf_drv_gpiote_in_event_disable
    nrf_drv_gpiote.o(i.nrf_drv_gpiote_in_uninit) refers to nrf_drv_gpiote.o(i.pin_in_use_by_te) for pin_in_use_by_te
    nrf_drv_gpiote.o(i.nrf_drv_gpiote_in_uninit) refers to nrf_drv_gpiote.o(i.channel_port_get) for channel_port_get
    nrf_drv_gpiote.o(i.nrf_drv_gpiote_in_uninit) refers to nrf_drv_gpiote.o(i.channel_free) for channel_free
    nrf_drv_gpiote.o(i.nrf_drv_gpiote_in_uninit) refers to nrf_drv_gpiote.o(.bss) for .bss
    nrf_drv_gpiote.o(i.nrf_drv_gpiote_init) refers to nrf_drv_gpiote.o(i.channel_free) for channel_free
    nrf_drv_gpiote.o(i.nrf_drv_gpiote_init) refers to nrf_drv_common.o(i.nrf_drv_common_irq_enable) for nrf_drv_common_irq_enable
    nrf_drv_gpiote.o(i.nrf_drv_gpiote_init) refers to nrf_drv_gpiote.o(.bss) for .bss
    nrf_drv_gpiote.o(i.nrf_drv_gpiote_is_init) refers to nrf_drv_gpiote.o(.bss) for .bss
    nrf_drv_gpiote.o(i.nrf_drv_gpiote_out_init) refers to nrf_drv_gpiote.o(i.channel_port_alloc) for channel_port_alloc
    nrf_drv_gpiote.o(i.nrf_drv_gpiote_out_init) refers to nrf_drv_gpiote.o(.bss) for .bss
    nrf_drv_gpiote.o(i.nrf_drv_gpiote_out_task_addr_get) refers to nrf_drv_gpiote.o(i.channel_port_get) for channel_port_get
    nrf_drv_gpiote.o(i.nrf_drv_gpiote_out_task_disable) refers to nrf_drv_gpiote.o(.bss) for .bss
    nrf_drv_gpiote.o(i.nrf_drv_gpiote_out_task_enable) refers to nrf_drv_gpiote.o(.bss) for .bss
    nrf_drv_gpiote.o(i.nrf_drv_gpiote_out_task_force) refers to nrf_drv_gpiote.o(.bss) for .bss
    nrf_drv_gpiote.o(i.nrf_drv_gpiote_out_task_trigger) refers to nrf_drv_gpiote.o(i.channel_port_get) for channel_port_get
    nrf_drv_gpiote.o(i.nrf_drv_gpiote_out_uninit) refers to nrf_drv_gpiote.o(i.pin_in_use_by_te) for pin_in_use_by_te
    nrf_drv_gpiote.o(i.nrf_drv_gpiote_out_uninit) refers to nrf_drv_gpiote.o(i.channel_free) for channel_free
    nrf_drv_gpiote.o(i.nrf_drv_gpiote_out_uninit) refers to nrf_drv_gpiote.o(.bss) for .bss
    nrf_drv_gpiote.o(i.nrf_drv_gpiote_uninit) refers to nrf_drv_gpiote.o(i.nrf_drv_gpiote_in_uninit) for nrf_drv_gpiote_in_uninit
    nrf_drv_gpiote.o(i.nrf_drv_gpiote_uninit) refers to nrf_drv_gpiote.o(i.nrf_drv_gpiote_out_uninit) for nrf_drv_gpiote_out_uninit
    nrf_drv_gpiote.o(i.nrf_drv_gpiote_uninit) refers to nrf_drv_gpiote.o(.bss) for .bss
    nrf_drv_gpiote.o(i.pin_in_use_by_port) refers to nrf_drv_gpiote.o(.bss) for .bss
    nrf_drv_gpiote.o(i.pin_in_use_by_te) refers to nrf_drv_gpiote.o(.bss) for .bss
    nrf_delay.o(i.nrf_delay_ms) refers to nrf_delay.o(.emb_text) for __asm___11_nrf_delay_c_532987f3__nrf_delay_us
    app_uart.o(i.UART0_IRQHandler) refers to app_uart.o(i.on_uart_event) for on_uart_event
    app_uart.o(i.UART0_IRQHandler) refers to app_uart.o(.data) for .data
    app_uart.o(i.action_tx_stop) refers to app_uart.o(.data) for .data
    app_uart.o(i.action_uart_deactivate) refers to app_uart.o(.data) for .data
    app_uart.o(i.app_uart_close) refers to app_uart.o(i.on_uart_event) for on_uart_event
    app_uart.o(i.app_uart_close) refers to nrf_drv_gpiote.o(i.nrf_drv_gpiote_in_uninit) for nrf_drv_gpiote_in_uninit
    app_uart.o(i.app_uart_get) refers to app_uart.o(.data) for .data
    app_uart.o(i.app_uart_get_connection_state) refers to app_uart.o(.data) for .data
    app_uart.o(i.app_uart_init) refers to nrf_drv_gpiote.o(i.nrf_drv_gpiote_is_init) for nrf_drv_gpiote_is_init
    app_uart.o(i.app_uart_init) refers to nrf_drv_gpiote.o(i.nrf_drv_gpiote_init) for nrf_drv_gpiote_init
    app_uart.o(i.app_uart_init) refers to nrf_drv_gpiote.o(i.nrf_drv_gpiote_out_init) for nrf_drv_gpiote_out_init
    app_uart.o(i.app_uart_init) refers to nrf_drv_gpiote.o(i.nrf_drv_gpiote_in_init) for nrf_drv_gpiote_in_init
    app_uart.o(i.app_uart_init) refers to nrf_drv_gpiote.o(i.nrf_drv_gpiote_in_event_enable) for nrf_drv_gpiote_in_event_enable
    app_uart.o(i.app_uart_init) refers to nrf_drv_gpiote.o(i.nrf_drv_gpiote_in_is_set) for nrf_drv_gpiote_in_is_set
    app_uart.o(i.app_uart_init) refers to app_uart.o(i.on_uart_event) for on_uart_event
    app_uart.o(i.app_uart_init) refers to app_uart.o(.data) for .data
    app_uart.o(i.app_uart_init) refers to app_uart.o(.constdata) for .constdata
    app_uart.o(i.app_uart_init) refers to app_uart.o(i.gpiote_uart_event_handler) for gpiote_uart_event_handler
    app_uart.o(i.app_uart_put) refers to app_uart.o(i.on_uart_event) for on_uart_event
    app_uart.o(i.app_uart_put) refers to app_uart.o(.data) for .data
    app_uart.o(i.gpiote_uart_event_handler) refers to nrf_drv_gpiote.o(i.nrf_drv_gpiote_in_is_set) for nrf_drv_gpiote_in_is_set
    app_uart.o(i.gpiote_uart_event_handler) refers to app_uart.o(i.on_uart_event) for on_uart_event
    app_uart.o(i.on_uart_event) refers to bsp.o(i.__ARM_common_switch8) for __ARM_common_switch8
    app_uart.o(i.on_uart_event) refers to app_uart.o(i.action_uart_deactivate) for action_uart_deactivate
    app_uart.o(i.on_uart_event) refers to app_uart.o(i.action_tx_stop) for action_tx_stop
    app_uart.o(i.on_uart_event) refers to app_uart.o(.data) for .data
    pstorage.o(i.app_notify) refers to pstorage.o(.bss) for .bss
    pstorage.o(i.cmd_process) refers to pstorage.o(i.pstorage_flash_page_size) for pstorage_flash_page_size
    pstorage.o(i.cmd_process) refers to uidiv.o(.text) for __aeabi_uidivmod
    pstorage.o(i.cmd_process) refers to pstorage.o(i.swap_state_process) for swap_state_process
    pstorage.o(i.cmd_process) refers to pstorage.o(.bss) for .bss
    pstorage.o(i.cmd_process) refers to pstorage.o(.data) for .data
    pstorage.o(i.cmd_queue_dequeue) refers to pstorage.o(i.cmd_process) for cmd_process
    pstorage.o(i.cmd_queue_dequeue) refers to pstorage.o(.bss) for .bss
    pstorage.o(i.cmd_queue_element_init) refers to pstorage.o(.bss) for .bss
    pstorage.o(i.cmd_queue_enqueue) refers to pstorage.o(i.cmd_process) for cmd_process
    pstorage.o(i.cmd_queue_enqueue) refers to pstorage.o(.bss) for .bss
    pstorage.o(i.pstorage_access_status_get) refers to pstorage.o(.data) for .data
    pstorage.o(i.pstorage_access_status_get) refers to pstorage.o(.bss) for .bss
    pstorage.o(i.pstorage_block_identifier_get) refers to pstorage.o(.data) for .data
    pstorage.o(i.pstorage_block_identifier_get) refers to pstorage.o(.bss) for .bss
    pstorage.o(i.pstorage_clear) refers to pstorage.o(i.is_word_aligned) for is_word_aligned
    pstorage.o(i.pstorage_clear) refers to uidiv.o(.text) for __aeabi_uidivmod
    pstorage.o(i.pstorage_clear) refers to pstorage.o(i.cmd_queue_enqueue) for cmd_queue_enqueue
    pstorage.o(i.pstorage_clear) refers to pstorage.o(.data) for .data
    pstorage.o(i.pstorage_clear) refers to pstorage.o(.bss) for .bss
    pstorage.o(i.pstorage_init) refers to pstorage.o(i.cmd_queue_element_init) for cmd_queue_element_init
    pstorage.o(i.pstorage_init) refers to pstorage.o(i.pstorage_flash_page_size) for pstorage_flash_page_size
    pstorage.o(i.pstorage_init) refers to uidiv.o(.text) for __aeabi_uidivmod
    pstorage.o(i.pstorage_init) refers to pstorage.o(.data) for .data
    pstorage.o(i.pstorage_init) refers to pstorage.o(.bss) for .bss
    pstorage.o(i.pstorage_load) refers to pstorage.o(i.is_word_aligned) for is_word_aligned
    pstorage.o(i.pstorage_load) refers to memcpya.o(.text) for __aeabi_memcpy
    pstorage.o(i.pstorage_load) refers to pstorage.o(.data) for .data
    pstorage.o(i.pstorage_load) refers to pstorage.o(.bss) for .bss
    pstorage.o(i.pstorage_register) refers to pstorage.o(i.pstorage_flash_page_size) for pstorage_flash_page_size
    pstorage.o(i.pstorage_register) refers to uidiv.o(.text) for __aeabi_uidivmod
    pstorage.o(i.pstorage_register) refers to pstorage.o(.data) for .data
    pstorage.o(i.pstorage_register) refers to pstorage.o(.bss) for .bss
    pstorage.o(i.pstorage_store) refers to pstorage.o(i.is_word_aligned) for is_word_aligned
    pstorage.o(i.pstorage_store) refers to pstorage.o(i.cmd_queue_enqueue) for cmd_queue_enqueue
    pstorage.o(i.pstorage_store) refers to pstorage.o(.data) for .data
    pstorage.o(i.pstorage_store) refers to pstorage.o(.bss) for .bss
    pstorage.o(i.pstorage_sys_event_handler) refers to pstorage.o(i.cmd_process) for cmd_process
    pstorage.o(i.pstorage_sys_event_handler) refers to pstorage.o(i.app_notify) for app_notify
    pstorage.o(i.pstorage_sys_event_handler) refers to pstorage.o(i.cmd_queue_dequeue) for cmd_queue_dequeue
    pstorage.o(i.pstorage_sys_event_handler) refers to pstorage.o(i.cmd_queue_element_init) for cmd_queue_element_init
    pstorage.o(i.pstorage_sys_event_handler) refers to pstorage.o(.bss) for .bss
    pstorage.o(i.pstorage_sys_event_handler) refers to pstorage.o(.data) for .data
    pstorage.o(i.pstorage_update) refers to pstorage.o(i.is_word_aligned) for is_word_aligned
    pstorage.o(i.pstorage_update) refers to pstorage.o(i.cmd_queue_enqueue) for cmd_queue_enqueue
    pstorage.o(i.pstorage_update) refers to pstorage.o(.data) for .data
    pstorage.o(i.pstorage_update) refers to pstorage.o(.bss) for .bss
    pstorage.o(i.swap_state_process) refers to bsp.o(i.__ARM_common_switch8) for __ARM_common_switch8
    pstorage.o(i.swap_state_process) refers to pstorage.o(i.pstorage_flash_page_size) for pstorage_flash_page_size
    pstorage.o(i.swap_state_process) refers to uidiv.o(.text) for __aeabi_uidivmod
    pstorage.o(i.swap_state_process) refers to pstorage.o(.data) for .data
    app_button.o(i.app_button_disable) refers to nrf_drv_gpiote.o(i.nrf_drv_gpiote_in_event_disable) for nrf_drv_gpiote_in_event_disable
    app_button.o(i.app_button_disable) refers to app_timer.o(i.app_timer_stop) for app_timer_stop
    app_button.o(i.app_button_disable) refers to app_button.o(.data) for .data
    app_button.o(i.app_button_enable) refers to nrf_drv_gpiote.o(i.nrf_drv_gpiote_in_event_enable) for nrf_drv_gpiote_in_event_enable
    app_button.o(i.app_button_enable) refers to app_button.o(.data) for .data
    app_button.o(i.app_button_init) refers to nrf_drv_gpiote.o(i.nrf_drv_gpiote_is_init) for nrf_drv_gpiote_is_init
    app_button.o(i.app_button_init) refers to nrf_drv_gpiote.o(i.nrf_drv_gpiote_init) for nrf_drv_gpiote_init
    app_button.o(i.app_button_init) refers to nrf_drv_gpiote.o(i.nrf_drv_gpiote_in_init) for nrf_drv_gpiote_in_init
    app_button.o(i.app_button_init) refers to app_timer.o(i.app_timer_create) for app_timer_create
    app_button.o(i.app_button_init) refers to app_button.o(.data) for .data
    app_button.o(i.app_button_init) refers to app_button.o(.constdata) for .constdata
    app_button.o(i.app_button_init) refers to app_button.o(i.gpiote_event_handler) for gpiote_event_handler
    app_button.o(i.app_button_init) refers to app_button.o(i.detection_delay_timeout_handler) for detection_delay_timeout_handler
    app_button.o(i.app_button_is_pushed) refers to nrf_drv_gpiote.o(i.nrf_drv_gpiote_in_is_set) for nrf_drv_gpiote_in_is_set
    app_button.o(i.app_button_is_pushed) refers to app_button.o(.data) for .data
    app_button.o(i.detection_delay_timeout_handler) refers to nrf_drv_gpiote.o(i.nrf_drv_gpiote_in_is_set) for nrf_drv_gpiote_in_is_set
    app_button.o(i.detection_delay_timeout_handler) refers to app_button.o(.data) for .data
    app_button.o(i.gpiote_event_handler) refers to app_timer.o(i.app_timer_stop) for app_timer_stop
    app_button.o(i.gpiote_event_handler) refers to nrf_drv_gpiote.o(i.nrf_drv_gpiote_in_is_set) for nrf_drv_gpiote_in_is_set
    app_button.o(i.gpiote_event_handler) refers to app_timer.o(i.app_timer_start) for app_timer_start
    app_button.o(i.gpiote_event_handler) refers to app_button.o(.data) for .data
    app_scheduler.o(i.app_sched_event_get) refers to app_scheduler.o(.data) for .data
    app_scheduler.o(i.app_sched_event_put) refers to app_error.o(i.app_error_handler) for app_error_handler
    app_scheduler.o(i.app_sched_event_put) refers to memcpya.o(.text) for __aeabi_memcpy
    app_scheduler.o(i.app_sched_event_put) refers to app_scheduler.o(.data) for .data
    app_scheduler.o(i.app_sched_execute) refers to app_scheduler.o(i.app_sched_event_get) for app_sched_event_get
    app_scheduler.o(i.app_sched_init) refers to app_scheduler.o(.data) for .data
    app_timer.o(i.RTC1_IRQHandler) refers to app_timer.o(i.timer_timeouts_check) for timer_timeouts_check
    app_timer.o(i.SWI0_IRQHandler) refers to app_timer.o(i.elapsed_ticks_acquire) for elapsed_ticks_acquire
    app_timer.o(i.SWI0_IRQHandler) refers to app_timer.o(i.list_deletions_handler) for list_deletions_handler
    app_timer.o(i.SWI0_IRQHandler) refers to app_timer.o(i.expired_timers_handler) for expired_timers_handler
    app_timer.o(i.SWI0_IRQHandler) refers to app_timer.o(i.list_insertions_handler) for list_insertions_handler
    app_timer.o(i.SWI0_IRQHandler) refers to app_timer.o(i.compare_reg_update) for compare_reg_update
    app_timer.o(i.SWI0_IRQHandler) refers to app_timer.o(.data) for .data
    app_timer.o(i.app_timer_create) refers to app_timer.o(.data) for .data
    app_timer.o(i.app_timer_init) refers to app_timer.o(i.rtc1_stop) for rtc1_stop
    app_timer.o(i.app_timer_init) refers to app_timer.o(i.NVIC_SetPriority) for NVIC_SetPriority
    app_timer.o(i.app_timer_init) refers to app_timer.o(.data) for .data
    app_timer.o(i.app_timer_start) refers to app_timer.o(i.user_id_get) for user_id_get
    app_timer.o(i.app_timer_start) refers to app_timer.o(i.user_op_alloc) for user_op_alloc
    app_timer.o(i.app_timer_start) refers to app_timer.o(i.timer_list_handler_sched) for timer_list_handler_sched
    app_timer.o(i.app_timer_start) refers to app_timer.o(.data) for .data
    app_timer.o(i.app_timer_stop) refers to app_timer.o(i.user_id_get) for user_id_get
    app_timer.o(i.app_timer_stop) refers to app_timer.o(i.user_op_alloc) for user_op_alloc
    app_timer.o(i.app_timer_stop) refers to app_timer.o(i.timer_list_handler_sched) for timer_list_handler_sched
    app_timer.o(i.app_timer_stop) refers to app_timer.o(.data) for .data
    app_timer.o(i.app_timer_stop_all) refers to app_timer.o(i.user_id_get) for user_id_get
    app_timer.o(i.app_timer_stop_all) refers to app_timer.o(i.user_op_alloc) for user_op_alloc
    app_timer.o(i.app_timer_stop_all) refers to app_timer.o(i.timer_list_handler_sched) for timer_list_handler_sched
    app_timer.o(i.app_timer_stop_all) refers to app_timer.o(.data) for .data
    app_timer.o(i.compare_reg_update) refers to app_timer.o(.emb_text) for __asm___11_app_timer_c_cd27f9c3__nrf_delay_us
    app_timer.o(i.compare_reg_update) refers to app_timer.o(i.rtc1_stop) for rtc1_stop
    app_timer.o(i.compare_reg_update) refers to app_timer.o(.data) for .data
    app_timer.o(i.elapsed_ticks_acquire) refers to app_timer.o(.data) for .data
    app_timer.o(i.expired_timers_handler) refers to app_timer.o(.data) for .data
    app_timer.o(i.list_deletions_handler) refers to app_timer.o(i.timer_list_remove) for timer_list_remove
    app_timer.o(i.list_deletions_handler) refers to app_timer.o(.data) for .data
    app_timer.o(i.list_insertions_handler) refers to app_timer.o(i.timer_list_insert) for timer_list_insert
    app_timer.o(i.list_insertions_handler) refers to app_timer.o(.data) for .data
    app_timer.o(i.rtc1_stop) refers to app_timer.o(.emb_text) for __asm___11_app_timer_c_cd27f9c3__nrf_delay_us
    app_timer.o(i.rtc1_stop) refers to app_timer.o(.data) for .data
    app_timer.o(i.timer_list_insert) refers to app_timer.o(.data) for .data
    app_timer.o(i.timer_list_remove) refers to app_timer.o(.data) for .data
    app_timer.o(i.timer_timeouts_check) refers to app_error.o(i.app_error_handler) for app_error_handler
    app_timer.o(i.timer_timeouts_check) refers to app_timer.o(i.timer_list_handler_sched) for timer_list_handler_sched
    app_timer.o(i.timer_timeouts_check) refers to app_timer.o(.data) for .data
    app_timer_appsh.o(i.app_timer_evt_get) refers to app_error.o(i.app_error_handler) for app_error_handler
    app_timer_appsh.o(i.app_timer_evt_schedule) refers to app_scheduler.o(i.app_sched_event_put) for app_sched_event_put
    app_timer_appsh.o(i.app_timer_evt_schedule) refers to app_timer_appsh.o(i.app_timer_evt_get) for app_timer_evt_get
    retarget.o(i.fgetc) refers to app_uart.o(i.app_uart_get) for app_uart_get
    retarget.o(i.fputc) refers to app_uart.o(i.app_uart_put) for app_uart_put
    softdevice_handler.o(i.SWI2_IRQHandler) refers to app_error.o(i.app_error_handler) for app_error_handler
    softdevice_handler.o(i.SWI2_IRQHandler) refers to softdevice_handler.o(i.intern_softdevice_events_execute) for intern_softdevice_events_execute
    softdevice_handler.o(i.SWI2_IRQHandler) refers to softdevice_handler.o(.data) for .data
    softdevice_handler.o(i.intern_softdevice_events_execute) refers to app_error.o(i.app_error_handler) for app_error_handler
    softdevice_handler.o(i.intern_softdevice_events_execute) refers to softdevice_handler.o(.data) for .data
    softdevice_handler.o(i.softdevice_assertion_handler) refers (Weak) to main.o(i.assert_nrf_callback) for assert_nrf_callback
    softdevice_handler.o(i.softdevice_ble_evt_handler_set) refers to softdevice_handler.o(.data) for .data
    softdevice_handler.o(i.softdevice_handler_init) refers to softdevice_handler.o(.data) for .data
    softdevice_handler.o(i.softdevice_handler_init) refers to softdevice_handler.o(i.softdevice_assertion_handler) for softdevice_assertion_handler
    softdevice_handler.o(i.softdevice_handler_sd_disable) refers to softdevice_handler.o(.data) for .data
    softdevice_handler.o(i.softdevice_sys_evt_handler_set) refers to softdevice_handler.o(.data) for .data
    entry.o(.ARM.Collect$$$$00000000) refers (Special) to entry10a.o(.ARM.Collect$$$$0000000D) for __rt_final_cpp
    entry.o(.ARM.Collect$$$$00000000) refers (Special) to entry11a.o(.ARM.Collect$$$$0000000F) for __rt_final_exit
    entry.o(.ARM.Collect$$$$00000000) refers (Special) to entry7b.o(.ARM.Collect$$$$00000008) for _main_clock
    entry.o(.ARM.Collect$$$$00000000) refers (Special) to entry8b.o(.ARM.Collect$$$$0000000A) for _main_cpp_init
    entry.o(.ARM.Collect$$$$00000000) refers (Special) to entry9a.o(.ARM.Collect$$$$0000000B) for _main_init
    entry.o(.ARM.Collect$$$$00000000) refers (Special) to entry5.o(.ARM.Collect$$$$00000004) for _main_scatterload
    entry.o(.ARM.Collect$$$$00000000) refers (Special) to entry2.o(.ARM.Collect$$$$00000001) for _main_stk
    entry2.o(.ARM.Collect$$$$00000001) refers to entry2.o(.ARM.Collect$$$$00002712) for __lit__00000000
    entry2.o(.ARM.Collect$$$$00002712) refers to arm_startup_nrf51.o(STACK) for __initial_sp
    entry2.o(__vectab_stack_and_reset_area) refers to arm_startup_nrf51.o(STACK) for __initial_sp
    entry2.o(__vectab_stack_and_reset_area) refers to entry.o(.ARM.Collect$$$$00000000) for __main
    entry5.o(.ARM.Collect$$$$00000004) refers to init.o(.text) for __scatterload
    entry9a.o(.ARM.Collect$$$$0000000B) refers to main.o(i.main) for main
    entry9b.o(.ARM.Collect$$$$0000000C) refers to main.o(i.main) for main
    init.o(.text) refers to entry5.o(.ARM.Collect$$$$00000004) for __main_after_scatterload


==============================================================================

Removing Unused input sections from the image.

    Removing main.o(.rev16_text), (4 bytes).
    Removing main.o(.revsh_text), (4 bytes).
    Removing main.o(i.assert_nrf_callback), (20 bytes).
    Removing bsp.o(.rev16_text), (4 bytes).
    Removing bsp.o(.revsh_text), (4 bytes).
    Removing bsp.o(i.bsp_button_is_pressed), (44 bytes).
    Removing bsp.o(i.bsp_buttons_disable), (8 bytes).
    Removing bsp.o(i.bsp_buttons_enable), (8 bytes).
    Removing bsp.o(i.bsp_buttons_state_get), (60 bytes).
    Removing bsp.o(i.bsp_indication_text_set), (8 bytes).
    Removing bsp.o(i.bsp_wakeup_buttons_set), (60 bytes).
    Removing arm_startup_nrf51.o(HEAP), (2048 bytes).
    Removing system_nrf51.o(.rev16_text), (4 bytes).
    Removing system_nrf51.o(.revsh_text), (4 bytes).
    Removing system_nrf51.o(i.SystemCoreClockUpdate), (16 bytes).
    Removing ble_srv_common.o(i.ble_srv_ascii_to_utf8), (18 bytes).
    Removing ble_srv_common.o(i.ble_srv_report_ref_encode), (12 bytes).
    Removing ble_advertising.o(.rev16_text), (4 bytes).
    Removing ble_advertising.o(.revsh_text), (4 bytes).
    Removing ble_advertising.o(i.ble_advertising_peer_addr_reply), (48 bytes).
    Removing ble_advertising.o(i.ble_advertising_restart_without_whitelist), (64 bytes).
    Removing ble_advertising.o(i.ble_advertising_whitelist_reply), (84 bytes).
    Removing ble_conn_params.o(i.ble_conn_params_change_conn_params), (80 bytes).
    Removing ble_conn_params.o(i.ble_conn_params_stop), (16 bytes).
    Removing nrf_drv_common.o(.rev16_text), (4 bytes).
    Removing nrf_drv_common.o(.revsh_text), (4 bytes).
    Removing nrf_drv_gpiote.o(.rev16_text), (4 bytes).
    Removing nrf_drv_gpiote.o(.revsh_text), (4 bytes).
    Removing nrf_drv_gpiote.o(i.nrf_drv_gpiote_in_event_addr_get), (24 bytes).
    Removing nrf_drv_gpiote.o(i.nrf_drv_gpiote_in_event_disable), (84 bytes).
    Removing nrf_drv_gpiote.o(i.nrf_drv_gpiote_in_uninit), (84 bytes).
    Removing nrf_drv_gpiote.o(i.nrf_drv_gpiote_out_clear), (16 bytes).
    Removing nrf_drv_gpiote.o(i.nrf_drv_gpiote_out_init), (152 bytes).
    Removing nrf_drv_gpiote.o(i.nrf_drv_gpiote_out_set), (16 bytes).
    Removing nrf_drv_gpiote.o(i.nrf_drv_gpiote_out_task_addr_get), (20 bytes).
    Removing nrf_drv_gpiote.o(i.nrf_drv_gpiote_out_task_disable), (32 bytes).
    Removing nrf_drv_gpiote.o(i.nrf_drv_gpiote_out_task_enable), (48 bytes).
    Removing nrf_drv_gpiote.o(i.nrf_drv_gpiote_out_task_force), (48 bytes).
    Removing nrf_drv_gpiote.o(i.nrf_drv_gpiote_out_task_trigger), (24 bytes).
    Removing nrf_drv_gpiote.o(i.nrf_drv_gpiote_out_toggle), (28 bytes).
    Removing nrf_drv_gpiote.o(i.nrf_drv_gpiote_out_uninit), (52 bytes).
    Removing nrf_drv_gpiote.o(i.nrf_drv_gpiote_uninit), (52 bytes).
    Removing nrf_delay.o(.rev16_text), (4 bytes).
    Removing nrf_delay.o(.revsh_text), (4 bytes).
    Removing nrf_delay.o(.emb_text), (30 bytes).
    Removing nrf_delay.o(i.nrf_delay_ms), (28 bytes).
    Removing app_uart.o(.rev16_text), (4 bytes).
    Removing app_uart.o(.revsh_text), (4 bytes).
    Removing app_uart.o(i.app_uart_close), (36 bytes).
    Removing app_uart.o(i.app_uart_flush), (4 bytes).
    Removing app_uart.o(i.app_uart_get), (36 bytes).
    Removing app_uart.o(i.app_uart_get_connection_state), (20 bytes).
    Removing app_uart.o(i.app_uart_init), (372 bytes).
    Removing app_uart.o(i.app_uart_put), (36 bytes).
    Removing app_uart.o(i.gpiote_uart_event_handler), (22 bytes).
    Removing app_uart.o(.constdata), (8 bytes).
    Removing pstorage.o(.rev16_text), (4 bytes).
    Removing pstorage.o(.revsh_text), (4 bytes).
    Removing pstorage.o(i.app_notify), (36 bytes).
    Removing pstorage.o(i.cmd_process), (248 bytes).
    Removing pstorage.o(i.cmd_queue_dequeue), (40 bytes).
    Removing pstorage.o(i.cmd_queue_element_init), (32 bytes).
    Removing pstorage.o(i.cmd_queue_enqueue), (84 bytes).
    Removing pstorage.o(i.is_word_aligned), (12 bytes).
    Removing pstorage.o(i.pstorage_block_identifier_get), (84 bytes).
    Removing pstorage.o(i.pstorage_clear), (124 bytes).
    Removing pstorage.o(i.pstorage_flash_page_size), (10 bytes).
    Removing pstorage.o(i.pstorage_init), (184 bytes).
    Removing pstorage.o(i.pstorage_load), (168 bytes).
    Removing pstorage.o(i.pstorage_register), (264 bytes).
    Removing pstorage.o(i.pstorage_store), (144 bytes).
    Removing pstorage.o(i.pstorage_sys_event_handler), (296 bytes).
    Removing pstorage.o(i.pstorage_update), (144 bytes).
    Removing pstorage.o(i.swap_state_process), (412 bytes).
    Removing app_button.o(.rev16_text), (4 bytes).
    Removing app_button.o(.revsh_text), (4 bytes).
    Removing app_button.o(i.app_button_disable), (40 bytes).
    Removing app_button.o(i.app_button_is_pushed), (44 bytes).
    Removing app_error.o(.rev16_text), (4 bytes).
    Removing app_error.o(.revsh_text), (4 bytes).
    Removing app_scheduler.o(.rev16_text), (4 bytes).
    Removing app_scheduler.o(.revsh_text), (4 bytes).
    Removing app_timer.o(.rev16_text), (4 bytes).
    Removing app_timer.o(.revsh_text), (4 bytes).
    Removing app_timer.o(i.app_timer_cnt_diff_compute), (12 bytes).
    Removing app_timer.o(i.app_timer_cnt_get), (16 bytes).
    Removing app_timer.o(i.app_timer_stop_all), (68 bytes).
    Removing retarget.o(.rev16_text), (4 bytes).
    Removing retarget.o(.revsh_text), (4 bytes).
    Removing retarget.o(i.fgetc), (18 bytes).
    Removing retarget.o(i.fputc), (14 bytes).
    Removing retarget.o(.data), (4 bytes).
    Removing retarget.o(.data), (4 bytes).
    Removing softdevice_handler.o(.rev16_text), (4 bytes).
    Removing softdevice_handler.o(.revsh_text), (4 bytes).
    Removing softdevice_handler.o(i.softdevice_handler_sd_disable), (24 bytes).

96 unused section(s) (total 6512 bytes) removed from the image.

==============================================================================

Image Symbol Table

    Local Symbols

    Symbol Name                              Value     Ov Type        Size  Object(Section)

    ../clib/microlib/division.c              0x00000000   Number         0  uidiv.o ABSOLUTE
    ../clib/microlib/init/entry.s            0x00000000   Number         0  entry2.o ABSOLUTE
    ../clib/microlib/init/entry.s            0x00000000   Number         0  entry5.o ABSOLUTE
    ../clib/microlib/init/entry.s            0x00000000   Number         0  entry7a.o ABSOLUTE
    ../clib/microlib/init/entry.s            0x00000000   Number         0  entry7b.o ABSOLUTE
    ../clib/microlib/init/entry.s            0x00000000   Number         0  entry8a.o ABSOLUTE
    ../clib/microlib/init/entry.s            0x00000000   Number         0  entry8b.o ABSOLUTE
    ../clib/microlib/init/entry.s            0x00000000   Number         0  entry9a.o ABSOLUTE
    ../clib/microlib/init/entry.s            0x00000000   Number         0  entry9b.o ABSOLUTE
    ../clib/microlib/init/entry.s            0x00000000   Number         0  entry10a.o ABSOLUTE
    ../clib/microlib/init/entry.s            0x00000000   Number         0  entry11b.o ABSOLUTE
    ../clib/microlib/init/entry.s            0x00000000   Number         0  entry.o ABSOLUTE
    ../clib/microlib/init/entry.s            0x00000000   Number         0  entry11a.o ABSOLUTE
    ../clib/microlib/init/entry.s            0x00000000   Number         0  entry10b.o ABSOLUTE
    ../clib/microlib/string/memcmp.c         0x00000000   Number         0  memcmp.o ABSOLUTE
    ../clib/microlib/string/memcpy.c         0x00000000   Number         0  memcpya.o ABSOLUTE
    ../clib/microlib/string/memcpy.c         0x00000000   Number         0  memcpyb.o ABSOLUTE
    ../clib/microlib/string/memset.c         0x00000000   Number         0  memseta.o ABSOLUTE
    ../clib/microlib/string/strlen.c         0x00000000   Number         0  strlen.o ABSOLUTE
    ..\..\..\main.c                          0x00000000   Number         0  main.o ABSOLUTE
    ..\\..\\..\\main.c                       0x00000000   Number         0  main.o ABSOLUTE
    C:\Keil_v5\ARM\PACK\NordicSemiconductor\nRF_BLE\3.0.0\common\ble_srv_common.c 0x00000000   Number         0  ble_srv_common.o ABSOLUTE
    C:\Keil_v5\ARM\PACK\NordicSemiconductor\nRF_Drivers\3.0.0\common\nrf_drv_common.c 0x00000000   Number         0  nrf_drv_common.o ABSOLUTE
    C:\Keil_v5\ARM\PACK\NordicSemiconductor\nRF_Drivers\3.0.0\gpiote\nrf_drv_gpiote.c 0x00000000   Number         0  nrf_drv_gpiote.o ABSOLUTE
    C:\Keil_v5\ARM\PACK\NordicSemiconductor\nRF_Drivers\3.0.0\hal\nrf_delay.c 0x00000000   Number         0  nrf_delay.o ABSOLUTE
    C:\\Keil_v5\\ARM\\PACK\\NordicSemiconductor\\nRF_Drivers\\3.0.0\\common\\nrf_drv_common.c 0x00000000   Number         0  nrf_drv_common.o ABSOLUTE
    C:\\Keil_v5\\ARM\\PACK\\NordicSemiconductor\\nRF_Drivers\\3.0.0\\gpiote\\nrf_drv_gpiote.c 0x00000000   Number         0  nrf_drv_gpiote.o ABSOLUTE
    C:\\Keil_v5\\ARM\\PACK\\NordicSemiconductor\\nRF_Drivers\\3.0.0\\hal\\nrf_delay.c 0x00000000   Number         0  nrf_delay.o ABSOLUTE
    RTE\Board_Support\nRF51422_xxAC\bsp.c    0x00000000   Number         0  bsp.o ABSOLUTE
    RTE\Device\nRF51422_xxAC\arm_startup_nrf51.s 0x00000000   Number         0  arm_startup_nrf51.o ABSOLUTE
    RTE\Device\nRF51422_xxAC\system_nrf51.c  0x00000000   Number         0  system_nrf51.o ABSOLUTE
    RTE\\Board_Support\\nRF51422_xxAC\\bsp.c 0x00000000   Number         0  bsp.o ABSOLUTE
    RTE\\Device\\nRF51422_xxAC\\system_nrf51.c 0x00000000   Number         0  system_nrf51.o ABSOLUTE
    RTE\\nRF_BLE\\nRF51422_xxAC\\ble_advertising.c 0x00000000   Number         0  ble_advertising.o ABSOLUTE
    RTE\\nRF_Drivers\\nRF51422_xxAC\\app_uart.c 0x00000000   Number         0  app_uart.o ABSOLUTE
    RTE\\nRF_Drivers\\nRF51422_xxAC\\pstorage.c 0x00000000   Number         0  pstorage.o ABSOLUTE
    RTE\\nRF_Libraries\\nRF51422_xxAC\\app_button.c 0x00000000   Number         0  app_button.o ABSOLUTE
    RTE\\nRF_Libraries\\nRF51422_xxAC\\app_error.c 0x00000000   Number         0  app_error.o ABSOLUTE
    RTE\\nRF_Libraries\\nRF51422_xxAC\\app_scheduler.c 0x00000000   Number         0  app_scheduler.o ABSOLUTE
    RTE\\nRF_Libraries\\nRF51422_xxAC\\app_timer.c 0x00000000   Number         0  app_timer.o ABSOLUTE
    RTE\\nRF_Libraries\\nRF51422_xxAC\\retarget.c 0x00000000   Number         0  retarget.o ABSOLUTE
    RTE\\nRF_SoftDevice\\nRF51422_xxAC\\softdevice_handler.c 0x00000000   Number         0  softdevice_handler.o ABSOLUTE
    RTE\nRF_BLE\nRF51422_xxAC\ble_advdata.c  0x00000000   Number         0  ble_advdata.o ABSOLUTE
    RTE\nRF_BLE\nRF51422_xxAC\ble_advertising.c 0x00000000   Number         0  ble_advertising.o ABSOLUTE
    RTE\nRF_BLE\nRF51422_xxAC\ble_conn_params.c 0x00000000   Number         0  ble_conn_params.o ABSOLUTE
    RTE\nRF_Drivers\nRF51422_xxAC\app_uart.c 0x00000000   Number         0  app_uart.o ABSOLUTE
    RTE\nRF_Drivers\nRF51422_xxAC\pstorage.c 0x00000000   Number         0  pstorage.o ABSOLUTE
    RTE\nRF_Libraries\nRF51422_xxAC\app_button.c 0x00000000   Number         0  app_button.o ABSOLUTE
    RTE\nRF_Libraries\nRF51422_xxAC\app_error.c 0x00000000   Number         0  app_error.o ABSOLUTE
    RTE\nRF_Libraries\nRF51422_xxAC\app_scheduler.c 0x00000000   Number         0  app_scheduler.o ABSOLUTE
    RTE\nRF_Libraries\nRF51422_xxAC\app_timer.c 0x00000000   Number         0  app_timer.o ABSOLUTE
    RTE\nRF_Libraries\nRF51422_xxAC\app_timer_appsh.c 0x00000000   Number         0  app_timer_appsh.o ABSOLUTE
    RTE\nRF_Libraries\nRF51422_xxAC\app_trace.c 0x00000000   Number         0  app_trace.o ABSOLUTE
    RTE\nRF_Libraries\nRF51422_xxAC\nrf_assert.c 0x00000000   Number         0  nrf_assert.o ABSOLUTE
    RTE\nRF_Libraries\nRF51422_xxAC\retarget.c 0x00000000   Number         0  retarget.o ABSOLUTE
    RTE\nRF_SoftDevice\nRF51422_xxAC\softdevice_handler.c 0x00000000   Number         0  softdevice_handler.o ABSOLUTE
    dc.s                                     0x00000000   Number         0  dc.o ABSOLUTE
    handlers.s                               0x00000000   Number         0  handlers.o ABSOLUTE
    init.s                                   0x00000000   Number         0  init.o ABSOLUTE
    RESET                                    0x00018000   Section      192  arm_startup_nrf51.o(RESET)
    .ARM.Collect$$$$00000000                 0x000180c0   Section        0  entry.o(.ARM.Collect$$$$00000000)
    .ARM.Collect$$$$00000001                 0x000180c0   Section        4  entry2.o(.ARM.Collect$$$$00000001)
    .ARM.Collect$$$$00000004                 0x000180c4   Section        4  entry5.o(.ARM.Collect$$$$00000004)
    .ARM.Collect$$$$00000008                 0x000180c8   Section        0  entry7b.o(.ARM.Collect$$$$00000008)
    .ARM.Collect$$$$0000000A                 0x000180c8   Section        0  entry8b.o(.ARM.Collect$$$$0000000A)
    .ARM.Collect$$$$0000000B                 0x000180c8   Section        8  entry9a.o(.ARM.Collect$$$$0000000B)
    .ARM.Collect$$$$0000000D                 0x000180d0   Section        0  entry10a.o(.ARM.Collect$$$$0000000D)
    .ARM.Collect$$$$0000000F                 0x000180d0   Section        0  entry11a.o(.ARM.Collect$$$$0000000F)
    .ARM.Collect$$$$00002712                 0x000180d0   Section        4  entry2.o(.ARM.Collect$$$$00002712)
    __lit__00000000                          0x000180d0   Data           4  entry2.o(.ARM.Collect$$$$00002712)
    .emb_text                                0x000180d4   Section       30  app_timer.o(.emb_text)
    .text                                    0x000180f4   Section       56  arm_startup_nrf51.o(.text)
    .text                                    0x0001812c   Section        0  uidiv.o(.text)
    .text                                    0x00018158   Section        0  memcpya.o(.text)
    .text                                    0x0001817c   Section        0  memseta.o(.text)
    .text                                    0x000181a0   Section        0  memcmp.o(.text)
    .text                                    0x000181bc   Section       36  init.o(.text)
    i.GPIOTE_IRQHandler                      0x000181e0   Section        0  nrf_drv_gpiote.o(i.GPIOTE_IRQHandler)
    i.NVIC_SetPriority                       0x000182f4   Section        0  app_timer.o(i.NVIC_SetPriority)
    NVIC_SetPriority                         0x000182f5   Thumb Code    60  app_timer.o(i.NVIC_SetPriority)
    i.RTC1_IRQHandler                        0x00018338   Section        0  app_timer.o(i.RTC1_IRQHandler)
    i.SWI0_IRQHandler                        0x00018358   Section        0  app_timer.o(i.SWI0_IRQHandler)
    i.SWI2_IRQHandler                        0x000183ac   Section        0  softdevice_handler.o(i.SWI2_IRQHandler)
    i.SystemInit                             0x000183d0   Section        0  system_nrf51.o(i.SystemInit)
    i.UART0_IRQHandler                       0x00018424   Section        0  app_uart.o(i.UART0_IRQHandler)
    i.__ARM_common_switch8                   0x0001849c   Section        0  bsp.o(i.__ARM_common_switch8)
    i.__scatterload_copy                     0x000184b6   Section       14  handlers.o(i.__scatterload_copy)
    i.__scatterload_null                     0x000184c4   Section        2  handlers.o(i.__scatterload_null)
    i.__scatterload_zeroinit                 0x000184c6   Section       14  handlers.o(i.__scatterload_zeroinit)
    i.action_tx_stop                         0x000184d4   Section        0  app_uart.o(i.action_tx_stop)
    i.action_uart_deactivate                 0x000184f8   Section        0  app_uart.o(i.action_uart_deactivate)
    action_uart_deactivate                   0x000184f9   Thumb Code    20  app_uart.o(i.action_uart_deactivate)
    i.adv_data_encode                        0x00018518   Section        0  ble_advdata.o(i.adv_data_encode)
    adv_data_encode                          0x00018519   Thumb Code   330  ble_advdata.o(i.adv_data_encode)
    i.alert_timer_handler                    0x00018664   Section        0  bsp.o(i.alert_timer_handler)
    alert_timer_handler                      0x00018665   Thumb Code    20  bsp.o(i.alert_timer_handler)
    i.app_button_enable                      0x0001867c   Section        0  app_button.o(i.app_button_enable)
    i.app_button_init                        0x000186a0   Section        0  app_button.o(i.app_button_init)
    i.app_error_handler                      0x00018718   Section        0  app_error.o(i.app_error_handler)
    i.app_sched_event_get                    0x00018734   Section        0  app_scheduler.o(i.app_sched_event_get)
    app_sched_event_get                      0x00018735   Thumb Code    62  app_scheduler.o(i.app_sched_event_get)
    i.app_sched_event_put                    0x00018778   Section        0  app_scheduler.o(i.app_sched_event_put)
    i.app_sched_execute                      0x00018878   Section        0  app_scheduler.o(i.app_sched_execute)
    i.app_sched_init                         0x00018898   Section        0  app_scheduler.o(i.app_sched_init)
    i.app_timer_create                       0x000188c4   Section        0  app_timer.o(i.app_timer_create)
    i.app_timer_evt_get                      0x00018910   Section        0  app_timer_appsh.o(i.app_timer_evt_get)
    app_timer_evt_get                        0x00018911   Thumb Code    26  app_timer_appsh.o(i.app_timer_evt_get)
    i.app_timer_evt_schedule                 0x0001892c   Section        0  app_timer_appsh.o(i.app_timer_evt_schedule)
    i.app_timer_init                         0x00018944   Section        0  app_timer.o(i.app_timer_init)
    i.app_timer_start                        0x000189f8   Section        0  app_timer.o(i.app_timer_start)
    i.app_timer_stop                         0x00018a7c   Section        0  app_timer.o(i.app_timer_stop)
    i.ble_advdata_set                        0x00018ad4   Section        0  ble_advdata.o(i.ble_advdata_set)
    i.ble_advertising_init                   0x00018b30   Section        0  ble_advertising.o(i.ble_advertising_init)
    i.ble_advertising_on_ble_evt             0x00018c74   Section        0  ble_advertising.o(i.ble_advertising_on_ble_evt)
    i.ble_advertising_on_sys_evt             0x00018d04   Section        0  ble_advertising.o(i.ble_advertising_on_sys_evt)
    i.ble_advertising_peer_address_clear     0x00018d34   Section        0  ble_advertising.o(i.ble_advertising_peer_address_clear)
    ble_advertising_peer_address_clear       0x00018d35   Thumb Code    12  ble_advertising.o(i.ble_advertising_peer_address_clear)
    i.ble_advertising_start                  0x00018d44   Section        0  ble_advertising.o(i.ble_advertising_start)
    i.ble_conn_params_init                   0x00018ed8   Section        0  ble_conn_params.o(i.ble_conn_params_init)
    i.ble_conn_params_on_ble_evt             0x00018f2c   Section        0  ble_conn_params.o(i.ble_conn_params_on_ble_evt)
    i.ble_evt_dispatch                       0x00018fbc   Section        0  main.o(i.ble_evt_dispatch)
    ble_evt_dispatch                         0x00018fbd   Thumb Code    22  main.o(i.ble_evt_dispatch)
    i.ble_stack_init                         0x00018fd4   Section        0  main.o(i.ble_stack_init)
    ble_stack_init                           0x00018fd5   Thumb Code    90  main.o(i.ble_stack_init)
    i.bsp_button_event_handler               0x0001903c   Section        0  bsp.o(i.bsp_button_event_handler)
    bsp_button_event_handler                 0x0001903d   Thumb Code   144  bsp.o(i.bsp_button_event_handler)
    i.bsp_event_to_button_action_assign      0x000190d8   Section        0  bsp.o(i.bsp_event_to_button_action_assign)
    i.bsp_indication_set                     0x00019120   Section        0  bsp.o(i.bsp_indication_set)
    i.bsp_init                               0x0001913c   Section        0  bsp.o(i.bsp_init)
    i.bsp_led_indication                     0x000191dc   Section        0  bsp.o(i.bsp_led_indication)
    bsp_led_indication                       0x000191dd   Thumb Code   482  bsp.o(i.bsp_led_indication)
    i.button_timer_handler                   0x000193cc   Section        0  bsp.o(i.button_timer_handler)
    button_timer_handler                     0x000193cd   Thumb Code    12  bsp.o(i.button_timer_handler)
    i.channel_free                           0x000193d8   Section        0  nrf_drv_gpiote.o(i.channel_free)
    channel_free                             0x000193d9   Thumb Code    24  nrf_drv_gpiote.o(i.channel_free)
    i.channel_port_alloc                     0x000193f4   Section        0  nrf_drv_gpiote.o(i.channel_port_alloc)
    channel_port_alloc                       0x000193f5   Thumb Code    70  nrf_drv_gpiote.o(i.channel_port_alloc)
    i.channel_port_get                       0x00019440   Section        0  nrf_drv_gpiote.o(i.channel_port_get)
    channel_port_get                         0x00019441   Thumb Code    10  nrf_drv_gpiote.o(i.channel_port_get)
    i.compare_reg_update                     0x00019450   Section        0  app_timer.o(i.compare_reg_update)
    compare_reg_update                       0x00019451   Thumb Code   140  app_timer.o(i.compare_reg_update)
    i.conn_int_encode                        0x000194f4   Section        0  ble_advdata.o(i.conn_int_encode)
    conn_int_encode                          0x000194f5   Thumb Code   126  ble_advdata.o(i.conn_int_encode)
    i.conn_params_error_handler              0x00019578   Section        0  main.o(i.conn_params_error_handler)
    conn_params_error_handler                0x00019579   Thumb Code    12  main.o(i.conn_params_error_handler)
    i.conn_params_negotiation                0x00019584   Section        0  ble_conn_params.o(i.conn_params_negotiation)
    conn_params_negotiation                  0x00019585   Thumb Code    90  ble_conn_params.o(i.conn_params_negotiation)
    i.detection_delay_timeout_handler        0x000195e8   Section        0  app_button.o(i.detection_delay_timeout_handler)
    detection_delay_timeout_handler          0x000195e9   Thumb Code    90  app_button.o(i.detection_delay_timeout_handler)
    i.elapsed_ticks_acquire                  0x00019648   Section        0  app_timer.o(i.elapsed_ticks_acquire)
    elapsed_ticks_acquire                    0x00019649   Thumb Code    58  app_timer.o(i.elapsed_ticks_acquire)
    i.expired_timers_handler                 0x00019688   Section        0  app_timer.o(i.expired_timers_handler)
    expired_timers_handler                   0x00019689   Thumb Code    82  app_timer.o(i.expired_timers_handler)
    i.gpiote_event_handler                   0x000196e0   Section        0  app_button.o(i.gpiote_event_handler)
    gpiote_event_handler                     0x000196e1   Thumb Code    70  app_button.o(i.gpiote_event_handler)
    i.intern_softdevice_events_execute       0x0001972c   Section        0  softdevice_handler.o(i.intern_softdevice_events_execute)
    i.is_conn_params_ok                      0x000197ac   Section        0  ble_conn_params.o(i.is_conn_params_ok)
    is_conn_params_ok                        0x000197ad   Thumb Code    24  ble_conn_params.o(i.is_conn_params_ok)
    i.is_manual_peripheral_setup_needed      0x000197c8   Section        0  system_nrf51.o(i.is_manual_peripheral_setup_needed)
    is_manual_peripheral_setup_needed        0x000197c9   Thumb Code    66  system_nrf51.o(i.is_manual_peripheral_setup_needed)
    i.leds_timer_handler                     0x00019810   Section        0  bsp.o(i.leds_timer_handler)
    leds_timer_handler                       0x00019811   Thumb Code    18  bsp.o(i.leds_timer_handler)
    i.list_deletions_handler                 0x00019828   Section        0  app_timer.o(i.list_deletions_handler)
    list_deletions_handler                   0x00019829   Thumb Code   144  app_timer.o(i.list_deletions_handler)
    i.list_insertions_handler                0x000198bc   Section        0  app_timer.o(i.list_insertions_handler)
    list_insertions_handler                  0x000198bd   Thumb Code   230  app_timer.o(i.list_insertions_handler)
    i.main                                   0x000199ac   Section        0  main.o(i.main)
    i.manuf_specific_data_encode             0x00019b24   Section        0  ble_advdata.o(i.manuf_specific_data_encode)
    manuf_specific_data_encode               0x00019b25   Thumb Code   100  ble_advdata.o(i.manuf_specific_data_encode)
    i.name_encode                            0x00019b88   Section        0  ble_advdata.o(i.name_encode)
    name_encode                              0x00019b89   Thumb Code   106  ble_advdata.o(i.name_encode)
    i.nrf_drv_common_irq_enable              0x00019bf4   Section        0  nrf_drv_common.o(i.nrf_drv_common_irq_enable)
    i.nrf_drv_gpiote_in_event_enable         0x00019c54   Section        0  nrf_drv_gpiote.o(i.nrf_drv_gpiote_in_event_enable)
    i.nrf_drv_gpiote_in_init                 0x00019ce0   Section        0  nrf_drv_gpiote.o(i.nrf_drv_gpiote_in_init)
    i.nrf_drv_gpiote_in_is_set               0x00019d74   Section        0  nrf_drv_gpiote.o(i.nrf_drv_gpiote_in_is_set)
    i.nrf_drv_gpiote_init                    0x00019d88   Section        0  nrf_drv_gpiote.o(i.nrf_drv_gpiote_init)
    i.nrf_drv_gpiote_is_init                 0x00019dd8   Section        0  nrf_drv_gpiote.o(i.nrf_drv_gpiote_is_init)
    i.nrf_gpio_cfg_sense_set                 0x00019de8   Section        0  nrf_drv_gpiote.o(i.nrf_gpio_cfg_sense_set)
    nrf_gpio_cfg_sense_set                   0x00019de9   Thumb Code    26  nrf_drv_gpiote.o(i.nrf_gpio_cfg_sense_set)
    i.nrf_gpiote_event_is_set                0x00019e08   Section        0  nrf_drv_gpiote.o(i.nrf_gpiote_event_is_set)
    nrf_gpiote_event_is_set                  0x00019e09   Thumb Code    14  nrf_drv_gpiote.o(i.nrf_gpiote_event_is_set)
    i.on_adv_evt                             0x00019e1c   Section        0  main.o(i.on_adv_evt)
    on_adv_evt                               0x00019e1d   Thumb Code    52  main.o(i.on_adv_evt)
    i.on_ble_evt                             0x00019e50   Section        0  main.o(i.on_ble_evt)
    on_ble_evt                               0x00019e51   Thumb Code   182  main.o(i.on_ble_evt)
    i.on_conn_params_evt                     0x00019f10   Section        0  main.o(i.on_conn_params_evt)
    on_conn_params_evt                       0x00019f11   Thumb Code    30  main.o(i.on_conn_params_evt)
    i.on_uart_event                          0x00019f34   Section        0  app_uart.o(i.on_uart_event)
    on_uart_event                            0x00019f35   Thumb Code   114  app_uart.o(i.on_uart_event)
    i.peer_address_exists                    0x00019fb4   Section        0  ble_advertising.o(i.peer_address_exists)
    peer_address_exists                      0x00019fb5   Thumb Code    22  ble_advertising.o(i.peer_address_exists)
    i.pin_in_use_by_port                     0x00019fcc   Section        0  nrf_drv_gpiote.o(i.pin_in_use_by_port)
    pin_in_use_by_port                       0x00019fcd   Thumb Code    20  nrf_drv_gpiote.o(i.pin_in_use_by_port)
    i.pin_in_use_by_te                       0x00019fe4   Section        0  nrf_drv_gpiote.o(i.pin_in_use_by_te)
    pin_in_use_by_te                         0x00019fe5   Thumb Code    20  nrf_drv_gpiote.o(i.pin_in_use_by_te)
    i.pstorage_access_status_get             0x00019ffc   Section        0  pstorage.o(i.pstorage_access_status_get)
    i.rtc1_stop                              0x0001a024   Section        0  app_timer.o(i.rtc1_stop)
    rtc1_stop                                0x0001a025   Thumb Code    50  app_timer.o(i.rtc1_stop)
    i.service_data_encode                    0x0001a068   Section        0  ble_advdata.o(i.service_data_encode)
    service_data_encode                      0x0001a069   Thumb Code   124  ble_advdata.o(i.service_data_encode)
    i.softdevice_assertion_handler           0x0001a0e4   Section        0  softdevice_handler.o(i.softdevice_assertion_handler)
    i.softdevice_ble_evt_handler_set         0x0001a0f0   Section        0  softdevice_handler.o(i.softdevice_ble_evt_handler_set)
    i.softdevice_handler_init                0x0001a104   Section        0  softdevice_handler.o(i.softdevice_handler_init)
    i.softdevice_sys_evt_handler_set         0x0001a134   Section        0  softdevice_handler.o(i.softdevice_sys_evt_handler_set)
    i.sys_evt_dispatch                       0x0001a148   Section        0  main.o(i.sys_evt_dispatch)
    sys_evt_dispatch                         0x0001a149   Thumb Code     8  main.o(i.sys_evt_dispatch)
    i.timer_list_handler_sched               0x0001a150   Section        0  app_timer.o(i.timer_list_handler_sched)
    timer_list_handler_sched                 0x0001a151   Thumb Code    10  app_timer.o(i.timer_list_handler_sched)
    i.timer_list_insert                      0x0001a160   Section        0  app_timer.o(i.timer_list_insert)
    timer_list_insert                        0x0001a161   Thumb Code    94  app_timer.o(i.timer_list_insert)
    i.timer_list_remove                      0x0001a1c4   Section        0  app_timer.o(i.timer_list_remove)
    timer_list_remove                        0x0001a1c5   Thumb Code   104  app_timer.o(i.timer_list_remove)
    i.timer_timeouts_check                   0x0001a234   Section        0  app_timer.o(i.timer_timeouts_check)
    timer_timeouts_check                     0x0001a235   Thumb Code   120  app_timer.o(i.timer_timeouts_check)
    i.uint16_encode                          0x0001a2b4   Section        0  ble_advdata.o(i.uint16_encode)
    uint16_encode                            0x0001a2b5   Thumb Code    10  ble_advdata.o(i.uint16_encode)
    i.update_timeout_handler                 0x0001a2c0   Section        0  ble_conn_params.o(i.update_timeout_handler)
    update_timeout_handler                   0x0001a2c1   Thumb Code    86  ble_conn_params.o(i.update_timeout_handler)
    i.user_id_get                            0x0001a324   Section        0  app_timer.o(i.user_id_get)
    user_id_get                              0x0001a325   Thumb Code    74  app_timer.o(i.user_id_get)
    i.user_op_alloc                          0x0001a378   Section        0  app_timer.o(i.user_op_alloc)
    user_op_alloc                            0x0001a379   Thumb Code    36  app_timer.o(i.user_op_alloc)
    i.uuid_list_encode                       0x0001a39c   Section        0  ble_advdata.o(i.uuid_list_encode)
    uuid_list_encode                         0x0001a39d   Thumb Code    38  ble_advdata.o(i.uuid_list_encode)
    i.uuid_list_sized_encode                 0x0001a3c2   Section        0  ble_advdata.o(i.uuid_list_sized_encode)
    uuid_list_sized_encode                   0x0001a3c3   Thumb Code   162  ble_advdata.o(i.uuid_list_sized_encode)
    i.whitelist_has_entries                  0x0001a464   Section        0  ble_advertising.o(i.whitelist_has_entries)
    whitelist_has_entries                    0x0001a465   Thumb Code    16  ble_advertising.o(i.whitelist_has_entries)
    .constdata                               0x0001a474   Section       48  bsp.o(.constdata)
    m_buttons_list                           0x0001a474   Data          16  bsp.o(.constdata)
    app_buttons                              0x0001a484   Data          32  bsp.o(.constdata)
    .constdata                               0x0001a4a4   Section        4  app_button.o(.constdata)
    .data                                    0x20002000   Section       44  main.o(.data)
    m_conn_handle                            0x20002000   Data           2  main.o(.data)
    m_sec_params                             0x20002006   Data           5  main.o(.data)
    m_auth_status                            0x2000200b   Data           6  main.o(.data)
    m_keys                                   0x20002014   Data          24  main.o(.data)
    .data                                    0x2000202c   Section       32  bsp.o(.data)
    m_stable_state                           0x2000202c   Data           1  bsp.o(.data)
    current_long_push_pin_no                 0x2000202d   Data           1  bsp.o(.data)
    m_app_ticks_per_100ms                    0x20002030   Data           4  bsp.o(.data)
    m_indication_type                        0x20002034   Data           4  bsp.o(.data)
    m_registered_callback                    0x20002038   Data           4  bsp.o(.data)
    release_event_at_push                    0x2000203c   Data           4  bsp.o(.data)
    m_leds_timer_id                          0x20002040   Data           4  bsp.o(.data)
    m_alert_timer_id                         0x20002044   Data           4  bsp.o(.data)
    m_button_timer_id                        0x20002048   Data           4  bsp.o(.data)
    .data                                    0x2000204c   Section        4  system_nrf51.o(.data)
    __tagsym$$used                           0x2000204c   Number         0  system_nrf51.o(.data)
    .data                                    0x20002050   Section       31  ble_advertising.o(.data)
    m_advertising_start_pending              0x20002050   Data           1  ble_advertising.o(.data)
    m_whitelist_temporarily_disabled         0x20002051   Data           1  ble_advertising.o(.data)
    m_whitelist_reply_expected               0x20002052   Data           1  ble_advertising.o(.data)
    m_peer_addr_reply_expected               0x20002053   Data           1  ble_advertising.o(.data)
    m_adv_evt                                0x20002054   Data           1  ble_advertising.o(.data)
    m_adv_mode_current                       0x20002055   Data           1  ble_advertising.o(.data)
    m_direct_adv_cnt                         0x20002056   Data           1  ble_advertising.o(.data)
    m_tx_power_level                         0x20002057   Data           1  ble_advertising.o(.data)
    current_slave_link_conn_handle           0x20002058   Data           2  ble_advertising.o(.data)
    m_evt_handler                            0x2000205c   Data           4  ble_advertising.o(.data)
    m_error_handler                          0x20002060   Data           4  ble_advertising.o(.data)
    m_slave_conn_int                         0x20002064   Data           4  ble_advertising.o(.data)
    m_peer_address                           0x20002068   Data           7  ble_advertising.o(.data)
    .data                                    0x20002070   Section       24  ble_conn_params.o(.data)
    m_change_param                           0x20002070   Data           1  ble_conn_params.o(.data)
    m_update_count                           0x20002071   Data           1  ble_conn_params.o(.data)
    m_conn_handle                            0x20002072   Data           2  ble_conn_params.o(.data)
    m_conn_params_timer_id                   0x20002074   Data           4  ble_conn_params.o(.data)
    m_preferred_conn_params                  0x20002078   Data           8  ble_conn_params.o(.data)
    m_current_conn_params                    0x20002080   Data           8  ble_conn_params.o(.data)
    .data                                    0x20002088   Section       12  app_uart.o(.data)
    m_instance_counter                       0x20002088   Data           1  app_uart.o(.data)
    m_current_state                          0x20002089   Data           1  app_uart.o(.data)
    m_tx_byte                                0x2000208a   Data           1  app_uart.o(.data)
    m_rx_byte                                0x2000208c   Data           2  app_uart.o(.data)
    m_event_handler                          0x20002090   Data           4  app_uart.o(.data)
    .data                                    0x20002094   Section       12  pstorage.o(.data)
    m_module_initialized                     0x20002094   Data           1  pstorage.o(.data)
    m_swap_state                             0x20002095   Data           1  pstorage.o(.data)
    m_next_app_instance                      0x20002096   Data           2  pstorage.o(.data)
    m_round_val                              0x20002098   Data           2  pstorage.o(.data)
    m_next_page_addr                         0x2000209c   Data           4  pstorage.o(.data)
    .data                                    0x200020a0   Section       24  app_button.o(.data)
    m_button_count                           0x200020a0   Data           1  app_button.o(.data)
    mp_buttons                               0x200020a4   Data           4  app_button.o(.data)
    m_detection_delay                        0x200020a8   Data           4  app_button.o(.data)
    m_detection_delay_timer_id               0x200020ac   Data           4  app_button.o(.data)
    m_pin_state                              0x200020b0   Data           4  app_button.o(.data)
    m_pin_transition                         0x200020b4   Data           4  app_button.o(.data)
    .data                                    0x200020b8   Section       16  app_scheduler.o(.data)
    m_queue_start_index                      0x200020b8   Data           1  app_scheduler.o(.data)
    m_queue_end_index                        0x200020b9   Data           1  app_scheduler.o(.data)
    m_queue_event_size                       0x200020ba   Data           2  app_scheduler.o(.data)
    m_queue_size                             0x200020bc   Data           2  app_scheduler.o(.data)
    m_queue_event_headers                    0x200020c0   Data           4  app_scheduler.o(.data)
    m_queue_event_data                       0x200020c4   Data           4  app_scheduler.o(.data)
    .data                                    0x200020c8   Section       36  app_timer.o(.data)
    m_node_array_size                        0x200020c8   Data           1  app_timer.o(.data)
    m_user_array_size                        0x200020c9   Data           1  app_timer.o(.data)
    m_ticks_elapsed_q_read_ind               0x200020ca   Data           1  app_timer.o(.data)
    m_ticks_elapsed_q_write_ind              0x200020cb   Data           1  app_timer.o(.data)
    m_rtc1_running                           0x200020cc   Data           1  app_timer.o(.data)
    m_rtc1_reset                             0x200020cd   Data           1  app_timer.o(.data)
    mp_nodes                                 0x200020d0   Data           4  app_timer.o(.data)
    mp_users                                 0x200020d4   Data           4  app_timer.o(.data)
    m_timer_id_head                          0x200020d8   Data           4  app_timer.o(.data)
    m_ticks_latest                           0x200020dc   Data           4  app_timer.o(.data)
    m_evt_schedule_func                      0x200020e0   Data           4  app_timer.o(.data)
    m_ticks_elapsed                          0x200020e4   Data           8  app_timer.o(.data)
    .data                                    0x200020ec   Section       20  softdevice_handler.o(.data)
    m_softdevice_enabled                     0x200020ec   Data           1  softdevice_handler.o(.data)
    m_ble_evt_buffer_size                    0x200020ee   Data           2  softdevice_handler.o(.data)
    m_evt_schedule_func                      0x200020f0   Data           4  softdevice_handler.o(.data)
    mp_ble_evt_buffer                        0x200020f4   Data           4  softdevice_handler.o(.data)
    m_ble_evt_handler                        0x200020f8   Data           4  softdevice_handler.o(.data)
    m_sys_evt_handler                        0x200020fc   Data           4  softdevice_handler.o(.data)
    .bss                                     0x20002100   Section      972  main.o(.bss)
    APP_TIMER_BUF                            0x20002100   Data         656  main.o(.bss)
    m_enc_key                                0x20002390   Data          28  main.o(.bss)
    m_id_key                                 0x200023ac   Data          23  main.o(.bss)
    m_sign_key                               0x200023c3   Data          16  main.o(.bss)
    BLE_EVT_BUFFER                           0x200023d4   Data          72  main.o(.bss)
    APP_SCHED_BUF                            0x2000241c   Data         176  main.o(.bss)
    .bss                                     0x200024cc   Section       12  bsp.o(.bss)
    m_events_list                            0x200024cc   Data          12  bsp.o(.bss)
    .bss                                     0x200024d8   Section      247  ble_advertising.o(.bss)
    m_advdata                                0x200024d8   Data          48  ble_advertising.o(.bss)
    m_adv_modes_config                       0x20002508   Data          32  ble_advertising.o(.bss)
    m_whitelist                              0x20002528   Data          16  ble_advertising.o(.bss)
    mp_whitelist_addr                        0x20002538   Data          32  ble_advertising.o(.bss)
    mp_whitelist_irk                         0x20002558   Data          32  ble_advertising.o(.bss)
    m_manuf_specific_data                    0x20002578   Data          12  ble_advertising.o(.bss)
    m_manuf_data_array                       0x20002584   Data          31  ble_advertising.o(.bss)
    m_service_data                           0x200025a4   Data          12  ble_advertising.o(.bss)
    m_service_data_array                     0x200025b0   Data          31  ble_advertising.o(.bss)
    .bss                                     0x200025d0   Section       28  ble_conn_params.o(.bss)
    m_conn_params_config                     0x200025d0   Data          28  ble_conn_params.o(.bss)
    .bss                                     0x200025ec   Section       80  nrf_drv_gpiote.o(.bss)
    m_cb                                     0x200025ec   Data          80  nrf_drv_gpiote.o(.bss)
    .bss                                     0x2000263c   Section      636  pstorage.o(.bss)
    m_cmd_queue                              0x2000263c   Data         604  pstorage.o(.bss)
    m_app_table                              0x20002898   Data          32  pstorage.o(.bss)
    STACK                                    0x200028b8   Section     2048  arm_startup_nrf51.o(STACK)

    Global Symbols

    Symbol Name                              Value     Ov Type        Size  Object(Section)

    BuildAttributes$$THM_ISAv3M$S$PE$A:L22$X:L11$S22$IEEE1$IW$USESV6$~STKCKD$USESV7$~SHL$OSPACE$EBA8$MICROLIB$REQ8$PRES8$EABIv2 0x00000000   Number         0  anon$$obj.o ABSOLUTE
    __ARM_use_no_argv                        0x00000000   Number         0  main.o ABSOLUTE
    __cpp_initialize__aeabi_                  - Undefined Weak Reference
    __cxa_finalize                            - Undefined Weak Reference
    __decompress                              - Undefined Weak Reference
    _clock_init                               - Undefined Weak Reference
    _microlib_exit                            - Undefined Weak Reference
    __Vectors_Size                           0x000000c0   Number         0  arm_startup_nrf51.o ABSOLUTE
    __Vectors                                0x00018000   Data           4  arm_startup_nrf51.o(RESET)
    __Vectors_End                            0x000180c0   Data           0  arm_startup_nrf51.o(RESET)
    __main                                   0x000180c1   Thumb Code     0  entry.o(.ARM.Collect$$$$00000000)
    _main_stk                                0x000180c1   Thumb Code     0  entry2.o(.ARM.Collect$$$$00000001)
    _main_scatterload                        0x000180c5   Thumb Code     0  entry5.o(.ARM.Collect$$$$00000004)
    __main_after_scatterload                 0x000180c9   Thumb Code     0  entry5.o(.ARM.Collect$$$$00000004)
    _main_clock                              0x000180c9   Thumb Code     0  entry7b.o(.ARM.Collect$$$$00000008)
    _main_cpp_init                           0x000180c9   Thumb Code     0  entry8b.o(.ARM.Collect$$$$0000000A)
    _main_init                               0x000180c9   Thumb Code     0  entry9a.o(.ARM.Collect$$$$0000000B)
    __rt_final_cpp                           0x000180d1   Thumb Code     0  entry10a.o(.ARM.Collect$$$$0000000D)
    __rt_final_exit                          0x000180d1   Thumb Code     0  entry11a.o(.ARM.Collect$$$$0000000F)
    __asm___11_app_timer_c_cd27f9c3__nrf_delay_us 0x000180d5   Thumb Code    30  app_timer.o(.emb_text)
    Reset_Handler                            0x000180f5   Thumb Code    26  arm_startup_nrf51.o(.text)
    NMI_Handler                              0x0001810f   Thumb Code     2  arm_startup_nrf51.o(.text)
    HardFault_Handler                        0x00018111   Thumb Code     2  arm_startup_nrf51.o(.text)
    SVC_Handler                              0x00018113   Thumb Code     2  arm_startup_nrf51.o(.text)
    PendSV_Handler                           0x00018115   Thumb Code     2  arm_startup_nrf51.o(.text)
    SysTick_Handler                          0x00018117   Thumb Code     2  arm_startup_nrf51.o(.text)
    ADC_IRQHandler                           0x00018119   Thumb Code     0  arm_startup_nrf51.o(.text)
    CCM_AAR_IRQHandler                       0x00018119   Thumb Code     0  arm_startup_nrf51.o(.text)
    ECB_IRQHandler                           0x00018119   Thumb Code     0  arm_startup_nrf51.o(.text)
    LPCOMP_IRQHandler                        0x00018119   Thumb Code     0  arm_startup_nrf51.o(.text)
    POWER_CLOCK_IRQHandler                   0x00018119   Thumb Code     0  arm_startup_nrf51.o(.text)
    QDEC_IRQHandler                          0x00018119   Thumb Code     0  arm_startup_nrf51.o(.text)
    RADIO_IRQHandler                         0x00018119   Thumb Code     0  arm_startup_nrf51.o(.text)
    RNG_IRQHandler                           0x00018119   Thumb Code     0  arm_startup_nrf51.o(.text)
    RTC0_IRQHandler                          0x00018119   Thumb Code     0  arm_startup_nrf51.o(.text)
    SPI0_TWI0_IRQHandler                     0x00018119   Thumb Code     0  arm_startup_nrf51.o(.text)
    SPI1_TWI1_IRQHandler                     0x00018119   Thumb Code     0  arm_startup_nrf51.o(.text)
    SWI1_IRQHandler                          0x00018119   Thumb Code     0  arm_startup_nrf51.o(.text)
    SWI3_IRQHandler                          0x00018119   Thumb Code     0  arm_startup_nrf51.o(.text)
    SWI4_IRQHandler                          0x00018119   Thumb Code     0  arm_startup_nrf51.o(.text)
    SWI5_IRQHandler                          0x00018119   Thumb Code     0  arm_startup_nrf51.o(.text)
    TEMP_IRQHandler                          0x00018119   Thumb Code     0  arm_startup_nrf51.o(.text)
    TIMER0_IRQHandler                        0x00018119   Thumb Code     0  arm_startup_nrf51.o(.text)
    TIMER1_IRQHandler                        0x00018119   Thumb Code     0  arm_startup_nrf51.o(.text)
    TIMER2_IRQHandler                        0x00018119   Thumb Code     0  arm_startup_nrf51.o(.text)
    WDT_IRQHandler                           0x00018119   Thumb Code     0  arm_startup_nrf51.o(.text)
    __aeabi_uidiv                            0x0001812d   Thumb Code     0  uidiv.o(.text)
    __aeabi_uidivmod                         0x0001812d   Thumb Code    44  uidiv.o(.text)
    __aeabi_memcpy                           0x00018159   Thumb Code    36  memcpya.o(.text)
    __aeabi_memcpy4                          0x00018159   Thumb Code     0  memcpya.o(.text)
    __aeabi_memcpy8                          0x00018159   Thumb Code     0  memcpya.o(.text)
    __aeabi_memset                           0x0001817d   Thumb Code    14  memseta.o(.text)
    __aeabi_memset4                          0x0001817d   Thumb Code     0  memseta.o(.text)
    __aeabi_memset8                          0x0001817d   Thumb Code     0  memseta.o(.text)
    __aeabi_memclr                           0x0001818b   Thumb Code     4  memseta.o(.text)
    __aeabi_memclr4                          0x0001818b   Thumb Code     0  memseta.o(.text)
    __aeabi_memclr8                          0x0001818b   Thumb Code     0  memseta.o(.text)
    _memset$wrapper                          0x0001818f   Thumb Code    18  memseta.o(.text)
    memcmp                                   0x000181a1   Thumb Code    26  memcmp.o(.text)
    __scatterload                            0x000181bd   Thumb Code    28  init.o(.text)
    __scatterload_rt2                        0x000181bd   Thumb Code     0  init.o(.text)
    GPIOTE_IRQHandler                        0x000181e1   Thumb Code   248  nrf_drv_gpiote.o(i.GPIOTE_IRQHandler)
    RTC1_IRQHandler                          0x00018339   Thumb Code    28  app_timer.o(i.RTC1_IRQHandler)
    SWI0_IRQHandler                          0x00018359   Thumb Code    78  app_timer.o(i.SWI0_IRQHandler)
    SWI2_IRQHandler                          0x000183ad   Thumb Code    32  softdevice_handler.o(i.SWI2_IRQHandler)
    SystemInit                               0x000183d1   Thumb Code    64  system_nrf51.o(i.SystemInit)
    UART0_IRQHandler                         0x00018425   Thumb Code   104  app_uart.o(i.UART0_IRQHandler)
    __ARM_common_switch8                     0x0001849d   Thumb Code    26  bsp.o(i.__ARM_common_switch8)
    __scatterload_copy                       0x000184b7   Thumb Code    14  handlers.o(i.__scatterload_copy)
    __scatterload_null                       0x000184c5   Thumb Code     2  handlers.o(i.__scatterload_null)
    __scatterload_zeroinit                   0x000184c7   Thumb Code    14  handlers.o(i.__scatterload_zeroinit)
    action_tx_stop                           0x000184d5   Thumb Code    26  app_uart.o(i.action_tx_stop)
    app_button_enable                        0x0001867d   Thumb Code    32  app_button.o(i.app_button_enable)
    app_button_init                          0x000186a1   Thumb Code   102  app_button.o(i.app_button_init)
    app_error_handler                        0x00018719   Thumb Code    18  app_error.o(i.app_error_handler)
    app_sched_event_put                      0x00018779   Thumb Code   240  app_scheduler.o(i.app_sched_event_put)
    app_sched_execute                        0x00018879   Thumb Code    30  app_scheduler.o(i.app_sched_execute)
    app_sched_init                           0x00018899   Thumb Code    40  app_scheduler.o(i.app_sched_init)
    app_timer_create                         0x000188c5   Thumb Code    72  app_timer.o(i.app_timer_create)
    app_timer_evt_schedule                   0x0001892d   Thumb Code    18  app_timer_appsh.o(i.app_timer_evt_schedule)
    app_timer_init                           0x00018945   Thumb Code   164  app_timer.o(i.app_timer_init)
    app_timer_start                          0x000189f9   Thumb Code   122  app_timer.o(i.app_timer_start)
    app_timer_stop                           0x00018a7d   Thumb Code    82  app_timer.o(i.app_timer_stop)
    ble_advdata_set                          0x00018ad5   Thumb Code    90  ble_advdata.o(i.ble_advdata_set)
    ble_advertising_init                     0x00018b31   Thumb Code   316  ble_advertising.o(i.ble_advertising_init)
    ble_advertising_on_ble_evt               0x00018c75   Thumb Code   136  ble_advertising.o(i.ble_advertising_on_ble_evt)
    ble_advertising_on_sys_evt               0x00018d05   Thumb Code    42  ble_advertising.o(i.ble_advertising_on_sys_evt)
    ble_advertising_start                    0x00018d45   Thumb Code   396  ble_advertising.o(i.ble_advertising_start)
    ble_conn_params_init                     0x00018ed9   Thumb Code    72  ble_conn_params.o(i.ble_conn_params_init)
    ble_conn_params_on_ble_evt               0x00018f2d   Thumb Code   134  ble_conn_params.o(i.ble_conn_params_on_ble_evt)
    bsp_event_to_button_action_assign        0x000190d9   Thumb Code    66  bsp.o(i.bsp_event_to_button_action_assign)
    bsp_indication_set                       0x00019121   Thumb Code    22  bsp.o(i.bsp_indication_set)
    bsp_init                                 0x0001913d   Thumb Code   134  bsp.o(i.bsp_init)
    intern_softdevice_events_execute         0x0001972d   Thumb Code   124  softdevice_handler.o(i.intern_softdevice_events_execute)
    main                                     0x000199ad   Thumb Code   330  main.o(i.main)
    nrf_drv_common_irq_enable                0x00019bf5   Thumb Code    78  nrf_drv_common.o(i.nrf_drv_common_irq_enable)
    nrf_drv_gpiote_in_event_enable           0x00019c55   Thumb Code   120  nrf_drv_gpiote.o(i.nrf_drv_gpiote_in_event_enable)
    nrf_drv_gpiote_in_init                   0x00019ce1   Thumb Code   130  nrf_drv_gpiote.o(i.nrf_drv_gpiote_in_init)
    nrf_drv_gpiote_in_is_set                 0x00019d75   Thumb Code    16  nrf_drv_gpiote.o(i.nrf_drv_gpiote_in_is_set)
    nrf_drv_gpiote_init                      0x00019d89   Thumb Code    72  nrf_drv_gpiote.o(i.nrf_drv_gpiote_init)
    nrf_drv_gpiote_is_init                   0x00019dd9   Thumb Code    12  nrf_drv_gpiote.o(i.nrf_drv_gpiote_is_init)
    pstorage_access_status_get               0x00019ffd   Thumb Code    30  pstorage.o(i.pstorage_access_status_get)
    softdevice_assertion_handler             0x0001a0e5   Thumb Code    12  softdevice_handler.o(i.softdevice_assertion_handler)
    softdevice_ble_evt_handler_set           0x0001a0f1   Thumb Code    16  softdevice_handler.o(i.softdevice_ble_evt_handler_set)
    softdevice_handler_init                  0x0001a105   Thumb Code    40  softdevice_handler.o(i.softdevice_handler_init)
    softdevice_sys_evt_handler_set           0x0001a135   Thumb Code    16  softdevice_handler.o(i.softdevice_sys_evt_handler_set)
    Region$$Table$$Base                      0x0001a4a8   Number         0  anon$$obj.o(Region$$Table)
    Region$$Table$$Limit                     0x0001a4c8   Number         0  anon$$obj.o(Region$$Table)
    m_adv_uuids                              0x20002002   Data           4  main.o(.data)
    SystemCoreClock                          0x2000204c   Data           4  system_nrf51.o(.data)
    __initial_sp                             0x200030b8   Data           0  arm_startup_nrf51.o(STACK)



==============================================================================

Memory Map of the image

  Image Entry point : 0x000180c1

  Load Region LR_IROM1 (Base: 0x00018000, Size: 0x000025c8, Max: 0x00028000, ABSOLUTE)

    Execution Region ER_IROM1 (Base: 0x00018000, Size: 0x000024c8, Max: 0x00028000, ABSOLUTE)

    Base Addr    Size         Type   Attr      Idx    E Section Name        Object

    0x00018000   0x000000c0   Data   RO          323    RESET               arm_startup_nrf51.o
    0x000180c0   0x00000000   Code   RO         1483  * .ARM.Collect$$$$00000000  mc_p.l(entry.o)
    0x000180c0   0x00000004   Code   RO         1498    .ARM.Collect$$$$00000001  mc_p.l(entry2.o)
    0x000180c4   0x00000004   Code   RO         1501    .ARM.Collect$$$$00000004  mc_p.l(entry5.o)
    0x000180c8   0x00000000   Code   RO         1503    .ARM.Collect$$$$00000008  mc_p.l(entry7b.o)
    0x000180c8   0x00000000   Code   RO         1505    .ARM.Collect$$$$0000000A  mc_p.l(entry8b.o)
    0x000180c8   0x00000008   Code   RO         1506    .ARM.Collect$$$$0000000B  mc_p.l(entry9a.o)
    0x000180d0   0x00000000   Code   RO         1508    .ARM.Collect$$$$0000000D  mc_p.l(entry10a.o)
    0x000180d0   0x00000000   Code   RO         1510    .ARM.Collect$$$$0000000F  mc_p.l(entry11a.o)
    0x000180d0   0x00000004   Code   RO         1499    .ARM.Collect$$$$00002712  mc_p.l(entry2.o)
    0x000180d4   0x0000001e   Code   RO         1203    .emb_text           app_timer.o
    0x000180f2   0x00000002   PAD
    0x000180f4   0x00000038   Code   RO          324    .text               arm_startup_nrf51.o
    0x0001812c   0x0000002c   Code   RO         1486    .text               mc_p.l(uidiv.o)
    0x00018158   0x00000024   Code   RO         1488    .text               mc_p.l(memcpya.o)
    0x0001817c   0x00000024   Code   RO         1490    .text               mc_p.l(memseta.o)
    0x000181a0   0x0000001a   Code   RO         1494    .text               mc_p.l(memcmp.o)
    0x000181ba   0x00000002   PAD
    0x000181bc   0x00000024   Code   RO         1512    .text               mc_p.l(init.o)
    0x000181e0   0x00000114   Code   RO          625    i.GPIOTE_IRQHandler  nrf_drv_gpiote.o
    0x000182f4   0x00000044   Code   RO         1204    i.NVIC_SetPriority  app_timer.o
    0x00018338   0x00000020   Code   RO         1205    i.RTC1_IRQHandler   app_timer.o
    0x00018358   0x00000054   Code   RO         1206    i.SWI0_IRQHandler   app_timer.o
    0x000183ac   0x00000024   Code   RO         1427    i.SWI2_IRQHandler   softdevice_handler.o
    0x000183d0   0x00000054   Code   RO          331    i.SystemInit        system_nrf51.o
    0x00018424   0x00000078   Code   RO          848    i.UART0_IRQHandler  app_uart.o
    0x0001849c   0x0000001a   Code   RO          308    i.__ARM_common_switch8  bsp.o
    0x000184b6   0x0000000e   Code   RO         1516    i.__scatterload_copy  mc_p.l(handlers.o)
    0x000184c4   0x00000002   Code   RO         1517    i.__scatterload_null  mc_p.l(handlers.o)
    0x000184c6   0x0000000e   Code   RO         1518    i.__scatterload_zeroinit  mc_p.l(handlers.o)
    0x000184d4   0x00000024   Code   RO          849    i.action_tx_stop    app_uart.o
    0x000184f8   0x00000020   Code   RO          850    i.action_uart_deactivate  app_uart.o
    0x00018518   0x0000014a   Code   RO          386    i.adv_data_encode   ble_advdata.o
    0x00018662   0x00000002   PAD
    0x00018664   0x00000018   Code   RO          217    i.alert_timer_handler  bsp.o
    0x0001867c   0x00000024   Code   RO         1064    i.app_button_enable  app_button.o
    0x000186a0   0x00000078   Code   RO         1065    i.app_button_init   app_button.o
    0x00018718   0x0000001c   Code   RO         1132    i.app_error_handler  app_error.o
    0x00018734   0x00000044   Code   RO         1155    i.app_sched_event_get  app_scheduler.o
    0x00018778   0x00000100   Code   RO         1156    i.app_sched_event_put  app_scheduler.o
    0x00018878   0x0000001e   Code   RO         1157    i.app_sched_execute  app_scheduler.o
    0x00018896   0x00000002   PAD
    0x00018898   0x0000002c   Code   RO         1158    i.app_sched_init    app_scheduler.o
    0x000188c4   0x0000004c   Code   RO         1209    i.app_timer_create  app_timer.o
    0x00018910   0x0000001a   Code   RO         1346    i.app_timer_evt_get  app_timer_appsh.o
    0x0001892a   0x00000002   PAD
    0x0001892c   0x00000018   Code   RO         1347    i.app_timer_evt_schedule  app_timer_appsh.o
    0x00018944   0x000000b4   Code   RO         1210    i.app_timer_init    app_timer.o
    0x000189f8   0x00000084   Code   RO         1211    i.app_timer_start   app_timer.o
    0x00018a7c   0x00000058   Code   RO         1212    i.app_timer_stop    app_timer.o
    0x00018ad4   0x0000005a   Code   RO          387    i.ble_advdata_set   ble_advdata.o
    0x00018b2e   0x00000002   PAD
    0x00018b30   0x00000144   Code   RO          446    i.ble_advertising_init  ble_advertising.o
    0x00018c74   0x00000090   Code   RO          447    i.ble_advertising_on_ble_evt  ble_advertising.o
    0x00018d04   0x00000030   Code   RO          448    i.ble_advertising_on_sys_evt  ble_advertising.o
    0x00018d34   0x00000010   Code   RO          450    i.ble_advertising_peer_address_clear  ble_advertising.o
    0x00018d44   0x00000194   Code   RO          452    i.ble_advertising_start  ble_advertising.o
    0x00018ed8   0x00000054   Code   RO          534    i.ble_conn_params_init  ble_conn_params.o
    0x00018f2c   0x00000090   Code   RO          535    i.ble_conn_params_on_ble_evt  ble_conn_params.o
    0x00018fbc   0x00000016   Code   RO            4    i.ble_evt_dispatch  main.o
    0x00018fd2   0x00000002   PAD
    0x00018fd4   0x00000068   Code   RO            5    i.ble_stack_init    main.o
    0x0001903c   0x0000009c   Code   RO          218    i.bsp_button_event_handler  bsp.o
    0x000190d8   0x00000048   Code   RO          223    i.bsp_event_to_button_action_assign  bsp.o
    0x00019120   0x0000001c   Code   RO          224    i.bsp_indication_set  bsp.o
    0x0001913c   0x000000a0   Code   RO          226    i.bsp_init          bsp.o
    0x000191dc   0x000001f0   Code   RO          227    i.bsp_led_indication  bsp.o
    0x000193cc   0x0000000c   Code   RO          229    i.button_timer_handler  bsp.o
    0x000193d8   0x0000001c   Code   RO          626    i.channel_free      nrf_drv_gpiote.o
    0x000193f4   0x0000004c   Code   RO          627    i.channel_port_alloc  nrf_drv_gpiote.o
    0x00019440   0x00000010   Code   RO          628    i.channel_port_get  nrf_drv_gpiote.o
    0x00019450   0x000000a4   Code   RO         1214    i.compare_reg_update  app_timer.o
    0x000194f4   0x00000084   Code   RO          388    i.conn_int_encode   ble_advdata.o
    0x00019578   0x0000000c   Code   RO            6    i.conn_params_error_handler  main.o
    0x00019584   0x00000064   Code   RO          537    i.conn_params_negotiation  ble_conn_params.o
    0x000195e8   0x00000060   Code   RO         1067    i.detection_delay_timeout_handler  app_button.o
    0x00019648   0x00000040   Code   RO         1215    i.elapsed_ticks_acquire  app_timer.o
    0x00019688   0x00000058   Code   RO         1216    i.expired_timers_handler  app_timer.o
    0x000196e0   0x0000004c   Code   RO         1068    i.gpiote_event_handler  app_button.o
    0x0001972c   0x00000080   Code   RO         1428    i.intern_softdevice_events_execute  softdevice_handler.o
    0x000197ac   0x0000001c   Code   RO          538    i.is_conn_params_ok  ble_conn_params.o
    0x000197c8   0x00000048   Code   RO          332    i.is_manual_peripheral_setup_needed  system_nrf51.o
    0x00019810   0x00000018   Code   RO          230    i.leds_timer_handler  bsp.o
    0x00019828   0x00000094   Code   RO         1217    i.list_deletions_handler  app_timer.o
    0x000198bc   0x000000f0   Code   RO         1218    i.list_insertions_handler  app_timer.o
    0x000199ac   0x00000178   Code   RO            7    i.main              main.o
    0x00019b24   0x00000064   Code   RO          389    i.manuf_specific_data_encode  ble_advdata.o
    0x00019b88   0x0000006a   Code   RO          390    i.name_encode       ble_advdata.o
    0x00019bf2   0x00000002   PAD
    0x00019bf4   0x00000060   Code   RO          596    i.nrf_drv_common_irq_enable  nrf_drv_common.o
    0x00019c54   0x0000008c   Code   RO          631    i.nrf_drv_gpiote_in_event_enable  nrf_drv_gpiote.o
    0x00019ce0   0x00000094   Code   RO          632    i.nrf_drv_gpiote_in_init  nrf_drv_gpiote.o
    0x00019d74   0x00000014   Code   RO          633    i.nrf_drv_gpiote_in_is_set  nrf_drv_gpiote.o
    0x00019d88   0x00000050   Code   RO          635    i.nrf_drv_gpiote_init  nrf_drv_gpiote.o
    0x00019dd8   0x00000010   Code   RO          636    i.nrf_drv_gpiote_is_init  nrf_drv_gpiote.o
    0x00019de8   0x00000020   Code   RO          648    i.nrf_gpio_cfg_sense_set  nrf_drv_gpiote.o
    0x00019e08   0x00000014   Code   RO          649    i.nrf_gpiote_event_is_set  nrf_drv_gpiote.o
    0x00019e1c   0x00000034   Code   RO            8    i.on_adv_evt        main.o
    0x00019e50   0x000000c0   Code   RO            9    i.on_ble_evt        main.o
    0x00019f10   0x00000024   Code   RO           10    i.on_conn_params_evt  main.o
    0x00019f34   0x00000080   Code   RO          858    i.on_uart_event     app_uart.o
    0x00019fb4   0x00000016   Code   RO          454    i.peer_address_exists  ble_advertising.o
    0x00019fca   0x00000002   PAD
    0x00019fcc   0x00000018   Code   RO          650    i.pin_in_use_by_port  nrf_drv_gpiote.o
    0x00019fe4   0x00000018   Code   RO          651    i.pin_in_use_by_te  nrf_drv_gpiote.o
    0x00019ffc   0x00000028   Code   RO          946    i.pstorage_access_status_get  pstorage.o
    0x0001a024   0x00000044   Code   RO         1219    i.rtc1_stop         app_timer.o
    0x0001a068   0x0000007c   Code   RO          391    i.service_data_encode  ble_advdata.o
    0x0001a0e4   0x0000000c   Code   RO         1429    i.softdevice_assertion_handler  softdevice_handler.o
    0x0001a0f0   0x00000014   Code   RO         1430    i.softdevice_ble_evt_handler_set  softdevice_handler.o
    0x0001a104   0x00000030   Code   RO         1431    i.softdevice_handler_init  softdevice_handler.o
    0x0001a134   0x00000014   Code   RO         1433    i.softdevice_sys_evt_handler_set  softdevice_handler.o
    0x0001a148   0x00000008   Code   RO           11    i.sys_evt_dispatch  main.o
    0x0001a150   0x00000010   Code   RO         1220    i.timer_list_handler_sched  app_timer.o
    0x0001a160   0x00000064   Code   RO         1221    i.timer_list_insert  app_timer.o
    0x0001a1c4   0x00000070   Code   RO         1222    i.timer_list_remove  app_timer.o
    0x0001a234   0x00000080   Code   RO         1223    i.timer_timeouts_check  app_timer.o
    0x0001a2b4   0x0000000a   Code   RO          392    i.uint16_encode     ble_advdata.o
    0x0001a2be   0x00000002   PAD
    0x0001a2c0   0x00000064   Code   RO          539    i.update_timeout_handler  ble_conn_params.o
    0x0001a324   0x00000054   Code   RO         1224    i.user_id_get       app_timer.o
    0x0001a378   0x00000024   Code   RO         1225    i.user_op_alloc     app_timer.o
    0x0001a39c   0x00000026   Code   RO          393    i.uuid_list_encode  ble_advdata.o
    0x0001a3c2   0x000000a2   Code   RO          394    i.uuid_list_sized_encode  ble_advdata.o
    0x0001a464   0x00000010   Code   RO          455    i.whitelist_has_entries  ble_advertising.o
    0x0001a474   0x00000030   Data   RO          232    .constdata          bsp.o
    0x0001a4a4   0x00000004   Data   RO         1069    .constdata          app_button.o
    0x0001a4a8   0x00000020   Data   RO         1514    Region$$Table       anon$$obj.o


    Execution Region RW_IRAM1 (Base: 0x20002000, Size: 0x000010b8, Max: 0x00006000, ABSOLUTE)

    Base Addr    Size         Type   Attr      Idx    E Section Name        Object

    0x20002000   0x0000002c   Data   RW           13    .data               main.o
    0x2000202c   0x00000020   Data   RW          233    .data               bsp.o
    0x2000204c   0x00000004   Data   RW          333    .data               system_nrf51.o
    0x20002050   0x0000001f   Data   RW          457    .data               ble_advertising.o
    0x2000206f   0x00000001   PAD
    0x20002070   0x00000018   Data   RW          541    .data               ble_conn_params.o
    0x20002088   0x0000000c   Data   RW          860    .data               app_uart.o
    0x20002094   0x0000000c   Data   RW          958    .data               pstorage.o
    0x200020a0   0x00000018   Data   RW         1070    .data               app_button.o
    0x200020b8   0x00000010   Data   RW         1159    .data               app_scheduler.o
    0x200020c8   0x00000024   Data   RW         1226    .data               app_timer.o
    0x200020ec   0x00000014   Data   RW         1434    .data               softdevice_handler.o
    0x20002100   0x000003cc   Zero   RW           12    .bss                main.o
    0x200024cc   0x0000000c   Zero   RW          231    .bss                bsp.o
    0x200024d8   0x000000f7   Zero   RW          456    .bss                ble_advertising.o
    0x200025cf   0x00000001   PAD
    0x200025d0   0x0000001c   Zero   RW          540    .bss                ble_conn_params.o
    0x200025ec   0x00000050   Zero   RW          652    .bss                nrf_drv_gpiote.o
    0x2000263c   0x0000027c   Zero   RW          957    .bss                pstorage.o
    0x200028b8   0x00000800   Zero   RW          321    STACK               arm_startup_nrf51.o


==============================================================================

Image component sizes


      Code (inc. data)   RO Data    RW Data    ZI Data      Debug   Object Name

       328         34          4         24          0       8646   app_button.o
        28         10          0          0          0       7360   app_error.o
       398         26          0         16          0      14159   app_scheduler.o
      1938        160          0         36          0      26703   app_timer.o
        50          6          0          0          0       2341   app_timer_appsh.o
       316         60          0         12          0       8520   app_uart.o
        56         18        192          0       2048        664   arm_startup_nrf51.o
      1092          6          0          0          0      12246   ble_advdata.o
       974         34          0         31        247      10345   ble_advertising.o
       456         50          0         24         28      11416   ble_conn_params.o
       998        100         48         32         12       8164   bsp.o
       802         76          0         44        972      83501   main.o
        96         18          0          0          0       7696   nrf_drv_common.o
       900        118          0          0         80      20712   nrf_drv_gpiote.o
        40         10          0         12        636       7381   pstorage.o
       264         24          0         20          0       5828   softdevice_handler.o
       156         26          0          4          0       1975   system_nrf51.o

    ----------------------------------------------------------------------
      8910        776        276        256       4024     237657   Object Totals
         0          0         32          0          0          0   (incl. Generated)
        18          0          0          1          1          0   (incl. Padding)

    ----------------------------------------------------------------------

      Code (inc. data)   RO Data    RW Data    ZI Data      Debug   Library Member Name

         0          0          0          0          0          0   entry.o
         0          0          0          0          0          0   entry10a.o
         0          0          0          0          0          0   entry11a.o
         8          4          0          0          0          0   entry2.o
         4          0          0          0          0          0   entry5.o
         0          0          0          0          0          0   entry7b.o
         0          0          0          0          0          0   entry8b.o
         8          4          0          0          0          0   entry9a.o
        30          0          0          0          0          0   handlers.o
        36          8          0          0          0         68   init.o
        26          0          0          0          0         72   memcmp.o
        36          0          0          0          0         60   memcpya.o
        36          0          0          0          0        100   memseta.o
        44          0          0          0          0         72   uidiv.o

    ----------------------------------------------------------------------
       230         16          0          0          0        372   Library Totals
         2          0          0          0          0          0   (incl. Padding)

    ----------------------------------------------------------------------

      Code (inc. data)   RO Data    RW Data    ZI Data      Debug   Library Name

       228         16          0          0          0        372   mc_p.l

    ----------------------------------------------------------------------
       230         16          0          0          0        372   Library Totals

    ----------------------------------------------------------------------

==============================================================================


      Code (inc. data)   RO Data    RW Data    ZI Data      Debug   

      9140        792        276        256       4024     233949   Grand Totals
      9140        792        276        256       4024     233949   ELF Image Totals
      9140        792        276        256          0          0   ROM Totals

==============================================================================

    Total RO  Size (Code + RO Data)                 9416 (   9.20kB)
    Total RW  Size (RW Data + ZI Data)              4280 (   4.18kB)
    Total ROM Size (Code + RO Data + RW Data)       9672 (   9.45kB)

==============================================================================

