Component: ARM Compiler 5.05 update 2 (build 169) Tool: armlink [4d0f33]

==============================================================================

Section Cross References

    main.o(i.assert_nrf_callback) refers to app_error.o(i.app_error_handler) for app_error_handler
    main.o(i.battery_level_meas_timeout_handler) refers to sensorsim.o(i.sensorsim_measure) for sensorsim_measure
    main.o(i.battery_level_meas_timeout_handler) refers to ble_bas.o(i.ble_bas_battery_level_update) for ble_bas_battery_level_update
    main.o(i.battery_level_meas_timeout_handler) refers to app_error.o(i.app_error_handler) for app_error_handler
    main.o(i.battery_level_meas_timeout_handler) refers to main.o(.bss) for .bss
    main.o(i.battery_level_meas_timeout_handler) refers to main.o(.data) for .data
    main.o(i.ble_evt_dispatch) refers to device_manager_peripheral.o(i.dm_ble_evt_handler) for dm_ble_evt_handler
    main.o(i.ble_evt_dispatch) refers to ble_gls.o(i.ble_gls_on_ble_evt) for ble_gls_on_ble_evt
    main.o(i.ble_evt_dispatch) refers to ble_bas.o(i.ble_bas_on_ble_evt) for ble_bas_on_ble_evt
    main.o(i.ble_evt_dispatch) refers to ble_conn_params.o(i.ble_conn_params_on_ble_evt) for ble_conn_params_on_ble_evt
    main.o(i.ble_evt_dispatch) refers to bsp_btn_ble.o(i.bsp_btn_ble_on_ble_evt) for bsp_btn_ble_on_ble_evt
    main.o(i.ble_evt_dispatch) refers to main.o(i.on_ble_evt) for on_ble_evt
    main.o(i.ble_evt_dispatch) refers to ble_advertising.o(i.ble_advertising_on_ble_evt) for ble_advertising_on_ble_evt
    main.o(i.ble_evt_dispatch) refers to main.o(.bss) for .bss
    main.o(i.ble_stack_init) refers to softdevice_handler.o(i.softdevice_handler_init) for softdevice_handler_init
    main.o(i.ble_stack_init) refers to app_error.o(i.app_error_handler) for app_error_handler
    main.o(i.ble_stack_init) refers to app_mw_ble.o(i.sd_ble_enable) for sd_ble_enable
    main.o(i.ble_stack_init) refers to softdevice_handler.o(i.softdevice_ble_evt_handler_set) for softdevice_ble_evt_handler_set
    main.o(i.ble_stack_init) refers to softdevice_handler.o(i.softdevice_sys_evt_handler_set) for softdevice_sys_evt_handler_set
    main.o(i.ble_stack_init) refers to main.o(.bss) for .bss
    main.o(i.ble_stack_init) refers to main.o(i.ble_evt_dispatch) for ble_evt_dispatch
    main.o(i.ble_stack_init) refers to main.o(i.sys_evt_dispatch) for sys_evt_dispatch
    main.o(i.bsp_event_handler) refers to main.o(i.read_glucose_measurement) for read_glucose_measurement
    main.o(i.bsp_event_handler) refers to main.o(i.sleep_mode_enter) for sleep_mode_enter
    main.o(i.bsp_event_handler) refers to app_mw_ble_gap.o(i.sd_ble_gap_disconnect) for sd_ble_gap_disconnect
    main.o(i.bsp_event_handler) refers to app_error.o(i.app_error_handler) for app_error_handler
    main.o(i.bsp_event_handler) refers to ble_advertising.o(i.ble_advertising_restart_without_whitelist) for ble_advertising_restart_without_whitelist
    main.o(i.bsp_event_handler) refers to main.o(.data) for .data
    main.o(i.conn_params_error_handler) refers to app_error.o(i.app_error_handler) for app_error_handler
    main.o(i.device_manager_evt_handler) refers to memcpya.o(.text) for __aeabi_memcpy
    main.o(i.device_manager_evt_handler) refers to app_error.o(i.app_error_handler) for app_error_handler
    main.o(i.device_manager_evt_handler) refers to app_timer.o(i.app_timer_start) for app_timer_start
    main.o(i.device_manager_evt_handler) refers to main.o(.data) for .data
    main.o(i.device_manager_init) refers to pstorage_nosd.o(i.pstorage_init) for pstorage_init
    main.o(i.device_manager_init) refers to app_error.o(i.app_error_handler) for app_error_handler
    main.o(i.device_manager_init) refers to device_manager_peripheral.o(i.dm_init) for dm_init
    main.o(i.device_manager_init) refers to memseta.o(.text) for __aeabi_memclr
    main.o(i.device_manager_init) refers to device_manager_peripheral.o(i.dm_register) for dm_register
    main.o(i.device_manager_init) refers to main.o(i.device_manager_evt_handler) for device_manager_evt_handler
    main.o(i.device_manager_init) refers to main.o(.data) for .data
    main.o(i.gap_params_init) refers to app_mw_ble_gap.o(i.sd_ble_gap_device_name_set) for sd_ble_gap_device_name_set
    main.o(i.gap_params_init) refers to app_error.o(i.app_error_handler) for app_error_handler
    main.o(i.gap_params_init) refers to app_mw_ble_gap.o(i.sd_ble_gap_appearance_set) for sd_ble_gap_appearance_set
    main.o(i.gap_params_init) refers to app_mw_ble_gap.o(i.sd_ble_gap_ppcp_set) for sd_ble_gap_ppcp_set
    main.o(i.main) refers to main.o(i.timers_init) for timers_init
    main.o(i.main) refers to app_uart_fifo.o(i.app_uart_init) for app_uart_init
    main.o(i.main) refers to app_error.o(i.app_error_handler) for app_error_handler
    main.o(i.main) refers to bsp.o(i.bsp_init) for bsp_init
    main.o(i.main) refers to bsp_btn_ble.o(i.bsp_btn_ble_init) for bsp_btn_ble_init
[...]
    ble_gap_enc_key_t_dec                    0x00002325   Thumb Code    44  ble_gap_struct_serialization.o(i.ble_gap_enc_key_t_dec)
    ble_gap_enc_key_t_enc                    0x00002351   Thumb Code    44  ble_gap_struct_serialization.o(i.ble_gap_enc_key_t_enc)
    ble_gap_evt_adv_report_dec               0x0000237d   Thumb Code   204  ble_gap_evt_adv_report.o(i.ble_gap_evt_adv_report_dec)
    ble_gap_evt_auth_key_request_dec         0x00002449   Thumb Code   100  ble_gap_evt_auth_key_request.o(i.ble_gap_evt_auth_key_request_dec)
    ble_gap_evt_auth_status_dec              0x000024ad   Thumb Code   146  ble_gap_evt_auth_status.o(i.ble_gap_evt_auth_status_dec)
    ble_gap_evt_auth_status_t_dec            0x00002545   Thumb Code   148  ble_gap_struct_serialization.o(i.ble_gap_evt_auth_status_t_dec)
    ble_gap_evt_conn_param_update_dec        0x000025d9   Thumb Code   142  ble_gap_evt_conn_param_update.o(i.ble_gap_evt_conn_param_update_dec)
    ble_gap_evt_conn_param_update_request_dec 0x00002667   Thumb Code   142  ble_gap_evt_conn_param_update_request.o(i.ble_gap_evt_conn_param_update_request_dec)
    ble_gap_evt_conn_sec_update_dec          0x000026f5   Thumb Code   140  ble_gap_evt_conn_sec_update.o(i.ble_gap_evt_conn_sec_update_dec)
    ble_gap_evt_connected_dec                0x00002781   Thumb Code   102  ble_gap_evt_connected.o(i.ble_gap_evt_connected_dec)
    ble_gap_evt_connected_t_dec              0x000027e7   Thumb Code    92  ble_gap_struct_serialization.o(i.ble_gap_evt_connected_t_dec)
    ble_gap_evt_disconnected_dec             0x00002843   Thumb Code   100  ble_gap_evt_disconnected.o(i.ble_gap_evt_disconnected_dec)
    ble_gap_evt_passkey_display_dec          0x000028a7   Thumb Code   108  ble_gap_evt_passkey_display.o(i.ble_gap_evt_passkey_display_dec)
    ble_gap_evt_rssi_changed_dec             0x00002913   Thumb Code   100  ble_gap_evt_rssi_changed.o(i.ble_gap_evt_rssi_changed_dec)
    ble_gap_evt_scan_req_report_dec          0x00002977   Thumb Code   122  ble_gap_evt_scan_req_report.o(i.ble_gap_evt_scan_req_report_dec)
    ble_gap_evt_sec_info_request_dec         0x000029f1   Thumb Code   104  ble_gap_evt_sec_info_request.o(i.ble_gap_evt_sec_info_request_dec)
    ble_gap_evt_sec_info_request_t_dec       0x00002a59   Thumb Code    96  ble_gap_struct_serialization.o(i.ble_gap_evt_sec_info_request_t_dec)
    ble_gap_evt_sec_params_request_dec       0x00002ab9   Thumb Code   108  ble_gap_evt_sec_params_request.o(i.ble_gap_evt_sec_params_request_dec)
    ble_gap_evt_sec_params_request_t_dec     0x00002b25   Thumb Code     8  ble_gap_struct_serialization.o(i.ble_gap_evt_sec_params_request_t_dec)
    ble_gap_evt_sec_request_dec              0x00002b2d   Thumb Code   100  ble_gap_evt_sec_request.o(i.ble_gap_evt_sec_request_dec)
    ble_gap_evt_sec_request_t_dec            0x00002b91   Thumb Code    70  ble_gap_struct_serialization.o(i.ble_gap_evt_sec_request_t_dec)
    ble_gap_evt_timeout_dec                  0x00002bd7   Thumb Code    98  ble_gap_evt_timeout.o(i.ble_gap_evt_timeout_dec)
    ble_gap_id_key_t_dec                     0x00002c39   Thumb Code    44  ble_gap_struct_serialization.o(i.ble_gap_id_key_t_dec)
    ble_gap_id_key_t_enc                     0x00002c65   Thumb Code    44  ble_gap_struct_serialization.o(i.ble_gap_id_key_t_enc)
    ble_gap_irk_dec                          0x00002c91   Thumb Code    38  ble_gap_struct_serialization.o(i.ble_gap_irk_dec)
    ble_gap_irk_enc                          0x00002cb7   Thumb Code    38  ble_gap_struct_serialization.o(i.ble_gap_irk_enc)
    ble_gap_master_id_t_dec                  0x00002cdd   Thumb Code    56  ble_gap_struct_serialization.o(i.ble_gap_master_id_t_dec)
    ble_gap_master_id_t_enc                  0x00002d15   Thumb Code    54  ble_gap_struct_serialization.o(i.ble_gap_master_id_t_enc)
    ble_gap_ppcp_get_req_enc                 0x00002d4b   Thumb Code    42  ble_gap_ppcp_get.o(i.ble_gap_ppcp_get_req_enc)
    ble_gap_ppcp_get_rsp_dec                 0x00002d75   Thumb Code   122  ble_gap_ppcp_get.o(i.ble_gap_ppcp_get_rsp_dec)
    ble_gap_ppcp_set_req_enc                 0x00002def   Thumb Code   102  ble_gap_ppcp_set.o(i.ble_gap_ppcp_set_req_enc)
    ble_gap_ppcp_set_rsp_dec                 0x00002e55   Thumb Code    12  ble_gap_ppcp_set.o(i.ble_gap_ppcp_set_rsp_dec)
    ble_gap_sec_info_reply_req_enc           0x00002e61   Thumb Code   208  ble_gap_sec_info_reply.o(i.ble_gap_sec_info_reply_req_enc)
    ble_gap_sec_info_reply_rsp_dec           0x00002f35   Thumb Code    12  ble_gap_sec_info_reply.o(i.ble_gap_sec_info_reply_rsp_dec)
    ble_gap_sec_kdist_t_dec                  0x00002f41   Thumb Code    88  ble_gap_struct_serialization.o(i.ble_gap_sec_kdist_t_dec)
    ble_gap_sec_kdist_t_enc                  0x00002f99   Thumb Code    72  ble_gap_struct_serialization.o(i.ble_gap_sec_kdist_t_enc)
    ble_gap_sec_keys_dec                     0x00002fe1   Thumb Code    64  ble_gap_struct_serialization.o(i.ble_gap_sec_keys_dec)
    ble_gap_sec_keys_enc                     0x0000302d   Thumb Code    62  ble_gap_struct_serialization.o(i.ble_gap_sec_keys_enc)
    ble_gap_sec_keyset_t_dec                 0x00003079   Thumb Code    44  ble_gap_struct_serialization.o(i.ble_gap_sec_keyset_t_dec)
    ble_gap_sec_keyset_t_enc                 0x000030a5   Thumb Code    44  ble_gap_struct_serialization.o(i.ble_gap_sec_keyset_t_enc)
    ble_gap_sec_levels_dec                   0x000030d1   Thumb Code    68  ble_gap_struct_serialization.o(i.ble_gap_sec_levels_dec)
    ble_gap_sec_params_reply_req_enc         0x00003115   Thumb Code   130  ble_gap_sec_params_reply.o(i.ble_gap_sec_params_reply_req_enc)
    ble_gap_sec_params_reply_rsp_dec         0x000031a1   Thumb Code    96  ble_gap_sec_params_reply.o(i.ble_gap_sec_params_reply_rsp_dec)
    ble_gap_sec_params_t_dec                 0x00003205   Thumb Code   154  ble_gap_struct_serialization.o(i.ble_gap_sec_params_t_dec)
    ble_gap_sec_params_t_enc                 0x0000329f   Thumb Code   118  ble_gap_struct_serialization.o(i.ble_gap_sec_params_t_enc)
    ble_gap_sign_info_dec                    0x00003315   Thumb Code    38  ble_gap_struct_serialization.o(i.ble_gap_sign_info_dec)
    ble_gap_sign_info_enc                    0x0000333b   Thumb Code    38  ble_gap_struct_serialization.o(i.ble_gap_sign_info_enc)
    ble_gap_whitelist_t_enc                  0x00003361   Thumb Code   152  ble_gap_struct_serialization.o(i.ble_gap_whitelist_t_enc)
    ble_gattc_evt_char_disc_rsp_dec          0x00003401   Thumb Code   418  ble_gattc_evt_char_disc_rsp.o(i.ble_gattc_evt_char_disc_rsp_dec)
    ble_gattc_evt_char_val_by_uuid_read_rsp_dec 0x000035a3   Thumb Code   160  ble_gattc_evt_char_val_by_uuid_read_rsp.o(i.ble_gattc_evt_char_val_by_uuid_read_rsp_dec)
    ble_gattc_evt_char_val_by_uuid_read_rsp_t_dec 0x00003643   Thumb Code   196  ble_gattc_struct_serialization.o(i.ble_gattc_evt_char_val_by_uuid_read_rsp_t_dec)
    ble_gattc_evt_char_vals_read_rsp_dec     0x00003707   Thumb Code   126  ble_gattc_evt_char_vals_read_rsp.o(i.ble_gattc_evt_char_vals_read_rsp_dec)
    ble_gattc_evt_char_vals_read_rsp_t_dec   0x00003785   Thumb Code    62  ble_gattc_struct_serialization.o(i.ble_gattc_evt_char_vals_read_rsp_t_dec)
    ble_gattc_evt_desc_disc_rsp_dec          0x000037c3   Thumb Code   232  ble_gattc_evt_desc_disc_rsp.o(i.ble_gattc_evt_desc_disc_rsp_dec)
    ble_gattc_evt_hvx_dec                    0x000038ab   Thumb Code   204  ble_gattc_evt_hvx.o(i.ble_gattc_evt_hvx_dec)
    ble_gattc_evt_prim_srvc_disc_rsp_dec     0x00003977   Thumb Code   246  ble_gattc_evt_prim_srvc_disc_rsp.o(i.ble_gattc_evt_prim_srvc_disc_rsp_dec)
    ble_gattc_evt_read_rsp_dec               0x00003a6d   Thumb Code   204  ble_gattc_evt_read_rsp.o(i.ble_gattc_evt_read_rsp_dec)
    ble_gattc_evt_rel_disc_rsp_dec           0x00003b39   Thumb Code   144  ble_gattc_evt_rel_disc_rsp.o(i.ble_gattc_evt_rel_disc_rsp_dec)
    ble_gattc_evt_rel_disc_rsp_t_dec         0x00003bc9   Thumb Code    66  ble_gattc_struct_serialization.o(i.ble_gattc_evt_rel_disc_rsp_t_dec)
    ble_gattc_evt_timeout_dec                0x00003c0b   Thumb Code   102  ble_gattc_evt_timeout.o(i.ble_gattc_evt_timeout_dec)
    ble_gattc_evt_write_rsp_dec              0x00003c71   Thumb Code   218  ble_gattc_evt_write_rsp.o(i.ble_gattc_evt_write_rsp_dec)
    ble_gattc_handle_range_t_dec             0x00003d4b   Thumb Code    48  ble_gattc_struct_serialization.o(i.ble_gattc_handle_range_t_dec)
    ble_gattc_include_t_dec                  0x00003d7b   Thumb Code    32  ble_gattc_struct_serialization.o(i.ble_gattc_include_t_dec)
    ble_gattc_service_t_dec                  0x00003d9b   Thumb Code    32  ble_gattc_struct_serialization.o(i.ble_gattc_service_t_dec)
    ble_gatts_attr_context_t_dec             0x00003dbb   Thumb Code   114  ble_gatts_struct_serialization.o(i.ble_gatts_attr_context_t_dec)
    ble_gatts_attr_enc                       0x00003e2d   Thumb Code   108  ble_gatts_struct_serialization.o(i.ble_gatts_attr_enc)
    ble_gatts_attr_md_enc                    0x00003ea1   Thumb Code    90  ble_gatts_struct_serialization.o(i.ble_gatts_attr_md_enc)
    ble_gatts_char_handles_dec               0x00003efb   Thumb Code    68  ble_gatts_struct_serialization.o(i.ble_gatts_char_handles_dec)
    ble_gatts_char_md_enc                    0x00003f41   Thumb Code   240  ble_gatts_struct_serialization.o(i.ble_gatts_char_md_enc)
    ble_gatts_characteristic_add_req_enc     0x00004039   Thumb Code   130  ble_gatts_characteristic_add.o(i.ble_gatts_characteristic_add_req_enc)
    ble_gatts_characteristic_add_rsp_dec     0x000040c5   Thumb Code    88  ble_gatts_characteristic_add.o(i.ble_gatts_characteristic_add_rsp_dec)
    ble_gatts_descriptor_add_req_enc         0x00004121   Thumb Code   114  ble_gatts_descriptor_add.o(i.ble_gatts_descriptor_add_req_enc)
    ble_gatts_descriptor_add_rsp_dec         0x00004199   Thumb Code    90  ble_gatts_descriptor_add.o(i.ble_gatts_descriptor_add_rsp_dec)
    ble_gatts_evt_hvc_dec                    0x000041f3   Thumb Code   100  ble_gatts_evt_hvc.o(i.ble_gatts_evt_hvc_dec)
    ble_gatts_evt_read_t_dec                 0x00004257   Thumb Code   118  ble_gatts_struct_serialization.o(i.ble_gatts_evt_read_t_dec)
    ble_gatts_evt_rw_authorize_request_dec   0x000042cd   Thumb Code   180  ble_gatts_evt_rw_authorize_request.o(i.ble_gatts_evt_rw_authorize_request_dec)
    ble_gatts_evt_rw_authorize_request_t_dec 0x00004385   Thumb Code   144  ble_gatts_struct_serialization.o(i.ble_gatts_evt_rw_authorize_request_t_dec)
    ble_gatts_evt_sc_confirm_dec             0x00004415   Thumb Code    80  ble_gatts_evt_sc_confirm.o(i.ble_gatts_evt_sc_confirm_dec)
    ble_gatts_evt_sys_attr_missing_dec       0x00004465   Thumb Code   100  ble_gatts_evt_sys_attr_missing.o(i.ble_gatts_evt_sys_attr_missing_dec)
    ble_gatts_evt_timeout_dec                0x000044c9   Thumb Code   100  ble_gatts_evt_timeout.o(i.ble_gatts_evt_timeout_dec)
    ble_gatts_evt_write_dec                  0x0000452d   Thumb Code   170  ble_gatts_evt_write.o(i.ble_gatts_evt_write_dec)
    ble_gatts_evt_write_t_dec                0x000045dd   Thumb Code   212  ble_gatts_struct_serialization.o(i.ble_gatts_evt_write_t_dec)
    ble_gatts_hvx_req_enc                    0x000046b1   Thumb Code   218  ble_gatts_hvx.o(i.ble_gatts_hvx_req_enc)
    ble_gatts_hvx_rsp_dec                    0x0000478d   Thumb Code    84  ble_gatts_hvx.o(i.ble_gatts_hvx_rsp_dec)
    ble_gatts_read_authorize_params_t_enc    0x000047e5   Thumb Code    76  ble_gatts_struct_serialization.o(i.ble_gatts_read_authorize_params_t_enc)
    ble_gatts_rw_authorize_reply_params_t_enc 0x00004831   Thumb Code    60  ble_gatts_struct_serialization.o(i.ble_gatts_rw_authorize_reply_params_t_enc)
    ble_gatts_rw_authorize_reply_req_enc     0x0000486d   Thumb Code    92  ble_gatts_rw_authorize_reply.o(i.ble_gatts_rw_authorize_reply_req_enc)
    ble_gatts_rw_authorize_reply_rsp_dec     0x000048cd   Thumb Code    12  ble_gatts_rw_authorize_reply.o(i.ble_gatts_rw_authorize_reply_rsp_dec)
    ble_gatts_service_add_req_enc            0x000048d9   Thumb Code    98  ble_gatts_service_add.o(i.ble_gatts_service_add_req_enc)
    ble_gatts_service_add_rsp_dec            0x0000493b   Thumb Code    92  ble_gatts_service_add.o(i.ble_gatts_service_add_rsp_dec)
    ble_gatts_service_changed_req_enc        0x00004997   Thumb Code   102  ble_gatts_service_changed.o(i.ble_gatts_service_changed_req_enc)
    ble_gatts_service_changed_rsp_dec        0x000049fd   Thumb Code    12  ble_gatts_service_changed.o(i.ble_gatts_service_changed_rsp_dec)
    ble_gatts_sys_attr_get_req_enc           0x00004a09   Thumb Code   136  ble_gatts_sys_attr_get.o(i.ble_gatts_sys_attr_get_req_enc)
    ble_gatts_sys_attr_get_rsp_dec           0x00004a91   Thumb Code   168  ble_gatts_sys_attr_get.o(i.ble_gatts_sys_attr_get_rsp_dec)
    ble_gatts_sys_attr_set_req_enc           0x00004b39   Thumb Code   144  ble_gatts_sys_attr_set.o(i.ble_gatts_sys_attr_set_req_enc)
    ble_gatts_sys_attr_set_rsp_dec           0x00004bc9   Thumb Code    12  ble_gatts_sys_attr_set.o(i.ble_gatts_sys_attr_set_rsp_dec)
    ble_gatts_value_get_req_enc              0x00004bd5   Thumb Code   154  ble_gatts_value_get.o(i.ble_gatts_value_get_req_enc)
    ble_gatts_value_get_rsp_dec              0x00004c6f   Thumb Code    84  ble_gatts_value_get.o(i.ble_gatts_value_get_rsp_dec)
    ble_gatts_value_set_req_enc              0x00004cc5   Thumb Code   100  ble_gatts_value_set.o(i.ble_gatts_value_set_req_enc)
    ble_gatts_value_set_rsp_dec              0x00004d2d   Thumb Code    80  ble_gatts_value_set.o(i.ble_gatts_value_set_rsp_dec)
    ble_gatts_value_t_dec                    0x00004d7d   Thumb Code    60  ble_gatts_struct_serialization.o(i.ble_gatts_value_t_dec)
    ble_gatts_value_t_enc                    0x00004db9   Thumb Code    50  ble_gatts_struct_serialization.o(i.ble_gatts_value_t_enc)
    ble_gatts_write_authorize_params_t_enc   0x00004deb   Thumb Code     8  ble_gatts_struct_serialization.o(i.ble_gatts_write_authorize_params_t_enc)
    ble_gls_are_cccd_configured              0x00004df3   Thumb Code    80  ble_gls.o(i.ble_gls_are_cccd_configured)
    ble_gls_db_init                          0x00004e45   Thumb Code    34  ble_gls_db.o(i.ble_gls_db_init)
    ble_gls_db_num_records_get               0x00004e75   Thumb Code     6  ble_gls_db.o(i.ble_gls_db_num_records_get)
    ble_gls_db_record_add                    0x00004e81   Thumb Code    70  ble_gls_db.o(i.ble_gls_db_record_add)
    ble_gls_db_record_get                    0x00004ed5   Thumb Code    42  ble_gls_db.o(i.ble_gls_db_record_get)
    ble_gls_glucose_new_meas                 0x00004f0d   Thumb Code    20  ble_gls.o(i.ble_gls_glucose_new_meas)
    ble_gls_init                             0x00004f25   Thumb Code   140  ble_gls.o(i.ble_gls_init)
    ble_gls_on_ble_evt                       0x00004fb9   Thumb Code   204  ble_gls.o(i.ble_gls_on_ble_evt)
    ble_l2cap_evt_rx_dec                     0x00005089   Thumb Code   114  ble_l2cap_evt_rx.o(i.ble_l2cap_evt_rx_dec)
    ble_l2cap_evt_rx_t_dec                   0x000050fb   Thumb Code   136  ble_struct_serialization.o(i.ble_l2cap_evt_rx_t_dec)
    ble_l2cap_header_t_dec                   0x00005183   Thumb Code    46  ble_struct_serialization.o(i.ble_l2cap_header_t_dec)
    ble_racp_decode                          0x000051b1   Thumb Code    42  ble_racp.o(i.ble_racp_decode)
    ble_racp_encode                          0x000051db   Thumb Code    44  ble_racp.o(i.ble_racp_encode)
    ble_srv_ascii_to_utf8                    0x00005207   Thumb Code    18  ble_srv_common.o(i.ble_srv_ascii_to_utf8)
    ble_srv_report_ref_encode                0x00005219   Thumb Code    12  ble_srv_common.o(i.ble_srv_report_ref_encode)
    ble_user_mem_reply_req_enc               0x0000528d   Thumb Code   126  ble_user_mem_reply.o(i.ble_user_mem_reply_req_enc)
    ble_user_mem_reply_rsp_dec               0x0000530b   Thumb Code    12  ble_user_mem_reply.o(i.ble_user_mem_reply_rsp_dec)
    ble_uuid_encode_req_enc                  0x00005317   Thumb Code   110  ble_uuid_encode.o(i.ble_uuid_encode_req_enc)
    ble_uuid_encode_rsp_dec                  0x00005385   Thumb Code   118  ble_uuid_encode.o(i.ble_uuid_encode_rsp_dec)
    ble_uuid_t_dec                           0x000053fb   Thumb Code    44  ble_struct_serialization.o(i.ble_uuid_t_dec)
    ble_uuid_t_enc                           0x00005427   Thumb Code    32  ble_struct_serialization.o(i.ble_uuid_t_enc)
    bond_data_load                           0x00005449   Thumb Code    58  device_manager_peripheral.o(i.bond_data_load)
    bsp_btn_ble_init                         0x00005491   Thumb Code    80  bsp_btn_ble.o(i.bsp_btn_ble_init)
    bsp_btn_ble_on_ble_evt                   0x000054e5   Thumb Code   114  bsp_btn_ble.o(i.bsp_btn_ble_on_ble_evt)
    bsp_btn_ble_sleep_mode_prepare           0x0000555d   Thumb Code    20  bsp_btn_ble.o(i.bsp_btn_ble_sleep_mode_prepare)
    bsp_button_is_pressed                    0x0000560d   Thumb Code    34  bsp.o(i.bsp_button_is_pressed)
    bsp_event_to_button_action_assign        0x00005681   Thumb Code    66  bsp.o(i.bsp_event_to_button_action_assign)
    bsp_indication_set                       0x000056c9   Thumb Code    22  bsp.o(i.bsp_indication_set)
    bsp_init                                 0x000056e5   Thumb Code   134  bsp.o(i.bsp_init)
    bsp_wakeup_buttons_set                   0x00005975   Thumb Code    50  bsp.o(i.bsp_wakeup_buttons_set)
    buf_dec                                  0x000059b1   Thumb Code   106  ble_serialization.o(i.buf_dec)
    buf_enc                                  0x00005a1b   Thumb Code    80  ble_serialization.o(i.buf_enc)
    cond_field_dec                           0x00005c45   Thumb Code    94  cond_field_serialization.o(i.cond_field_dec)
    cond_field_enc                           0x00005ca3   Thumb Code    50  cond_field_serialization.o(i.cond_field_enc)
    critical_region_enter                    0x00005e1d   Thumb Code    12  app_util_platform.o(i.critical_region_enter)
    critical_region_exit                     0x00005e2d   Thumb Code    14  app_util_platform.o(i.critical_region_exit)
    dm_ble_evt_handler                       0x000060e1   Thumb Code   966  device_manager_peripheral.o(i.dm_ble_evt_handler)
    dm_handle_initialize                     0x000064bd   Thumb Code    22  device_manager_peripheral.o(i.dm_handle_initialize)
    dm_init                                  0x000064d9   Thumb Code   174  device_manager_peripheral.o(i.dm_init)
    dm_register                              0x00006701   Thumb Code   104  device_manager_peripheral.o(i.dm_register)
    dm_security_setup_req                    0x00006775   Thumb Code    82  device_manager_peripheral.o(i.dm_security_setup_req)
    dm_security_status_req                   0x000067d5   Thumb Code    98  device_manager_peripheral.o(i.dm_security_status_req)
    fputc                                    0x00006965   Thumb Code    14  retarget.o(i.fputc)
    int8_dec                                 0x000071c9   Thumb Code    22  ble_serialization.o(i.int8_dec)
    intern_softdevice_events_execute         0x000071e1   Thumb Code   128  softdevice_handler.o(i.intern_softdevice_events_execute)
    len16data_dec                            0x00007381   Thumb Code    48  ble_serialization.o(i.len16data_dec)
    len16data_enc                            0x000073b1   Thumb Code    48  ble_serialization.o(i.len16data_enc)
    len8data_enc                             0x000073e1   Thumb Code    48  ble_serialization.o(i.len8data_enc)
    main                                     0x00007595   Thumb Code   354  main.o(i.main)
    nrf_delay_ms                             0x00007809   Thumb Code    24  nrf_delay.o(i.nrf_delay_ms)
    nrf_drv_common_irq_enable                0x00007825   Thumb Code    78  nrf_drv_common.o(i.nrf_drv_common_irq_enable)
    nrf_drv_gpiote_in_event_enable           0x00007885   Thumb Code   120  nrf_drv_gpiote.o(i.nrf_drv_gpiote_in_event_enable)
    nrf_drv_gpiote_in_init                   0x00007911   Thumb Code   130  nrf_drv_gpiote.o(i.nrf_drv_gpiote_in_init)
    nrf_drv_gpiote_in_is_set                 0x000079a5   Thumb Code    16  nrf_drv_gpiote.o(i.nrf_drv_gpiote_in_is_set)
    nrf_drv_gpiote_init                      0x000079b9   Thumb Code    72  nrf_drv_gpiote.o(i.nrf_drv_gpiote_init)
    nrf_drv_gpiote_is_init                   0x00007a09   Thumb Code    12  nrf_drv_gpiote.o(i.nrf_drv_gpiote_is_init)
    nrf_drv_gpiote_out_init                  0x00007a19   Thumb Code   130  nrf_drv_gpiote.o(i.nrf_drv_gpiote_out_init)
    power_system_off_req_enc                 0x00007f97   Thumb Code    34  power_system_off.o(i.power_system_off_req_enc)
    pstorage_access_status_get               0x00007fb9   Thumb Code    12  pstorage_nosd.o(i.pstorage_access_status_get)
    pstorage_block_identifier_get            0x00007fc5   Thumb Code    74  pstorage_nosd.o(i.pstorage_block_identifier_get)
    pstorage_clear                           0x00008019   Thumb Code   118  pstorage_nosd.o(i.pstorage_clear)
    pstorage_init                            0x000080c9   Thumb Code    30  pstorage_nosd.o(i.pstorage_init)
    pstorage_load                            0x000080ed   Thumb Code   144  pstorage_nosd.o(i.pstorage_load)
    pstorage_register                        0x00008185   Thumb Code   164  pstorage_nosd.o(i.pstorage_register)
    pstorage_store                           0x00008231   Thumb Code   140  pstorage_nosd.o(i.pstorage_store)
    pstorage_sys_event_handler               0x000082c5   Thumb Code     2  pstorage_nosd.o(i.pstorage_sys_event_handler)
    pstorage_update                          0x000082c9   Thumb Code   344  pstorage_nosd.o(i.pstorage_update)
    sd_app_evt_wait                          0x00008815   Thumb Code     6  nrf_soc.o(i.sd_app_evt_wait)
    sd_ble_enable                            0x0000881d   Thumb Code    58  app_mw_ble.o(i.sd_ble_enable)
    sd_ble_evt_get                           0x00008861   Thumb Code    40  ser_softdevice_handler.o(i.sd_ble_evt_get)
    sd_ble_gap_adv_data_set                  0x0000888d   Thumb Code    78  app_mw_ble_gap.o(i.sd_ble_gap_adv_data_set)
    sd_ble_gap_adv_start                     0x000088e1   Thumb Code    58  app_mw_ble_gap.o(i.sd_ble_gap_adv_start)
    sd_ble_gap_adv_stop                      0x00008921   Thumb Code    54  app_mw_ble_gap.o(i.sd_ble_gap_adv_stop)
    sd_ble_gap_appearance_get                0x0000895d   Thumb Code    62  app_mw_ble_gap.o(i.sd_ble_gap_appearance_get)
    sd_ble_gap_appearance_set                0x000089a5   Thumb Code    58  app_mw_ble_gap.o(i.sd_ble_gap_appearance_set)
    sd_ble_gap_authenticate                  0x000089e5   Thumb Code    62  app_mw_ble_gap.o(i.sd_ble_gap_authenticate)
    sd_ble_gap_conn_param_update             0x00008a29   Thumb Code    62  app_mw_ble_gap.o(i.sd_ble_gap_conn_param_update)
    sd_ble_gap_device_name_get               0x00008a6d   Thumb Code    68  app_mw_ble_gap.o(i.sd_ble_gap_device_name_get)
    sd_ble_gap_device_name_set               0x00008ab9   Thumb Code    68  app_mw_ble_gap.o(i.sd_ble_gap_device_name_set)
    sd_ble_gap_disconnect                    0x00008b01   Thumb Code    62  app_mw_ble_gap.o(i.sd_ble_gap_disconnect)
    sd_ble_gap_ppcp_get                      0x00008b45   Thumb Code    62  app_mw_ble_gap.o(i.sd_ble_gap_ppcp_get)
    sd_ble_gap_ppcp_set                      0x00008b8d   Thumb Code    58  app_mw_ble_gap.o(i.sd_ble_gap_ppcp_set)
    sd_ble_gap_sec_info_reply                0x00008bcd   Thumb Code    78  app_mw_ble_gap.o(i.sd_ble_gap_sec_info_reply)
    sd_ble_gap_sec_params_reply              0x00008c21   Thumb Code   120  app_mw_ble_gap.o(i.sd_ble_gap_sec_params_reply)
    sd_ble_gatts_characteristic_add          0x00008ca5   Thumb Code    82  app_mw_ble_gatts.o(i.sd_ble_gatts_characteristic_add)
    sd_ble_gatts_descriptor_add              0x00008d01   Thumb Code    72  app_mw_ble_gatts.o(i.sd_ble_gatts_descriptor_add)
    sd_ble_gatts_hvx                         0x00008d51   Thumb Code    76  app_mw_ble_gatts.o(i.sd_ble_gatts_hvx)
    sd_ble_gatts_rw_authorize_reply          0x00008da5   Thumb Code    62  app_mw_ble_gatts.o(i.sd_ble_gatts_rw_authorize_reply)
    sd_ble_gatts_service_add                 0x00008de9   Thumb Code    72  app_mw_ble_gatts.o(i.sd_ble_gatts_service_add)
    sd_ble_gatts_service_changed             0x00008e39   Thumb Code    68  app_mw_ble_gatts.o(i.sd_ble_gatts_service_changed)
    sd_ble_gatts_sys_attr_get                0x00008e81   Thumb Code    84  app_mw_ble_gatts.o(i.sd_ble_gatts_sys_attr_get)
    sd_ble_gatts_sys_attr_set                0x00008edd   Thumb Code    78  app_mw_ble_gatts.o(i.sd_ble_gatts_sys_attr_set)
    sd_ble_gatts_value_get                   0x00008f31   Thumb Code    72  app_mw_ble_gatts.o(i.sd_ble_gatts_value_get)
    sd_ble_gatts_value_set                   0x00008f81   Thumb Code    72  app_mw_ble_gatts.o(i.sd_ble_gatts_value_set)
    sd_ble_user_mem_reply                    0x00008fd1   Thumb Code   106  app_mw_ble.o(i.sd_ble_user_mem_reply)
    sd_ble_uuid_encode                       0x00009049   Thumb Code    70  app_mw_ble.o(i.sd_ble_uuid_encode)
    sd_evt_get                               0x00009099   Thumb Code     4  ser_softdevice_handler.o(i.sd_evt_get)
    sd_nvic_ClearPendingIRQ                  0x0000909d   Thumb Code    16  nrf_soc.o(i.sd_nvic_ClearPendingIRQ)
    sd_nvic_DisableIRQ                       0x000090b1   Thumb Code    16  nrf_soc.o(i.sd_nvic_DisableIRQ)
    sd_nvic_EnableIRQ                        0x000090c5   Thumb Code    16  nrf_soc.o(i.sd_nvic_EnableIRQ)
    sd_nvic_SetPriority                      0x000090d9   Thumb Code    62  nrf_soc.o(i.sd_nvic_SetPriority)
    sd_nvic_critical_region_enter            0x00009121   Thumb Code    26  nrf_soc.o(i.sd_nvic_critical_region_enter)
    sd_nvic_critical_region_exit             0x00009141   Thumb Code    20  nrf_soc.o(i.sd_nvic_critical_region_exit)
    sd_power_system_off                      0x00009159   Thumb Code    58  app_mw_nrf_soc.o(i.sd_power_system_off)
    sd_softdevice_enable                     0x00009195   Thumb Code    68  ser_softdevice_handler.o(i.sd_softdevice_enable)
    sensorsim_init                           0x00009231   Thumb Code    24  sensorsim.o(i.sensorsim_init)
    sensorsim_measure                        0x00009249   Thumb Code    54  sensorsim.o(i.sensorsim_measure)
    ser_app_hal_delay                        0x0000927f   Thumb Code     8  ser_app_hal_nrf51.o(i.ser_app_hal_delay)
    ser_app_hal_hw_init                      0x00009289   Thumb Code    34  ser_app_hal_nrf51.o(i.ser_app_hal_hw_init)
    ser_app_hal_nrf_evt_irq_priority_set     0x000092b9   Thumb Code    20  ser_app_hal_nrf51.o(i.ser_app_hal_nrf_evt_irq_priority_set)
    ser_app_hal_nrf_evt_pending              0x000092d1   Thumb Code    10  ser_app_hal_nrf51.o(i.ser_app_hal_nrf_evt_pending)
    ser_app_hal_nrf_reset_pin_clear          0x000092e1   Thumb Code    10  ser_app_hal_nrf51.o(i.ser_app_hal_nrf_reset_pin_clear)
    ser_app_hal_nrf_reset_pin_set            0x000092f1   Thumb Code    10  ser_app_hal_nrf51.o(i.ser_app_hal_nrf_reset_pin_set)
    ser_app_power_system_off_enter           0x00009301   Thumb Code     8  ser_app_power_system_off.o(i.ser_app_power_system_off_enter)
    ser_app_power_system_off_get             0x0000930d   Thumb Code     6  ser_app_power_system_off.o(i.ser_app_power_system_off_get)
    ser_app_power_system_off_set             0x00009319   Thumb Code     8  ser_app_power_system_off.o(i.ser_app_power_system_off_set)
    ser_ble_cmd_rsp_dec                      0x00009325   Thumb Code    38  ble_serialization.o(i.ser_ble_cmd_rsp_dec)
    ser_ble_cmd_rsp_result_code_dec          0x0000934b   Thumb Code    62  ble_serialization.o(i.ser_ble_cmd_rsp_result_code_dec)
    ser_ble_gatts_char_pf_enc                0x00009389   Thumb Code    80  ble_gatts_struct_serialization.o(i.ser_ble_gatts_char_pf_enc)
    ser_hal_transport_open                   0x000093d9   Thumb Code    58  ser_hal_transport.o(i.ser_hal_transport_open)
    ser_hal_transport_rx_pkt_free            0x0000941d   Thumb Code    82  ser_hal_transport.o(i.ser_hal_transport_rx_pkt_free)
    ser_hal_transport_tx_pkt_alloc           0x00009479   Thumb Code    54  ser_hal_transport.o(i.ser_hal_transport_tx_pkt_alloc)
    ser_hal_transport_tx_pkt_free            0x000094b9   Thumb Code    44  ser_hal_transport.o(i.ser_hal_transport_tx_pkt_free)
    ser_hal_transport_tx_pkt_send            0x000094ed   Thumb Code    90  ser_hal_transport.o(i.ser_hal_transport_tx_pkt_send)
    ser_phy_interrupts_disable               0x000095d1   Thumb Code    10  ser_phy_nrf51_spi_master.o(i.ser_phy_interrupts_disable)
    ser_phy_interrupts_enable                0x000095e1   Thumb Code    10  ser_phy_nrf51_spi_master.o(i.ser_phy_interrupts_enable)
    ser_phy_open                             0x000095f1   Thumb Code   116  ser_phy_nrf51_spi_master.o(i.ser_phy_open)
    ser_phy_rx_buf_set                       0x0000967d   Thumb Code    40  ser_phy_nrf51_spi_master.o(i.ser_phy_rx_buf_set)
    ser_phy_spi_master_ready                 0x000096c5   Thumb Code    32  ser_phy_nrf51_spi_master.o(i.ser_phy_spi_master_ready)
    ser_phy_spi_master_request               0x000096e9   Thumb Code    32  ser_phy_nrf51_spi_master.o(i.ser_phy_spi_master_request)
    ser_phy_tx_pkt_send                      0x000098e1   Thumb Code    58  ser_phy_nrf51_spi_master.o(i.ser_phy_tx_pkt_send)
    ser_sd_transport_cmd_write               0x00009931   Thumb Code    62  ser_sd_transport.o(i.ser_sd_transport_cmd_write)
    ser_sd_transport_is_busy                 0x000099b1   Thumb Code     6  ser_sd_transport.o(i.ser_sd_transport_is_busy)
    ser_sd_transport_open                    0x000099bd   Thumb Code    30  ser_sd_transport.o(i.ser_sd_transport_open)
    ser_sd_transport_rx_free                 0x000099e5   Thumb Code    10  ser_sd_transport.o(i.ser_sd_transport_rx_free)
    ser_sd_transport_tx_alloc                0x00009a51   Thumb Code    20  ser_sd_transport.o(i.ser_sd_transport_tx_alloc)
    softdevice_assertion_handler             0x00009c77   Thumb Code    12  softdevice_handler.o(i.softdevice_assertion_handler)
    softdevice_ble_evt_handler_set           0x00009c85   Thumb Code    16  softdevice_handler.o(i.softdevice_ble_evt_handler_set)
    softdevice_handler_init                  0x00009c99   Thumb Code    44  softdevice_handler.o(i.softdevice_handler_init)
    softdevice_sys_evt_handler_set           0x00009ccd   Thumb Code    16  softdevice_handler.o(i.softdevice_sys_evt_handler_set)
    spi_master_evt_handler_reg               0x00009d51   Thumb Code    26  spi_master.o(i.spi_master_evt_handler_reg)
    spi_master_open                          0x00009db9   Thumb Code   266  spi_master.o(i.spi_master_open)
    spi_master_send_recv                     0x00009ee1   Thumb Code   282  spi_master.o(i.spi_master_send_recv)
    uart_error_handle                        0x0000a387   Thumb Code    24  main.o(i.uart_error_handle)
    uint16_dec                               0x0000a39f   Thumb Code    30  ble_serialization.o(i.uint16_dec)
    uint16_t_dec                             0x0000a3ef   Thumb Code    36  ble_serialization.o(i.uint16_t_dec)
    uint16_t_enc                             0x0000a413   Thumb Code    34  ble_serialization.o(i.uint16_t_enc)
    uint32_t_enc                             0x0000a45b   Thumb Code    50  ble_serialization.o(i.uint32_t_enc)
    uint8_dec                                0x0000a48d   Thumb Code    22  ble_serialization.o(i.uint8_dec)
    uint8_t_dec                              0x0000a4a3   Thumb Code    26  ble_serialization.o(i.uint8_t_dec)
    uint8_t_enc                              0x0000a4bd   Thumb Code    26  ble_serialization.o(i.uint8_t_enc)
    uint8_vector_dec                         0x0000a4d7   Thumb Code    48  ble_serialization.o(i.uint8_vector_dec)
    m_service_context_store                  0x0000a76c   Data          16  device_manager_peripheral.o(.constdata)
    m_service_context_load                   0x0000a77c   Data          16  device_manager_peripheral.o(.constdata)
    m_service_context_apply                  0x0000a78c   Data          16  device_manager_peripheral.o(.constdata)
    os_mailQ_def_sd_ble_evt_mailbox          0x0000a7ac   Data          12  ser_softdevice_handler.o(.constdata)
    Region$$Table$$Base                      0x0000a7d8   Number         0  anon$$obj.o(Region$$Table)
    Region$$Table$$Limit                     0x0000a7f8   Number         0  anon$$obj.o(Region$$Table)
    SystemCoreClock                          0x20000054   Data           4  system_nrf51.o(.data)
    __stdout                                 0x20000164   Data           4  retarget.o(.data)
    m_app_keys_table                         0x20000d28   Data          28  app_ble_gap_sec_keys.o(.bss)
    m_app_user_mem_table                     0x20000d44   Data          12  app_ble_user_mem.o(.bss)
    os_mailQ_q_sd_ble_evt_mailbox            0x20000d50   Data         372  ser_softdevice_handler.o(.bss)
    __initial_sp                             0x20001ac8   Data           0  arm_startup_nrf51.o(STACK)



==============================================================================

Memory Map of the image

  Image Entry point : 0x000000c1

  Load Region LR_IROM1 (Base: 0x00000000, Size: 0x0000a9e4, Max: 0x00040000, ABSOLUTE, COMPRESSED[0x0000a820])

    Execution Region ER_IROM1 (Base: 0x00000000, Size: 0x0000a7f8, Max: 0x00040000, ABSOLUTE)

    Base Addr    Size         Type   Attr      Idx    E Section Name        Object

    0x00000000   0x000000c0   Data   RO          468    RESET               arm_startup_nrf51.o
    0x000000c0   0x00000000   Code   RO         6355  * .ARM.Collect$$$$00000000  mc_p.l(entry.o)
    0x000000c0   0x00000004   Code   RO         6633    .ARM.Collect$$$$00000001  mc_p.l(entry2.o)
    0x000000c4   0x00000004   Code   RO         6636    .ARM.Collect$$$$00000004  mc_p.l(entry5.o)
    0x000000c8   0x00000000   Code   RO         6638    .ARM.Collect$$$$00000008  mc_p.l(entry7b.o)
    0x000000c8   0x00000000   Code   RO         6640    .ARM.Collect$$$$0000000A  mc_p.l(entry8b.o)
    0x000000c8   0x00000008   Code   RO         6641    .ARM.Collect$$$$0000000B  mc_p.l(entry9a.o)
    0x000000d0   0x00000000   Code   RO         6643    .ARM.Collect$$$$0000000D  mc_p.l(entry10a.o)
    0x000000d0   0x00000000   Code   RO         6645    .ARM.Collect$$$$0000000F  mc_p.l(entry11a.o)
    0x000000d0   0x00000004   Code   RO         6634    .ARM.Collect$$$$00002712  mc_p.l(entry2.o)
    0x000000d4   0x0000001e   Code   RO         1452    .emb_text           nrf_delay.o
    0x000000f2   0x00000002   PAD
    0x000000f4   0x0000001e   Code   RO         2110    .emb_text           app_timer.o
    0x00000112   0x00000002   PAD
    0x00000114   0x00000038   Code   RO          469    .text               arm_startup_nrf51.o
    0x0000014c   0x0000002c   Code   RO         6358    .text               mc_p.l(uidiv.o)
    0x00000178   0x00000024   Code   RO         6360    .text               mc_p.l(memcpya.o)
    0x0000019c   0x00000024   Code   RO         6362    .text               mc_p.l(memseta.o)
    0x000001c0   0x0000000e   Code   RO         6364    .text               mc_p.l(strlen.o)
    0x000001ce   0x0000001a   Code   RO         6366    .text               mc_p.l(memcmp.o)
    0x000001e8   0x00000014   Code   RO         6631    .text               mc_p.l(uread4.o)
    0x000001fc   0x00000024   Code   RO         6660    .text               mc_p.l(init.o)
    0x00000220   0x0000003a   Code   RO         6680    .text               mc_p.l(__dczerorl.o)
    0x0000025a   0x00000002   PAD
    0x0000025c   0x00000114   Code   RO         1269    i.GPIOTE_IRQHandler  nrf_drv_gpiote.o
    0x00000370   0x00000014   Code   RO         6024    i.NVIC_SetPendingIRQ  ser_phy_nrf51_spi_master.o
    0x00000384   0x00000044   Code   RO         2111    i.NVIC_SetPriority  app_timer.o
    0x000003c8   0x00000020   Code   RO         2112    i.RTC1_IRQHandler   app_timer.o
    0x000003e8   0x0000002c   Code   RO         1849    i.SPI0_TWI0_IRQHandler  spi_master.o
    0x00000414   0x00000054   Code   RO         2113    i.SWI0_IRQHandler   app_timer.o
    0x00000468   0x00000024   Code   RO         6299    i.SWI2_IRQHandler   softdevice_handler.o
    0x0000048c   0x00000054   Code   RO         6025    i.SWI3_IRQHandler   ser_phy_nrf51_spi_master.o
    0x000004e0   0x00000054   Code   RO          476    i.SystemInit        system_nrf51.o
    0x00000534   0x00000080   Code   RO         1483    i.UART0_IRQHandler  app_uart_fifo.o
    0x000005b4   0x00000020   Code   RO         6437    i.__0printf$2       mc_p.l(printf2.o)
    0x000005d4   0x0000001a   Code   RO          414    i.__ARM_common_switch8  bsp.o
    0x000005ee   0x0000000e   Code   RO         6674    i.__scatterload_copy  mc_p.l(handlers.o)
    0x000005fc   0x00000002   Code   RO         6675    i.__scatterload_null  mc_p.l(handlers.o)
    0x000005fe   0x0000000e   Code   RO         6676    i.__scatterload_zeroinit  mc_p.l(handlers.o)
    0x0000060c   0x000000d2   Code   RO         6444    i._printf_core      mc_p.l(printf2.o)
    0x000006de   0x00000002   PAD
    0x000006e0   0x0000004c   Code   RO         1484    i.action_tx_send    app_uart_fifo.o
    0x0000072c   0x00000024   Code   RO         1485    i.action_tx_stop    app_uart_fifo.o
    0x00000750   0x00000020   Code   RO         1486    i.action_uart_deactivate  app_uart_fifo.o
    0x00000770   0x0000014c   Code   RO         1027    i.adv_data_encode   ble_advdata.o
    0x000008bc   0x0000003c   Code   RO          429    i.advertising_buttons_configure  bsp_btn_ble.o
    0x000008f8   0x00000018   Code   RO          323    i.alert_timer_handler  bsp.o
    0x00000910   0x00000020   Code   RO         3166    i.app_ble_gap_sec_context_create  app_ble_gap_sec_keys.o
    0x00000930   0x0000001c   Code   RO         3167    i.app_ble_gap_sec_context_destroy  app_ble_gap_sec_keys.o
    0x0000094c   0x00000020   Code   RO         3168    i.app_ble_gap_sec_context_find  app_ble_gap_sec_keys.o
    0x0000096c   0x00000020   Code   RO         3201    i.app_ble_user_mem_context_create  app_ble_user_mem.o
    0x0000098c   0x0000001c   Code   RO         3202    i.app_ble_user_mem_context_destroy  app_ble_user_mem.o
    0x000009a8   0x00000020   Code   RO         3203    i.app_ble_user_mem_context_find  app_ble_user_mem.o
    0x000009c8   0x00000024   Code   RO         1944    i.app_button_enable  app_button.o
    0x000009ec   0x00000078   Code   RO         1945    i.app_button_init   app_button.o
    0x00000a64   0x0000001c   Code   RO         2012    i.app_error_handler  app_error.o
    0x00000a80   0x0000000c   Code   RO          759    i.app_evt_notify    device_manager_peripheral.o
    0x00000a8c   0x00000022   Code   RO         2034    i.app_fifo_get      app_fifo.o
    0x00000aae   0x00000024   Code   RO         2035    i.app_fifo_init     app_fifo.o
    0x00000ad2   0x00000022   Code   RO         2036    i.app_fifo_put      app_fifo.o
    0x00000af4   0x00000032   Code   RO         4857    i.app_mailbox_create  app_mailbox.o
    0x00000b26   0x00000054   Code   RO         4858    i.app_mailbox_get   app_mailbox.o
    0x00000b7a   0x00000054   Code   RO         4860    i.app_mailbox_put   app_mailbox.o
    0x00000bce   0x00000002   PAD
    0x00000bd0   0x0000001c   Code   RO         1749    i.app_notify        pstorage_nosd.o
    0x00000bec   0x0000004c   Code   RO         2116    i.app_timer_create  app_timer.o
    0x00000c38   0x000000b4   Code   RO         2117    i.app_timer_init    app_timer.o
    0x00000cec   0x00000084   Code   RO         2118    i.app_timer_start   app_timer.o
    0x00000d70   0x00000058   Code   RO         2119    i.app_timer_stop    app_timer.o
    0x00000dc8   0x00000194   Code   RO         1491    i.app_uart_init     app_uart_fifo.o
    0x00000f5c   0x0000001c   Code   RO         1492    i.app_uart_put      app_uart_fifo.o
    0x00000f78   0x0000013c   Code   RO          510    i.battery_level_char_add  ble_bas.o
    0x000010b4   0x00000044   Code   RO            4    i.battery_level_meas_timeout_handler  main.o
    0x000010f8   0x0000005c   Code   RO         1028    i.ble_advdata_set   ble_advdata.o
    0x00001154   0x00000144   Code   RO         1084    i.ble_advertising_init  ble_advertising.o
    0x00001298   0x00000090   Code   RO         1085    i.ble_advertising_on_ble_evt  ble_advertising.o
    0x00001328   0x00000030   Code   RO         1086    i.ble_advertising_on_sys_evt  ble_advertising.o
    0x00001358   0x00000010   Code   RO         1088    i.ble_advertising_peer_address_clear  ble_advertising.o
    0x00001368   0x00000044   Code   RO         1089    i.ble_advertising_restart_without_whitelist  ble_advertising.o
    0x000013ac   0x00000198   Code   RO         1090    i.ble_advertising_start  ble_advertising.o
    0x00001544   0x00000070   Code   RO          511    i.ble_bas_battery_level_update  ble_bas.o
    0x000015b4   0x00000040   Code   RO          512    i.ble_bas_init      ble_bas.o
    0x000015f4   0x00000056   Code   RO          513    i.ble_bas_on_ble_evt  ble_bas.o
    0x0000164a   0x00000002   PAD
    0x0000164c   0x00000058   Code   RO         1163    i.ble_conn_params_init  ble_conn_params.o
    0x000016a4   0x00000090   Code   RO         1164    i.ble_conn_params_on_ble_evt  ble_conn_params.o
    0x00001734   0x00000144   Code   RO          548    i.ble_dis_init      ble_dis.o
    0x00001878   0x00000022   Code   RO         5883    i.ble_enable_params_t_enc  ble_struct_serialization.o
    0x0000189a   0x00000002   PAD
    0x0000189c   0x00000040   Code   RO         3234    i.ble_enable_req_enc  ble_enable.o
    0x000018dc   0x0000000c   Code   RO         3235    i.ble_enable_rsp_dec  ble_enable.o
    0x000018e8   0x00000236   Code   RO         3258    i.ble_event_dec     ble_event.o
    0x00001b1e   0x00000002   PAD
    0x00001b20   0x00000038   Code   RO            5    i.ble_evt_dispatch  main.o
    0x00001b58   0x00000066   Code   RO         3285    i.ble_evt_tx_complete_dec  ble_evt_tx_complete.o
    0x00001bbe   0x00000002   PAD
    0x00001bc0   0x000000b0   Code   RO         3299    i.ble_evt_user_mem_release_dec  ble_evt_user_mem_release.o
    0x00001c70   0x00000060   Code   RO         3318    i.ble_evt_user_mem_request_dec  ble_evt_user_mem_request.o
    0x00001cd0   0x00000024   Code   RO         1587    i.ble_flash_block_write  ble_flash.o
    0x00001cf4   0x00000016   Code   RO         1591    i.ble_flash_page_erase  ble_flash.o
    0x00001d0a   0x00000026   Code   RO         5218    i.ble_gap_addr_dec  ble_gap_struct_serialization.o
    0x00001d30   0x00000032   Code   RO         5219    i.ble_gap_addr_enc  ble_gap_struct_serialization.o
    0x00001d62   0x0000002e   Code   RO         5221    i.ble_gap_adv_ch_mask_t_enc  ble_gap_struct_serialization.o
    0x00001d90   0x0000005e   Code   RO         3366    i.ble_gap_adv_data_set_req_enc  ble_gap_adv_data_set.o
    0x00001dee   0x0000000c   Code   RO         3367    i.ble_gap_adv_data_set_rsp_dec  ble_gap_adv_data_set.o
    0x00001dfa   0x00000002   PAD
    0x00001dfc   0x000000cc   Code   RO         3384    i.ble_gap_adv_start_req_enc  ble_gap_adv_start.o
    0x00001ec8   0x0000000c   Code   RO         3385    i.ble_gap_adv_start_rsp_dec  ble_gap_adv_start.o
    0x00001ed4   0x00000030   Code   RO         3405    i.ble_gap_adv_stop_req_enc  ble_gap_adv_stop.o
    0x00001f04   0x0000000c   Code   RO         3406    i.ble_gap_adv_stop_rsp_dec  ble_gap_adv_stop.o
    0x00001f10   0x0000002a   Code   RO         3423    i.ble_gap_appearance_get_req_enc  ble_gap_appearance_get.o
    0x00001f3a   0x00000056   Code   RO         3424    i.ble_gap_appearance_get_rsp_dec  ble_gap_appearance_get.o
    0x00001f90   0x00000028   Code   RO         3441    i.ble_gap_appearance_set_req_enc  ble_gap_appearance_set.o
    0x00001fb8   0x0000000c   Code   RO         3442    i.ble_gap_appearance_set_rsp_dec  ble_gap_appearance_set.o
    0x00001fc4   0x0000005c   Code   RO         3477    i.ble_gap_authenticate_req_enc  ble_gap_authenticate.o
    0x00002020   0x0000000c   Code   RO         3478    i.ble_gap_authenticate_rsp_dec  ble_gap_authenticate.o
    0x0000202c   0x00000072   Code   RO         3495    i.ble_gap_conn_param_update_req_enc  ble_gap_conn_param_update.o
    0x0000209e   0x0000000c   Code   RO         3496    i.ble_gap_conn_param_update_rsp_dec  ble_gap_conn_param_update.o
    0x000020aa   0x0000005c   Code   RO         5222    i.ble_gap_conn_params_t_dec  ble_gap_struct_serialization.o
    0x00002106   0x00000010   Code   RO         5225    i.ble_gap_conn_sec_mode_enc  ble_gap_struct_serialization.o
    0x00002116   0x00000056   Code   RO         3572    i.ble_gap_device_name_get_req_enc  ble_gap_device_name_get.o
    0x0000216c   0x0000005e   Code   RO         3573    i.ble_gap_device_name_get_rsp_dec  ble_gap_device_name_get.o
    0x000021ca   0x0000007e   Code   RO         3590    i.ble_gap_device_name_set_req_enc  ble_gap_device_name_set.o
    0x00002248   0x0000000c   Code   RO         3591    i.ble_gap_device_name_set_rsp_dec  ble_gap_device_name_set.o
    0x00002254   0x0000002c   Code   RO         3608    i.ble_gap_disconnect_req_enc  ble_gap_disconnect.o
    0x00002280   0x0000000c   Code   RO         3609    i.ble_gap_disconnect_rsp_dec  ble_gap_disconnect.o
    0x0000228c   0x00000054   Code   RO         5228    i.ble_gap_enc_info_dec  ble_gap_struct_serialization.o
    0x000022e0   0x00000044   Code   RO         5229    i.ble_gap_enc_info_enc  ble_gap_struct_serialization.o
    0x00002324   0x0000002c   Code   RO         5230    i.ble_gap_enc_key_t_dec  ble_gap_struct_serialization.o
    0x00002350   0x0000002c   Code   RO         5231    i.ble_gap_enc_key_t_enc  ble_gap_struct_serialization.o
    0x0000237c   0x000000cc   Code   RO         3644    i.ble_gap_evt_adv_report_dec  ble_gap_evt_adv_report.o
    0x00002448   0x00000064   Code   RO         3656    i.ble_gap_evt_auth_key_request_dec  ble_gap_evt_auth_key_request.o
    0x000024ac   0x00000098   Code   RO         3668    i.ble_gap_evt_auth_status_dec  ble_gap_evt_auth_status.o
    0x00002544   0x00000094   Code   RO         5232    i.ble_gap_evt_auth_status_t_dec  ble_gap_struct_serialization.o
    0x000025d8   0x0000008e   Code   RO         3681    i.ble_gap_evt_conn_param_update_dec  ble_gap_evt_conn_param_update.o
    0x00002666   0x0000008e   Code   RO         3693    i.ble_gap_evt_conn_param_update_request_dec  ble_gap_evt_conn_param_update_request.o
    0x000026f4   0x0000008c   Code   RO         3705    i.ble_gap_evt_conn_sec_update_dec  ble_gap_evt_conn_sec_update.o
    0x00002780   0x00000066   Code   RO         3717    i.ble_gap_evt_connected_dec  ble_gap_evt_connected.o
    0x000027e6   0x0000005c   Code   RO         5240    i.ble_gap_evt_connected_t_dec  ble_gap_struct_serialization.o
    0x00002842   0x00000064   Code   RO         3729    i.ble_gap_evt_disconnected_dec  ble_gap_evt_disconnected.o
    0x000028a6   0x0000006c   Code   RO         3741    i.ble_gap_evt_passkey_display_dec  ble_gap_evt_passkey_display.o
    0x00002912   0x00000064   Code   RO         3753    i.ble_gap_evt_rssi_changed_dec  ble_gap_evt_rssi_changed.o
    0x00002976   0x0000007a   Code   RO         3765    i.ble_gap_evt_scan_req_report_dec  ble_gap_evt_scan_req_report.o
    0x000029f0   0x00000068   Code   RO         3777    i.ble_gap_evt_sec_info_request_dec  ble_gap_evt_sec_info_request.o
    0x00002a58   0x00000060   Code   RO         5244    i.ble_gap_evt_sec_info_request_t_dec  ble_gap_struct_serialization.o
    0x00002ab8   0x0000006c   Code   RO         3789    i.ble_gap_evt_sec_params_request_dec  ble_gap_evt_sec_params_request.o
    0x00002b24   0x00000008   Code   RO         5246    i.ble_gap_evt_sec_params_request_t_dec  ble_gap_struct_serialization.o
    0x00002b2c   0x00000064   Code   RO         3801    i.ble_gap_evt_sec_request_dec  ble_gap_evt_sec_request.o
    0x00002b90   0x00000046   Code   RO         5248    i.ble_gap_evt_sec_request_t_dec  ble_gap_struct_serialization.o
    0x00002bd6   0x00000062   Code   RO         3813    i.ble_gap_evt_timeout_dec  ble_gap_evt_timeout.o
    0x00002c38   0x0000002c   Code   RO         5250    i.ble_gap_id_key_t_dec  ble_gap_struct_serialization.o
    0x00002c64   0x0000002c   Code   RO         5251    i.ble_gap_id_key_t_enc  ble_gap_struct_serialization.o
    0x00002c90   0x00000026   Code   RO         5252    i.ble_gap_irk_dec   ble_gap_struct_serialization.o
    0x00002cb6   0x00000026   Code   RO         5253    i.ble_gap_irk_enc   ble_gap_struct_serialization.o
    0x00002cdc   0x00000038   Code   RO         5254    i.ble_gap_master_id_t_dec  ble_gap_struct_serialization.o
    0x00002d14   0x00000036   Code   RO         5255    i.ble_gap_master_id_t_enc  ble_gap_struct_serialization.o
    0x00002d4a   0x0000002a   Code   RO         3825    i.ble_gap_ppcp_get_req_enc  ble_gap_ppcp_get.o
    0x00002d74   0x0000007a   Code   RO         3826    i.ble_gap_ppcp_get_rsp_dec  ble_gap_ppcp_get.o
    0x00002dee   0x00000066   Code   RO         3843    i.ble_gap_ppcp_set_req_enc  ble_gap_ppcp_set.o
    0x00002e54   0x0000000c   Code   RO         3844    i.ble_gap_ppcp_set_rsp_dec  ble_gap_ppcp_set.o
    0x00002e60   0x000000d4   Code   RO         3956    i.ble_gap_sec_info_reply_req_enc  ble_gap_sec_info_reply.o
    0x00002f34   0x0000000c   Code   RO         3957    i.ble_gap_sec_info_reply_rsp_dec  ble_gap_sec_info_reply.o
    0x00002f40   0x00000058   Code   RO         5270    i.ble_gap_sec_kdist_t_dec  ble_gap_struct_serialization.o
    0x00002f98   0x00000048   Code   RO         5271    i.ble_gap_sec_kdist_t_enc  ble_gap_struct_serialization.o
    0x00002fe0   0x0000004c   Code   RO         5272    i.ble_gap_sec_keys_dec  ble_gap_struct_serialization.o
    0x0000302c   0x0000004c   Code   RO         5273    i.ble_gap_sec_keys_enc  ble_gap_struct_serialization.o
    0x00003078   0x0000002c   Code   RO         5274    i.ble_gap_sec_keyset_t_dec  ble_gap_struct_serialization.o
    0x000030a4   0x0000002c   Code   RO         5275    i.ble_gap_sec_keyset_t_enc  ble_gap_struct_serialization.o
    0x000030d0   0x00000044   Code   RO         5276    i.ble_gap_sec_levels_dec  ble_gap_struct_serialization.o
    0x00003114   0x0000008c   Code   RO         3974    i.ble_gap_sec_params_reply_req_enc  ble_gap_sec_params_reply.o
    0x000031a0   0x00000064   Code   RO         3975    i.ble_gap_sec_params_reply_rsp_dec  ble_gap_sec_params_reply.o
    0x00003204   0x0000009a   Code   RO         5278    i.ble_gap_sec_params_t_dec  ble_gap_struct_serialization.o
    0x0000329e   0x00000076   Code   RO         5279    i.ble_gap_sec_params_t_enc  ble_gap_struct_serialization.o
    0x00003314   0x00000026   Code   RO         5280    i.ble_gap_sign_info_dec  ble_gap_struct_serialization.o
    0x0000333a   0x00000026   Code   RO         5281    i.ble_gap_sign_info_enc  ble_gap_struct_serialization.o
    0x00003360   0x000000a0   Code   RO         5283    i.ble_gap_whitelist_t_enc  ble_gap_struct_serialization.o
    0x00003400   0x000001a2   Code   RO         4088    i.ble_gattc_evt_char_disc_rsp_dec  ble_gattc_evt_char_disc_rsp.o
    0x000035a2   0x000000a0   Code   RO         4100    i.ble_gattc_evt_char_val_by_uuid_read_rsp_dec  ble_gattc_evt_char_val_by_uuid_read_rsp.o
    0x00003642   0x000000c4   Code   RO         5617    i.ble_gattc_evt_char_val_by_uuid_read_rsp_t_dec  ble_gattc_struct_serialization.o
    0x00003706   0x0000007e   Code   RO         4112    i.ble_gattc_evt_char_vals_read_rsp_dec  ble_gattc_evt_char_vals_read_rsp.o
    0x00003784   0x0000003e   Code   RO         5619    i.ble_gattc_evt_char_vals_read_rsp_t_dec  ble_gattc_struct_serialization.o
    0x000037c2   0x000000e8   Code   RO         4124    i.ble_gattc_evt_desc_disc_rsp_dec  ble_gattc_evt_desc_disc_rsp.o
    0x000038aa   0x000000cc   Code   RO         4136    i.ble_gattc_evt_hvx_dec  ble_gattc_evt_hvx.o
    0x00003976   0x000000f6   Code   RO         4148    i.ble_gattc_evt_prim_srvc_disc_rsp_dec  ble_gattc_evt_prim_srvc_disc_rsp.o
    0x00003a6c   0x000000cc   Code   RO         4160    i.ble_gattc_evt_read_rsp_dec  ble_gattc_evt_read_rsp.o
    0x00003b38   0x00000090   Code   RO         4172    i.ble_gattc_evt_rel_disc_rsp_dec  ble_gattc_evt_rel_disc_rsp.o
    0x00003bc8   0x00000042   Code   RO         5621    i.ble_gattc_evt_rel_disc_rsp_t_dec  ble_gattc_struct_serialization.o
    0x00003c0a   0x00000066   Code   RO         4184    i.ble_gattc_evt_timeout_dec  ble_gattc_evt_timeout.o
    0x00003c70   0x000000da   Code   RO         4196    i.ble_gattc_evt_write_rsp_dec  ble_gattc_evt_write_rsp.o
    0x00003d4a   0x00000030   Code   RO         5623    i.ble_gattc_handle_range_t_dec  ble_gattc_struct_serialization.o
    0x00003d7a   0x00000020   Code   RO         5625    i.ble_gattc_include_t_dec  ble_gattc_struct_serialization.o
    0x00003d9a   0x00000020   Code   RO         5627    i.ble_gattc_service_t_dec  ble_gattc_struct_serialization.o
    0x00003dba   0x00000072   Code   RO         5707    i.ble_gatts_attr_context_t_dec  ble_gatts_struct_serialization.o
    0x00003e2c   0x00000074   Code   RO         5710    i.ble_gatts_attr_enc  ble_gatts_struct_serialization.o
    0x00003ea0   0x0000005a   Code   RO         5712    i.ble_gatts_attr_md_enc  ble_gatts_struct_serialization.o
    0x00003efa   0x00000044   Code   RO         5713    i.ble_gatts_char_handles_dec  ble_gatts_struct_serialization.o
    0x00003f3e   0x00000002   PAD
    0x00003f40   0x000000f8   Code   RO         5716    i.ble_gatts_char_md_enc  ble_gatts_struct_serialization.o
    0x00004038   0x0000008c   Code   RO         4303    i.ble_gatts_characteristic_add_req_enc  ble_gatts_characteristic_add.o
    0x000040c4   0x0000005c   Code   RO         4304    i.ble_gatts_characteristic_add_rsp_dec  ble_gatts_characteristic_add.o
    0x00004120   0x00000078   Code   RO         4324    i.ble_gatts_descriptor_add_req_enc  ble_gatts_descriptor_add.o
    0x00004198   0x0000005a   Code   RO         4325    i.ble_gatts_descriptor_add_rsp_dec  ble_gatts_descriptor_add.o
    0x000041f2   0x00000064   Code   RO         4342    i.ble_gatts_evt_hvc_dec  ble_gatts_evt_hvc.o
    0x00004256   0x00000076   Code   RO         5717    i.ble_gatts_evt_read_t_dec  ble_gatts_struct_serialization.o
    0x000042cc   0x000000b8   Code   RO         4356    i.ble_gatts_evt_rw_authorize_request_dec  ble_gatts_evt_rw_authorize_request.o
    0x00004384   0x00000090   Code   RO         5719    i.ble_gatts_evt_rw_authorize_request_t_dec  ble_gatts_struct_serialization.o
    0x00004414   0x00000050   Code   RO         4375    i.ble_gatts_evt_sc_confirm_dec  ble_gatts_evt_sc_confirm.o
    0x00004464   0x00000064   Code   RO         4387    i.ble_gatts_evt_sys_attr_missing_dec  ble_gatts_evt_sys_attr_missing.o
    0x000044c8   0x00000064   Code   RO         4399    i.ble_gatts_evt_timeout_dec  ble_gatts_evt_timeout.o
    0x0000452c   0x000000b0   Code   RO         4413    i.ble_gatts_evt_write_dec  ble_gatts_evt_write.o
    0x000045dc   0x000000d4   Code   RO         5721    i.ble_gatts_evt_write_t_dec  ble_gatts_struct_serialization.o
    0x000046b0   0x000000da   Code   RO         4432    i.ble_gatts_hvx_req_enc  ble_gatts_hvx.o
    0x0000478a   0x00000002   PAD
    0x0000478c   0x00000058   Code   RO         4433    i.ble_gatts_hvx_rsp_dec  ble_gatts_hvx.o
    0x000047e4   0x0000004c   Code   RO         5726    i.ble_gatts_read_authorize_params_t_enc  ble_gatts_struct_serialization.o
    0x00004830   0x0000003c   Code   RO         5728    i.ble_gatts_rw_authorize_reply_params_t_enc  ble_gatts_struct_serialization.o
    0x0000486c   0x00000060   Code   RO         4473    i.ble_gatts_rw_authorize_reply_req_enc  ble_gatts_rw_authorize_reply.o
    0x000048cc   0x0000000c   Code   RO         4474    i.ble_gatts_rw_authorize_reply_rsp_dec  ble_gatts_rw_authorize_reply.o
    0x000048d8   0x00000062   Code   RO         4491    i.ble_gatts_service_add_req_enc  ble_gatts_service_add.o
    0x0000493a   0x0000005c   Code   RO         4492    i.ble_gatts_service_add_rsp_dec  ble_gatts_service_add.o
    0x00004996   0x00000066   Code   RO         4509    i.ble_gatts_service_changed_req_enc  ble_gatts_service_changed.o
    0x000049fc   0x0000000c   Code   RO         4510    i.ble_gatts_service_changed_rsp_dec  ble_gatts_service_changed.o
    0x00004a08   0x00000088   Code   RO         4527    i.ble_gatts_sys_attr_get_req_enc  ble_gatts_sys_attr_get.o
    0x00004a90   0x000000a8   Code   RO         4528    i.ble_gatts_sys_attr_get_rsp_dec  ble_gatts_sys_attr_get.o
    0x00004b38   0x00000090   Code   RO         4545    i.ble_gatts_sys_attr_set_req_enc  ble_gatts_sys_attr_set.o
    0x00004bc8   0x0000000c   Code   RO         4546    i.ble_gatts_sys_attr_set_rsp_dec  ble_gatts_sys_attr_set.o
    0x00004bd4   0x0000009a   Code   RO         4563    i.ble_gatts_value_get_req_enc  ble_gatts_value_get.o
    0x00004c6e   0x00000054   Code   RO         4564    i.ble_gatts_value_get_rsp_dec  ble_gatts_value_get.o
    0x00004cc2   0x00000002   PAD
    0x00004cc4   0x00000068   Code   RO         4581    i.ble_gatts_value_set_req_enc  ble_gatts_value_set.o
    0x00004d2c   0x00000050   Code   RO         4582    i.ble_gatts_value_set_rsp_dec  ble_gatts_value_set.o
    0x00004d7c   0x0000003c   Code   RO         5729    i.ble_gatts_value_t_dec  ble_gatts_struct_serialization.o
    0x00004db8   0x00000032   Code   RO         5730    i.ble_gatts_value_t_enc  ble_gatts_struct_serialization.o
    0x00004dea   0x00000008   Code   RO         5732    i.ble_gatts_write_authorize_params_t_enc  ble_gatts_struct_serialization.o
    0x00004df2   0x00000050   Code   RO          586    i.ble_gls_are_cccd_configured  ble_gls.o
    0x00004e42   0x00000002   PAD
    0x00004e44   0x00000030   Code   RO          700    i.ble_gls_db_init   ble_gls_db.o
    0x00004e74   0x0000000c   Code   RO          701    i.ble_gls_db_num_records_get  ble_gls_db.o
    0x00004e80   0x00000054   Code   RO          702    i.ble_gls_db_record_add  ble_gls_db.o
    0x00004ed4   0x00000038   Code   RO          704    i.ble_gls_db_record_get  ble_gls_db.o
    0x00004f0c   0x00000018   Code   RO          587    i.ble_gls_glucose_new_meas  ble_gls.o
    0x00004f24   0x00000094   Code   RO          588    i.ble_gls_init      ble_gls.o
    0x00004fb8   0x000000d0   Code   RO          589    i.ble_gls_on_ble_evt  ble_gls.o
    0x00005088   0x00000072   Code   RO         4635    i.ble_l2cap_evt_rx_dec  ble_l2cap_evt_rx.o
    0x000050fa   0x00000088   Code   RO         5884    i.ble_l2cap_evt_rx_t_dec  ble_struct_serialization.o
    0x00005182   0x0000002e   Code   RO         5886    i.ble_l2cap_header_t_dec  ble_struct_serialization.o
    0x000051b0   0x0000002a   Code   RO         1217    i.ble_racp_decode   ble_racp.o
    0x000051da   0x0000002c   Code   RO         1218    i.ble_racp_encode   ble_racp.o
    0x00005206   0x00000012   Code   RO          739    i.ble_srv_ascii_to_utf8  ble_srv_common.o
    0x00005218   0x0000000c   Code   RO          740    i.ble_srv_report_ref_encode  ble_srv_common.o
    0x00005224   0x00000068   Code   RO            6    i.ble_stack_init    main.o
    0x0000528c   0x0000007e   Code   RO         4719    i.ble_user_mem_reply_req_enc  ble_user_mem_reply.o
    0x0000530a   0x0000000c   Code   RO         4720    i.ble_user_mem_reply_rsp_dec  ble_user_mem_reply.o
    0x00005316   0x0000006e   Code   RO         4755    i.ble_uuid_encode_req_enc  ble_uuid_encode.o
    0x00005384   0x00000076   Code   RO         4756    i.ble_uuid_encode_rsp_dec  ble_uuid_encode.o
    0x000053fa   0x0000002c   Code   RO         5890    i.ble_uuid_t_dec    ble_struct_serialization.o
    0x00005426   0x00000020   Code   RO         5891    i.ble_uuid_t_enc    ble_struct_serialization.o
    0x00005446   0x00000002   PAD
    0x00005448   0x00000048   Code   RO          760    i.bond_data_load    device_manager_peripheral.o
    0x00005490   0x00000054   Code   RO          430    i.bsp_btn_ble_init  bsp_btn_ble.o
    0x000054e4   0x00000078   Code   RO          431    i.bsp_btn_ble_on_ble_evt  bsp_btn_ble.o
    0x0000555c   0x00000014   Code   RO          432    i.bsp_btn_ble_sleep_mode_prepare  bsp_btn_ble.o
    0x00005570   0x0000009c   Code   RO          324    i.bsp_button_event_handler  bsp.o
    0x0000560c   0x0000002c   Code   RO          325    i.bsp_button_is_pressed  bsp.o
    0x00005638   0x00000048   Code   RO            7    i.bsp_event_handler  main.o
    0x00005680   0x00000048   Code   RO          329    i.bsp_event_to_button_action_assign  bsp.o
    0x000056c8   0x0000001c   Code   RO          330    i.bsp_indication_set  bsp.o
    0x000056e4   0x000000a0   Code   RO          332    i.bsp_init          bsp.o
    0x00005784   0x000001f0   Code   RO          333    i.bsp_led_indication  bsp.o
    0x00005974   0x0000003c   Code   RO          334    i.bsp_wakeup_buttons_set  bsp.o
    0x000059b0   0x0000006a   Code   RO         5036    i.buf_dec           ble_serialization.o
    0x00005a1a   0x00000050   Code   RO         5037    i.buf_enc           ble_serialization.o
    0x00005a6a   0x0000000c   Code   RO          335    i.button_timer_handler  bsp.o
    0x00005a76   0x00000002   PAD
    0x00005a78   0x0000001c   Code   RO         1270    i.channel_free      nrf_drv_gpiote.o
    0x00005a94   0x0000004c   Code   RO         1271    i.channel_port_alloc  nrf_drv_gpiote.o
    0x00005ae0   0x00000010   Code   RO         1272    i.channel_port_get  nrf_drv_gpiote.o
    0x00005af0   0x000000a4   Code   RO          549    i.char_add          ble_dis.o
    0x00005b94   0x000000a4   Code   RO         2121    i.compare_reg_update  app_timer.o
    0x00005c38   0x0000000c   Code   RO         6026    i.compute_current_packet_length  ser_phy_nrf51_spi_master.o
    0x00005c44   0x0000005e   Code   RO         5200    i.cond_field_dec    cond_field_serialization.o
    0x00005ca2   0x00000032   Code   RO         5201    i.cond_field_enc    cond_field_serialization.o
    0x00005cd4   0x00000084   Code   RO         1029    i.conn_int_encode   ble_advdata.o
    0x00005d58   0x0000000c   Code   RO            8    i.conn_params_error_handler  main.o
    0x00005d64   0x00000064   Code   RO         1166    i.conn_params_negotiation  ble_conn_params.o
    0x00005dc8   0x00000030   Code   RO          761    i.connection_instance_find  device_manager_peripheral.o
    0x00005df8   0x00000024   Code   RO          762    i.connection_instance_init  device_manager_peripheral.o
    0x00005e1c   0x00000010   Code   RO         2274    i.critical_region_enter  app_util_platform.o
    0x00005e2c   0x00000014   Code   RO         2275    i.critical_region_exit  app_util_platform.o
    0x00005e40   0x00000060   Code   RO         1947    i.detection_delay_timeout_handler  app_button.o
    0x00005ea0   0x000000b0   Code   RO          763    i.device_context_store  device_manager_peripheral.o
    0x00005f50   0x00000054   Code   RO          764    i.device_instance_allocate  device_manager_peripheral.o
    0x00005fa4   0x00000048   Code   RO          765    i.device_instance_find  device_manager_peripheral.o
    0x00005fec   0x0000002c   Code   RO          766    i.device_instance_free  device_manager_peripheral.o
    0x00006018   0x00000050   Code   RO            9    i.device_manager_evt_handler  main.o
    0x00006068   0x00000078   Code   RO           10    i.device_manager_init  main.o
    0x000060e0   0x000003dc   Code   RO          771    i.dm_ble_evt_handler  device_manager_peripheral.o
    0x000064bc   0x0000001c   Code   RO          777    i.dm_handle_initialize  device_manager_peripheral.o
    0x000064d8   0x000000c4   Code   RO          778    i.dm_init           device_manager_peripheral.o
    0x0000659c   0x00000164   Code   RO          781    i.dm_pstorage_cb_handler  device_manager_peripheral.o
    0x00006700   0x00000074   Code   RO          782    i.dm_register       device_manager_peripheral.o
    0x00006774   0x00000060   Code   RO          783    i.dm_security_setup_req  device_manager_peripheral.o
    0x000067d4   0x00000070   Code   RO          784    i.dm_security_status_req  device_manager_peripheral.o
    0x00006844   0x00000040   Code   RO         2122    i.elapsed_ticks_acquire  app_timer.o
    0x00006884   0x00000018   Code   RO         2363    i.enable_rsp_dec    app_mw_ble.o
    0x0000689c   0x00000058   Code   RO         2123    i.expired_timers_handler  app_timer.o
    0x000068f4   0x0000002c   Code   RO         1595    i.flash_page_erase  ble_flash.o
    0x00006920   0x00000044   Code   RO         1596    i.flash_word_write  ble_flash.o
    0x00006964   0x0000000e   Code   RO         2309    i.fputc             retarget.o
    0x00006972   0x00000002   PAD
    0x00006974   0x00000034   Code   RO         6027    i.frame_get         ser_phy_nrf51_spi_master.o
    0x000069a8   0x00000030   Code   RO         6028    i.frame_send        ser_phy_nrf51_spi_master.o
    0x000069d8   0x00000018   Code   RO         2502    i.gap_adv_data_set_rsp_dec  app_mw_ble_gap.o
    0x000069f0   0x00000018   Code   RO         2503    i.gap_adv_start_rsp_dec  app_mw_ble_gap.o
    0x00006a08   0x0000001c   Code   RO         2504    i.gap_adv_stop_rsp_dec  app_mw_ble_gap.o
    0x00006a24   0x00000020   Code   RO         2505    i.gap_appearance_get_rsp_dec  app_mw_ble_gap.o
    0x00006a44   0x00000018   Code   RO         2506    i.gap_appearance_set_rsp_dec  app_mw_ble_gap.o
    0x00006a5c   0x0000001c   Code   RO         2508    i.gap_authenticate_rsp_dec  app_mw_ble_gap.o
    0x00006a78   0x00000018   Code   RO         2509    i.gap_conn_param_update_rsp_dec  app_mw_ble_gap.o
    0x00006a90   0x00000024   Code   RO         2513    i.gap_device_name_get_rsp_dec  app_mw_ble_gap.o
    0x00006ab4   0x00000018   Code   RO         2514    i.gap_device_name_set_rsp_dec  app_mw_ble_gap.o
    0x00006acc   0x00000018   Code   RO         2515    i.gap_disconnect_rsp_dec  app_mw_ble_gap.o
    0x00006ae4   0x00000070   Code   RO           11    i.gap_params_init   main.o
    0x00006b54   0x00000024   Code   RO         2517    i.gap_ppcp_get_reply_rsp_dec  app_mw_ble_gap.o
    0x00006b78   0x00000018   Code   RO         2518    i.gap_ppcp_set_rsp_dec  app_mw_ble_gap.o
    0x00006b90   0x00000018   Code   RO         2524    i.gap_sec_info_reply_rsp_dec  app_mw_ble_gap.o
    0x00006ba8   0x00000038   Code   RO         2525    i.gap_sec_params_reply_rsp_dec  app_mw_ble_gap.o
    0x00006be0   0x00000004   Code   RO          789    i.gattc_context_apply  device_manager_peripheral.o
    0x00006be4   0x00000004   Code   RO          790    i.gattc_context_load  device_manager_peripheral.o
    0x00006be8   0x00000004   Code   RO          791    i.gattc_context_store  device_manager_peripheral.o
    0x00006bec   0x00000020   Code   RO         2936    i.gatts_characteristic_add_rsp_dec  app_mw_ble_gatts.o
    0x00006c0c   0x000000b4   Code   RO          792    i.gatts_context_apply  device_manager_peripheral.o
    0x00006cc0   0x00000030   Code   RO          793    i.gatts_context_load  device_manager_peripheral.o
    0x00006cf0   0x000000ac   Code   RO          794    i.gatts_context_store  device_manager_peripheral.o
    0x00006d9c   0x00000024   Code   RO         2937    i.gatts_descriptor_add_rsp_dec  app_mw_ble_gatts.o
    0x00006dc0   0x00000020   Code   RO         2938    i.gatts_hvx_rsp_dec  app_mw_ble_gatts.o
    0x00006de0   0x0000001c   Code   RO         2940    i.gatts_rw_authorize_reply_rsp_dec  app_mw_ble_gatts.o
    0x00006dfc   0x00000020   Code   RO         2941    i.gatts_service_add_rsp_dec  app_mw_ble_gatts.o
    0x00006e1c   0x0000001c   Code   RO         2942    i.gatts_service_changed_rsp_dec  app_mw_ble_gatts.o
    0x00006e38   0x00000024   Code   RO         2943    i.gatts_sys_attr_get_rsp_dec  app_mw_ble_gatts.o
    0x00006e5c   0x00000018   Code   RO         2944    i.gatts_sys_attr_set_rsp_dec  app_mw_ble_gatts.o
    0x00006e74   0x00000020   Code   RO         2945    i.gatts_value_get_rsp_dec  app_mw_ble_gatts.o
    0x00006e94   0x00000020   Code   RO         2946    i.gatts_value_set_rsp_dec  app_mw_ble_gatts.o
    0x00006eb4   0x00000008   Code   RO          795    i.gattsc_context_apply  device_manager_peripheral.o
    0x00006ebc   0x00000008   Code   RO          796    i.gattsc_context_load  device_manager_peripheral.o
    0x00006ec4   0x00000008   Code   RO          797    i.gattsc_context_store  device_manager_peripheral.o
    0x00006ecc   0x000000a4   Code   RO          590    i.gls_meas_encode   ble_gls.o
    0x00006f70   0x00000090   Code   RO          591    i.glucose_feature_char_add  ble_gls.o
    0x00007000   0x00000060   Code   RO          592    i.glucose_meas_send  ble_gls.o
    0x00007060   0x000000d0   Code   RO          593    i.glucose_measurement_char_add  ble_gls.o
    0x00007130   0x0000004c   Code   RO         1948    i.gpiote_event_handler  app_button.o
    0x0000717c   0x00000016   Code   RO         1493    i.gpiote_uart_event_handler  app_uart_fifo.o
    0x00007192   0x00000002   PAD
    0x00007194   0x00000018   Code   RO         6029    i.header_get        ser_phy_nrf51_spi_master.o
    0x000071ac   0x0000001c   Code   RO         6030    i.header_send       ser_phy_nrf51_spi_master.o
    0x000071c8   0x00000016   Code   RO         5041    i.int8_dec          ble_serialization.o
    0x000071de   0x00000002   PAD
    0x000071e0   0x00000084   Code   RO         6300    i.intern_softdevice_events_execute  softdevice_handler.o
    0x00007264   0x0000001c   Code   RO         1167    i.is_conn_params_ok  ble_conn_params.o
    0x00007280   0x00000048   Code   RO          477    i.is_manual_peripheral_setup_needed  system_nrf51.o
    0x000072c8   0x00000094   Code   RO          594    i.is_request_to_be_executed  ble_gls.o
    0x0000735c   0x0000000c   Code   RO         1750    i.is_word_aligned   pstorage_nosd.o
    0x00007368   0x00000018   Code   RO          336    i.leds_timer_handler  bsp.o
    0x00007380   0x00000030   Code   RO         5042    i.len16data_dec     ble_serialization.o
    0x000073b0   0x00000030   Code   RO         5043    i.len16data_enc     ble_serialization.o
    0x000073e0   0x00000030   Code   RO         5045    i.len8data_enc      ble_serialization.o
    0x00007410   0x00000094   Code   RO         2124    i.list_deletions_handler  app_timer.o
    0x000074a4   0x000000f0   Code   RO         2125    i.list_insertions_handler  app_timer.o
    0x00007594   0x0000018c   Code   RO           12    i.main              main.o
    0x00007720   0x00000064   Code   RO         1030    i.manuf_specific_data_encode  ble_advdata.o
    0x00007784   0x00000076   Code   RO         1031    i.name_encode       ble_advdata.o
    0x000077fa   0x00000004   Code   RO          798    i.no_service_context_apply  device_manager_peripheral.o
    0x000077fe   0x00000004   Code   RO          799    i.no_service_context_load  device_manager_peripheral.o
    0x00007802   0x00000004   Code   RO          800    i.no_service_context_store  device_manager_peripheral.o
    0x00007806   0x00000002   PAD
    0x00007808   0x0000001c   Code   RO         1453    i.nrf_delay_ms      nrf_delay.o
    0x00007824   0x00000060   Code   RO         1240    i.nrf_drv_common_irq_enable  nrf_drv_common.o
    0x00007884   0x0000008c   Code   RO         1275    i.nrf_drv_gpiote_in_event_enable  nrf_drv_gpiote.o
    0x00007910   0x00000094   Code   RO         1276    i.nrf_drv_gpiote_in_init  nrf_drv_gpiote.o
    0x000079a4   0x00000014   Code   RO         1277    i.nrf_drv_gpiote_in_is_set  nrf_drv_gpiote.o
    0x000079b8   0x00000050   Code   RO         1279    i.nrf_drv_gpiote_init  nrf_drv_gpiote.o
    0x00007a08   0x00000010   Code   RO         1280    i.nrf_drv_gpiote_is_init  nrf_drv_gpiote.o
    0x00007a18   0x00000098   Code   RO         1282    i.nrf_drv_gpiote_out_init  nrf_drv_gpiote.o
    0x00007ab0   0x00000020   Code   RO         1292    i.nrf_gpio_cfg_sense_set  nrf_drv_gpiote.o
    0x00007ad0   0x00000010   Code   RO         6031    i.nrf_gpio_pin_read  ser_phy_nrf51_spi_master.o
    0x00007ae0   0x00000010   Code   RO         1850    i.nrf_gpio_pin_set  spi_master.o
    0x00007af0   0x00000014   Code   RO         1293    i.nrf_gpiote_event_is_set  nrf_drv_gpiote.o
    0x00007b04   0x00000022   Code   RO           13    i.on_adv_evt        main.o
    0x00007b26   0x00000002   PAD
    0x00007b28   0x000000c8   Code   RO           14    i.on_ble_evt        main.o
    0x00007bf0   0x00000024   Code   RO           15    i.on_conn_params_evt  main.o
    0x00007c14   0x000000d8   Code   RO          595    i.on_racp_value_write  ble_gls.o
    0x00007cec   0x00000088   Code   RO         1494    i.on_uart_event     app_uart_fifo.o
    0x00007d74   0x00000016   Code   RO         1092    i.peer_address_exists  ble_advertising.o
    0x00007d8a   0x00000002   PAD
    0x00007d8c   0x00000038   Code   RO          801    i.peer_instance_init  device_manager_peripheral.o
    0x00007dc4   0x00000164   Code   RO         5960    i.phy_events_handler  ser_hal_transport.o
    0x00007f28   0x00000018   Code   RO         1294    i.pin_in_use_by_port  nrf_drv_gpiote.o
    0x00007f40   0x00000018   Code   RO         1295    i.pin_in_use_by_te  nrf_drv_gpiote.o
    0x00007f58   0x0000003e   Code   RO          550    i.pnp_id_encode     ble_dis.o
    0x00007f96   0x00000022   Code   RO         4811    i.power_system_off_req_enc  power_system_off.o
    0x00007fb8   0x0000000c   Code   RO         1751    i.pstorage_access_status_get  pstorage_nosd.o
    0x00007fc4   0x00000054   Code   RO         1752    i.pstorage_block_identifier_get  pstorage_nosd.o
    0x00008018   0x00000080   Code   RO         1753    i.pstorage_clear    pstorage_nosd.o
    0x00008098   0x00000024   Code   RO         1754    i.pstorage_flash_page_end  pstorage_nosd.o
    0x000080bc   0x0000000a   Code   RO         1755    i.pstorage_flash_page_size  pstorage_nosd.o
    0x000080c6   0x00000002   PAD
    0x000080c8   0x00000024   Code   RO         1756    i.pstorage_init     pstorage_nosd.o
    0x000080ec   0x00000098   Code   RO         1757    i.pstorage_load     pstorage_nosd.o
    0x00008184   0x000000ac   Code   RO         1758    i.pstorage_register  pstorage_nosd.o
    0x00008230   0x00000094   Code   RO         1759    i.pstorage_store    pstorage_nosd.o
    0x000082c4   0x00000002   Code   RO         1760    i.pstorage_sys_event_handler  pstorage_nosd.o
    0x000082c6   0x00000002   PAD
    0x000082c8   0x00000160   Code   RO         1761    i.pstorage_update   pstorage_nosd.o
    0x00008428   0x00000054   Code   RO          596    i.racp_report_records_first_last  ble_gls.o
    0x0000847c   0x00000054   Code   RO          597    i.racp_report_records_greater_or_equal  ble_gls.o
    0x000084d0   0x000000b0   Code   RO          598    i.racp_report_records_procedure  ble_gls.o
    0x00008580   0x00000024   Code   RO          599    i.racp_response_code_send  ble_gls.o
    0x000085a4   0x00000080   Code   RO          600    i.racp_send         ble_gls.o
    0x00008624   0x00000070   Code   RO           16    i.read_glucose_measurement  main.o
    0x00008694   0x000000ac   Code   RO          601    i.record_access_control_point_char_add  ble_gls.o
    0x00008740   0x00000090   Code   RO          602    i.report_num_records_request_execute  ble_gls.o
    0x000087d0   0x00000044   Code   RO         2126    i.rtc1_stop         app_timer.o
    0x00008814   0x00000006   Code   RO         1664    i.sd_app_evt_wait   nrf_soc.o
    0x0000881a   0x00000002   PAD
    0x0000881c   0x00000044   Code   RO         2366    i.sd_ble_enable     app_mw_ble.o
    0x00008860   0x0000002c   Code   RO         4970    i.sd_ble_evt_get    ser_softdevice_handler.o
    0x0000888c   0x00000054   Code   RO         2529    i.sd_ble_gap_adv_data_set  app_mw_ble_gap.o
    0x000088e0   0x00000040   Code   RO         2530    i.sd_ble_gap_adv_start  app_mw_ble_gap.o
    0x00008920   0x0000003c   Code   RO         2531    i.sd_ble_gap_adv_stop  app_mw_ble_gap.o
    0x0000895c   0x00000048   Code   RO         2532    i.sd_ble_gap_appearance_get  app_mw_ble_gap.o
    0x000089a4   0x00000040   Code   RO         2533    i.sd_ble_gap_appearance_set  app_mw_ble_gap.o
    0x000089e4   0x00000044   Code   RO         2535    i.sd_ble_gap_authenticate  app_mw_ble_gap.o
    0x00008a28   0x00000044   Code   RO         2536    i.sd_ble_gap_conn_param_update  app_mw_ble_gap.o
    0x00008a6c   0x0000004c   Code   RO         2540    i.sd_ble_gap_device_name_get  app_mw_ble_gap.o
    0x00008ab8   0x00000048   Code   RO         2541    i.sd_ble_gap_device_name_set  app_mw_ble_gap.o
    0x00008b00   0x00000044   Code   RO         2542    i.sd_ble_gap_disconnect  app_mw_ble_gap.o
    0x00008b44   0x00000048   Code   RO         2544    i.sd_ble_gap_ppcp_get  app_mw_ble_gap.o
    0x00008b8c   0x00000040   Code   RO         2545    i.sd_ble_gap_ppcp_set  app_mw_ble_gap.o
    0x00008bcc   0x00000054   Code   RO         2551    i.sd_ble_gap_sec_info_reply  app_mw_ble_gap.o
    0x00008c20   0x00000084   Code   RO         2552    i.sd_ble_gap_sec_params_reply  app_mw_ble_gap.o
    0x00008ca4   0x0000005c   Code   RO         2947    i.sd_ble_gatts_characteristic_add  app_mw_ble_gatts.o
    0x00008d00   0x00000050   Code   RO         2948    i.sd_ble_gatts_descriptor_add  app_mw_ble_gatts.o
    0x00008d50   0x00000054   Code   RO         2949    i.sd_ble_gatts_hvx  app_mw_ble_gatts.o
    0x00008da4   0x00000044   Code   RO         2951    i.sd_ble_gatts_rw_authorize_reply  app_mw_ble_gatts.o
    0x00008de8   0x00000050   Code   RO         2952    i.sd_ble_gatts_service_add  app_mw_ble_gatts.o
    0x00008e38   0x00000048   Code   RO         2953    i.sd_ble_gatts_service_changed  app_mw_ble_gatts.o
    0x00008e80   0x0000005c   Code   RO         2954    i.sd_ble_gatts_sys_attr_get  app_mw_ble_gatts.o
    0x00008edc   0x00000054   Code   RO         2955    i.sd_ble_gatts_sys_attr_set  app_mw_ble_gatts.o
    0x00008f30   0x00000050   Code   RO         2956    i.sd_ble_gatts_value_get  app_mw_ble_gatts.o
    0x00008f80   0x00000050   Code   RO         2957    i.sd_ble_gatts_value_set  app_mw_ble_gatts.o
    0x00008fd0   0x00000078   Code   RO         2370    i.sd_ble_user_mem_reply  app_mw_ble.o
    0x00009048   0x00000050   Code   RO         2372    i.sd_ble_uuid_encode  app_mw_ble.o
    0x00009098   0x00000004   Code   RO         4972    i.sd_evt_get        ser_softdevice_handler.o
    0x0000909c   0x00000014   Code   RO         1665    i.sd_nvic_ClearPendingIRQ  nrf_soc.o
    0x000090b0   0x00000014   Code   RO         1666    i.sd_nvic_DisableIRQ  nrf_soc.o
    0x000090c4   0x00000014   Code   RO         1667    i.sd_nvic_EnableIRQ  nrf_soc.o
    0x000090d8   0x00000048   Code   RO         1671    i.sd_nvic_SetPriority  nrf_soc.o
    0x00009120   0x00000020   Code   RO         1673    i.sd_nvic_critical_region_enter  nrf_soc.o
    0x00009140   0x00000018   Code   RO         1674    i.sd_nvic_critical_region_exit  nrf_soc.o
    0x00009158   0x0000003a   Code   RO         3123    i.sd_power_system_off  app_mw_nrf_soc.o
    0x00009192   0x00000002   PAD
    0x00009194   0x00000054   Code   RO         4974    i.sd_softdevice_enable  ser_softdevice_handler.o
    0x000091e8   0x00000048   Code   RO           17    i.sec_req_timeout_handler  main.o
    0x00009230   0x00000018   Code   RO         2340    i.sensorsim_init    sensorsim.o
    0x00009248   0x00000036   Code   RO         2341    i.sensorsim_measure  sensorsim.o
    0x0000927e   0x00000008   Code   RO         6182    i.ser_app_hal_delay  ser_app_hal_nrf51.o
    0x00009286   0x00000002   PAD
    0x00009288   0x00000030   Code   RO         6183    i.ser_app_hal_hw_init  ser_app_hal_nrf51.o
    0x000092b8   0x00000018   Code   RO         6184    i.ser_app_hal_nrf_evt_irq_priority_set  ser_app_hal_nrf51.o
    0x000092d0   0x00000010   Code   RO         6185    i.ser_app_hal_nrf_evt_pending  ser_app_hal_nrf51.o
    0x000092e0   0x00000010   Code   RO         6186    i.ser_app_hal_nrf_reset_pin_clear  ser_app_hal_nrf51.o
    0x000092f0   0x00000010   Code   RO         6187    i.ser_app_hal_nrf_reset_pin_set  ser_app_hal_nrf51.o
    0x00009300   0x0000000c   Code   RO         6262    i.ser_app_power_system_off_enter  ser_app_power_system_off.o
    0x0000930c   0x0000000c   Code   RO         6263    i.ser_app_power_system_off_get  ser_app_power_system_off.o
    0x00009318   0x0000000c   Code   RO         6264    i.ser_app_power_system_off_set  ser_app_power_system_off.o
    0x00009324   0x00000026   Code   RO         5048    i.ser_ble_cmd_rsp_dec  ble_serialization.o
    0x0000934a   0x0000003e   Code   RO         5049    i.ser_ble_cmd_rsp_result_code_dec  ble_serialization.o
    0x00009388   0x00000050   Code   RO         5734    i.ser_ble_gatts_char_pf_enc  ble_gatts_struct_serialization.o
    0x000093d8   0x00000044   Code   RO         5962    i.ser_hal_transport_open  ser_hal_transport.o
    0x0000941c   0x0000005c   Code   RO         5963    i.ser_hal_transport_rx_pkt_free  ser_hal_transport.o
    0x00009478   0x00000040   Code   RO         5964    i.ser_hal_transport_tx_pkt_alloc  ser_hal_transport.o
    0x000094b8   0x00000034   Code   RO         5965    i.ser_hal_transport_tx_pkt_free  ser_hal_transport.o
    0x000094ec   0x00000064   Code   RO         5966    i.ser_hal_transport_tx_pkt_send  ser_hal_transport.o
    0x00009550   0x00000080   Code   RO         6033    i.ser_phy_init_gpiote  ser_phy_nrf51_spi_master.o
    0x000095d0   0x00000010   Code   RO         6034    i.ser_phy_interrupts_disable  ser_phy_nrf51_spi_master.o
    0x000095e0   0x00000010   Code   RO         6035    i.ser_phy_interrupts_enable  ser_phy_nrf51_spi_master.o
    0x000095f0   0x0000008c   Code   RO         6036    i.ser_phy_open      ser_phy_nrf51_spi_master.o
    0x0000967c   0x0000002c   Code   RO         6037    i.ser_phy_rx_buf_set  ser_phy_nrf51_spi_master.o
    0x000096a8   0x0000001c   Code   RO         6038    i.ser_phy_spi_master_event_handler  ser_phy_nrf51_spi_master.o
    0x000096c4   0x00000024   Code   RO         6039    i.ser_phy_spi_master_ready  ser_phy_nrf51_spi_master.o
    0x000096e8   0x00000024   Code   RO         6040    i.ser_phy_spi_master_request  ser_phy_nrf51_spi_master.o
    0x0000970c   0x000001d4   Code   RO         6041    i.ser_phy_switch_state  ser_phy_nrf51_spi_master.o
    0x000098e0   0x00000040   Code   RO         6042    i.ser_phy_tx_pkt_send  ser_phy_nrf51_spi_master.o
    0x00009920   0x00000010   Code   RO         4975    i.ser_sd_rsp_wait   ser_softdevice_handler.o
    0x00009930   0x00000044   Code   RO         4897    i.ser_sd_transport_cmd_write  ser_sd_transport.o
    0x00009974   0x0000003c   Code   RO         4898    i.ser_sd_transport_hal_handler  ser_sd_transport.o
    0x000099b0   0x0000000c   Code   RO         4899    i.ser_sd_transport_is_busy  ser_sd_transport.o
    0x000099bc   0x00000028   Code   RO         4900    i.ser_sd_transport_open  ser_sd_transport.o
    0x000099e4   0x0000000a   Code   RO         4902    i.ser_sd_transport_rx_free  ser_sd_transport.o
    0x000099ee   0x00000002   PAD
    0x000099f0   0x00000060   Code   RO         4903    i.ser_sd_transport_rx_packet_handler  ser_sd_transport.o
    0x00009a50   0x00000018   Code   RO         4904    i.ser_sd_transport_tx_alloc  ser_sd_transport.o
    0x00009a68   0x00000054   Code   RO         4976    i.ser_softdevice_evt_handler  ser_softdevice_handler.o
    0x00009abc   0x0000007c   Code   RO         1032    i.service_data_encode  ble_advdata.o
    0x00009b38   0x0000000c   Code   RO           18    i.service_error_handler  main.o
    0x00009b44   0x000000fc   Code   RO           19    i.services_init     main.o
    0x00009c40   0x00000036   Code   RO           20    i.sleep_mode_enter  main.o
    0x00009c76   0x0000000c   Code   RO         6301    i.softdevice_assertion_handler  softdevice_handler.o
    0x00009c82   0x00000002   PAD
    0x00009c84   0x00000014   Code   RO         6302    i.softdevice_ble_evt_handler_set  softdevice_handler.o
    0x00009c98   0x00000034   Code   RO         6303    i.softdevice_handler_init  softdevice_handler.o
    0x00009ccc   0x00000014   Code   RO         6305    i.softdevice_sys_evt_handler_set  softdevice_handler.o
    0x00009ce0   0x00000048   Code   RO         1851    i.spi_master_buffer_init  spi_master.o
    0x00009d28   0x00000028   Code   RO         1852    i.spi_master_buffer_release  spi_master.o
    0x00009d50   0x0000001a   Code   RO         1926    i.spi_master_evt_handler_reg  spi_master.o
    0x00009d6a   0x00000002   PAD
    0x00009d6c   0x00000010   Code   RO         1854    i.spi_master_get_instance  spi_master.o
    0x00009d7c   0x0000003a   Code   RO         1855    i.spi_master_init_hw_instance  spi_master.o
    0x00009db6   0x00000002   PAD
    0x00009db8   0x00000114   Code   RO         1856    i.spi_master_open   spi_master.o
    0x00009ecc   0x00000012   Code   RO         6043    i.spi_master_raw_assert  ser_phy_nrf51_spi_master.o
    0x00009ede   0x00000002   PAD
    0x00009ee0   0x00000120   Code   RO         1857    i.spi_master_send_recv  spi_master.o
    0x0000a000   0x000000aa   Code   RO         1858    i.spi_master_send_recv_irq  spi_master.o
    0x0000a0aa   0x00000002   PAD
    0x0000a0ac   0x00000034   Code   RO         1859    i.spi_master_signal_evt  spi_master.o
    0x0000a0e0   0x00000004   Code   RO          802    i.storage_operation_dummy_handler  device_manager_peripheral.o
    0x0000a0e4   0x00000010   Code   RO           21    i.sys_evt_dispatch  main.o
    0x0000a0f4   0x00000056   Code   RO          551    i.sys_id_encode     ble_dis.o
    0x0000a14a   0x00000002   PAD
    0x0000a14c   0x00000010   Code   RO         2127    i.timer_list_handler_sched  app_timer.o
    0x0000a15c   0x00000064   Code   RO         2128    i.timer_list_insert  app_timer.o
    0x0000a1c0   0x00000070   Code   RO         2129    i.timer_list_remove  app_timer.o
    0x0000a230   0x00000080   Code   RO         2130    i.timer_timeouts_check  app_timer.o
    0x0000a2b0   0x0000005c   Code   RO           22    i.timers_init       main.o
    0x0000a30c   0x00000020   Code   RO         2375    i.tx_buf_alloc      app_mw_ble.o
    0x0000a32c   0x0000001e   Code   RO         2554    i.tx_buf_alloc      app_mw_ble_gap.o
    0x0000a34a   0x0000001e   Code   RO         2958    i.tx_buf_alloc      app_mw_ble_gatts.o
    0x0000a368   0x0000001e   Code   RO         3125    i.tx_buf_alloc      app_mw_nrf_soc.o
    0x0000a386   0x00000018   Code   RO           23    i.uart_error_handle  main.o
    0x0000a39e   0x0000001e   Code   RO         5051    i.uint16_dec        ble_serialization.o
    0x0000a3bc   0x0000000a   Code   RO          603    i.uint16_encode     ble_gls.o
    0x0000a3c6   0x0000000a   Code   RO         1033    i.uint16_encode     ble_advdata.o
    0x0000a3d0   0x0000000a   Code   RO         3497    i.uint16_encode     ble_gap_conn_param_update.o
    0x0000a3da   0x0000000a   Code   RO         3845    i.uint16_encode     ble_gap_ppcp_set.o
    0x0000a3e4   0x0000000a   Code   RO         4434    i.uint16_encode     ble_gatts_hvx.o
    0x0000a3ee   0x00000024   Code   RO         5052    i.uint16_t_dec      ble_serialization.o
    0x0000a412   0x00000022   Code   RO         5053    i.uint16_t_enc      ble_serialization.o
    0x0000a434   0x00000014   Code   RO         5054    i.uint32_decode     ble_serialization.o
    0x0000a448   0x00000012   Code   RO         5055    i.uint32_encode     ble_serialization.o
    0x0000a45a   0x00000032   Code   RO         5057    i.uint32_t_enc      ble_serialization.o
    0x0000a48c   0x00000016   Code   RO         5058    i.uint8_dec         ble_serialization.o
    0x0000a4a2   0x0000001a   Code   RO         5059    i.uint8_t_dec       ble_serialization.o
    0x0000a4bc   0x0000001a   Code   RO         5060    i.uint8_t_enc       ble_serialization.o
    0x0000a4d6   0x00000030   Code   RO         5061    i.uint8_vector_dec  ble_serialization.o
    0x0000a506   0x00000002   PAD
    0x0000a508   0x00000014   Code   RO          803    i.update_status_bit_reset  device_manager_peripheral.o
    0x0000a51c   0x00000068   Code   RO         1168    i.update_timeout_handler  ble_conn_params.o
    0x0000a584   0x00000054   Code   RO         2131    i.user_id_get       app_timer.o
    0x0000a5d8   0x00000034   Code   RO         2377    i.user_mem_reply_rsp_dec  app_mw_ble.o
    0x0000a60c   0x00000024   Code   RO         2132    i.user_op_alloc     app_timer.o
    0x0000a630   0x00000024   Code   RO         2379    i.uuid_encode_rsp_dec  app_mw_ble.o
    0x0000a654   0x00000026   Code   RO         1034    i.uuid_list_encode  ble_advdata.o
    0x0000a67a   0x000000a6   Code   RO         1035    i.uuid_list_sized_encode  ble_advdata.o
    0x0000a720   0x00000010   Code   RO         1093    i.whitelist_has_entries  ble_advertising.o
    0x0000a730   0x0000000c   Data   RO           25    .constdata          main.o
    0x0000a73c   0x00000030   Data   RO          338    .constdata          bsp.o
    0x0000a76c   0x00000030   Data   RO          805    .constdata          device_manager_peripheral.o
    0x0000a79c   0x00000008   Data   RO         1496    .constdata          app_uart_fifo.o
    0x0000a7a4   0x00000004   Data   RO         1861    .constdata          spi_master.o
    0x0000a7a8   0x00000004   Data   RO         1949    .constdata          app_button.o
    0x0000a7ac   0x0000000c   Data   RO         4978    .constdata          ser_softdevice_handler.o
    0x0000a7b8   0x00000020   Data   RO         6045    .constdata          ser_phy_nrf51_spi_master.o
    0x0000a7d8   0x00000020   Data   RO         6672    Region$$Table       anon$$obj.o


    Execution Region RW_IRAM1 (Base: 0x20000000, Size: 0x00001ac8, Max: 0x00008000, ABSOLUTE, COMPRESSED[0x00000028])

    Base Addr    Size         Type   Attr      Idx    E Section Name        Object

    0x20000000   0x0000002c   Data   RW           26    .data               main.o
    0x2000002c   0x00000020   Data   RW          339    .data               bsp.o
    0x2000004c   0x00000008   Data   RW          433    .data               bsp_btn_ble.o
    0x20000054   0x00000004   Data   RW          478    .data               system_nrf51.o
    0x20000058   0x0000004a   Data   RW          552    .data               ble_dis.o
    0x200000a2   0x00000002   PAD
    0x200000a4   0x00000014   Data   RW          604    .data               ble_gls.o
    0x200000b8   0x00000002   Data   RW          706    .data               ble_gls_db.o
    0x200000ba   0x00000002   PAD
    0x200000bc   0x00000018   Data   RW          807    .data               device_manager_peripheral.o
    0x200000d4   0x0000001f   Data   RW         1095    .data               ble_advertising.o
    0x200000f3   0x00000001   PAD
    0x200000f4   0x00000018   Data   RW         1170    .data               ble_conn_params.o
    0x2000010c   0x00000008   Data   RW         1497    .data               app_uart_fifo.o
    0x20000114   0x00000001   Data   RW         1597    .data               ble_flash.o
    0x20000115   0x00000001   Data   RW         1675    .data               nrf_soc.o
    0x20000116   0x00000002   PAD
    0x20000118   0x0000000c   Data   RW         1763    .data               pstorage_nosd.o
    0x20000124   0x00000018   Data   RW         1950    .data               app_button.o
    0x2000013c   0x00000024   Data   RW         2133    .data               app_timer.o
    0x20000160   0x00000004   Data   RW         2276    .data               app_util_platform.o
    0x20000164   0x00000004   Data   RW         2310    .data               retarget.o
    0x20000168   0x0000000c   Data   RW         2383    .data               app_mw_ble.o
    0x20000174   0x0000000c   Data   RW         2555    .data               app_mw_ble_gap.o
    0x20000180   0x00000020   Data   RW         4906    .data               ser_sd_transport.o
    0x200001a0   0x00000004   Data   RW         4979    .data               ser_softdevice_handler.o
    0x200001a4   0x00000008   Data   RW         5968    .data               ser_hal_transport.o
    0x200001ac   0x00000028   Data   RW         6046    .data               ser_phy_nrf51_spi_master.o
    0x200001d4   0x00000001   Data   RW         6265    .data               ser_app_power_system_off.o
    0x200001d5   0x00000003   PAD
    0x200001d8   0x00000014   Data   RW         6306    .data               softdevice_handler.o
    0x200001ec   0x000004a8   Zero   RW           24    .bss                main.o
    0x20000694   0x0000000c   Zero   RW          337    .bss                bsp.o
    0x200006a0   0x00000384   Zero   RW          705    .bss                ble_gls_db.o
    0x20000a24   0x0000012b   Zero   RW          804    .bss                device_manager_peripheral.o
    0x20000b4f   0x00000001   PAD
    0x20000b50   0x000000f7   Zero   RW         1094    .bss                ble_advertising.o
    0x20000c47   0x00000001   PAD
    0x20000c48   0x0000001c   Zero   RW         1169    .bss                ble_conn_params.o
    0x20000c64   0x00000054   Zero   RW         1296    .bss                nrf_drv_gpiote.o
    0x20000cb8   0x00000020   Zero   RW         1495    .bss                app_uart_fifo.o
    0x20000cd8   0x00000010   Zero   RW         1762    .bss                pstorage_nosd.o
    0x20000ce8   0x00000028   Zero   RW         1860    .bss                spi_master.o
    0x20000d10   0x0000000c   Zero   RW         2382    .bss                app_mw_ble.o
    0x20000d1c   0x0000000c   Zero   RW         2959    .bss                app_mw_ble_gatts.o
    0x20000d28   0x0000001c   Zero   RW         3169    .bss                app_ble_gap_sec_keys.o
    0x20000d44   0x0000000c   Zero   RW         3204    .bss                app_ble_user_mem.o
    0x20000d50   0x00000174   Zero   RW         4977    .bss                ser_softdevice_handler.o
    0x20000ec4   0x00000300   Zero   RW         5967    .bss                ser_hal_transport.o
    0x200011c4   0x000000ff   Zero   RW         6044    .bss                ser_phy_nrf51_spi_master.o
    0x200012c3   0x00000005   PAD
    0x200012c8   0x00000800   Zero   RW          466    STACK               arm_startup_nrf51.o

